{
    "convert FASTQ to BAM": {
        "content": [
            {
                "0": [
                    [
                        {
                            "id": "test_bam"
                        },
                        "/genomic-medicine-sweden/test-datasets/f16b1fe5c410aa1a50d71126673f39de147b9eea/testdata/HG002_PacBio_Revio.bam"
                    ],
                    [
                        {
                            "id": "test_fastq"
                        },
                        "test_fastq.bam:md5,ca2d9f4b73085ade55f4065ee928cb91"
                    ]
                ],
                "1": [
                    [
                        {
                            "id": "test_fastq"
                        },
                        "/genomic-medicine-sweden/test-datasets/f16b1fe5c410aa1a50d71126673f39de147b9eea/testdata/HG002_ONT.fastq.gz"
                    ]
                ],
                "2": [
                    "versions.yml:md5,554dd844e0c22e8a803f41b0b893a49f"
                ],
                "bam": [
                    [
                        {
                            "id": "test_bam"
                        },
                        "/genomic-medicine-sweden/test-datasets/f16b1fe5c410aa1a50d71126673f39de147b9eea/testdata/HG002_PacBio_Revio.bam"
                    ],
                    [
                        {
                            "id": "test_fastq"
                        },
                        "test_fastq.bam:md5,ca2d9f4b73085ade55f4065ee928cb91"
                    ]
                ],
                "fastq": [
                    [
                        {
                            "id": "test_fastq"
                        },
                        "/genomic-medicine-sweden/test-datasets/f16b1fe5c410aa1a50d71126673f39de147b9eea/testdata/HG002_ONT.fastq.gz"
                    ]
                ],
                "versions": [
                    "versions.yml:md5,554dd844e0c22e8a803f41b0b893a49f"
                ]
            }
        ],
        "meta": {
            "nf-test": "0.9.2",
            "nextflow": "25.04.5"
        },
        "timestamp": "2025-12-08T17:32:45.269651797"
    },
    "convert BAM to FASTQ": {
        "content": [
            {
                "0": [
                    [
                        {
                            "id": "test_bam"
                        },
                        "/genomic-medicine-sweden/test-datasets/f16b1fe5c410aa1a50d71126673f39de147b9eea/testdata/HG002_PacBio_Revio.bam"
                    ]
                ],
                "1": [
                    [
                        {
                            "id": "test_bam"
                        },
                        "test_bam_other.fastq.gz:md5,2fa73c97ae6f3493c309287224ae6a9c"
                    ],
                    [
                        {
                            "id": "test_fastq"
                        },
                        "/genomic-medicine-sweden/test-datasets/f16b1fe5c410aa1a50d71126673f39de147b9eea/testdata/HG002_ONT.fastq.gz"
                    ]
                ],
                "2": [
                    "versions.yml:md5,acef923390f1b5290089096ef6f1d991"
                ],
                "bam": [
                    [
                        {
                            "id": "test_bam"
                        },
                        "/genomic-medicine-sweden/test-datasets/f16b1fe5c410aa1a50d71126673f39de147b9eea/testdata/HG002_PacBio_Revio.bam"
                    ]
                ],
                "fastq": [
                    [
                        {
                            "id": "test_bam"
                        },
                        "test_bam_other.fastq.gz:md5,2fa73c97ae6f3493c309287224ae6a9c"
                    ],
                    [
                        {
                            "id": "test_fastq"
                        },
                        "/genomic-medicine-sweden/test-datasets/f16b1fe5c410aa1a50d71126673f39de147b9eea/testdata/HG002_ONT.fastq.gz"
                    ]
                ],
                "versions": [
                    "versions.yml:md5,acef923390f1b5290089096ef6f1d991"
                ]
            }
        ],
        "meta": {
            "nf-test": "0.9.2",
            "nextflow": "25.04.5"
        },
        "timestamp": "2025-12-08T17:32:29.956734554"
    },
    "convert BAM to FASTQ and FASTQ to BAM": {
        "content": [
            {
                "0": [
                    [
                        {
                            "id": "test_bam"
                        },
                        "/genomic-medicine-sweden/test-datasets/f16b1fe5c410aa1a50d71126673f39de147b9eea/testdata/HG002_PacBio_Revio.bam"
                    ],
                    [
                        {
                            "id": "test_fastq"
                        },
                        "test_fastq.bam:md5,ca2d9f4b73085ade55f4065ee928cb91"
                    ]
                ],
                "1": [
                    [
                        {
                            "id": "test_bam"
                        },
                        "test_bam_other.fastq.gz:md5,2fa73c97ae6f3493c309287224ae6a9c"
                    ],
                    [
                        {
                            "id": "test_fastq"
                        },
                        "/genomic-medicine-sweden/test-datasets/f16b1fe5c410aa1a50d71126673f39de147b9eea/testdata/HG002_ONT.fastq.gz"
                    ]
                ],
                "2": [
                    "versions.yml:md5,554dd844e0c22e8a803f41b0b893a49f",
                    "versions.yml:md5,acef923390f1b5290089096ef6f1d991"
                ],
                "bam": [
                    [
                        {
                            "id": "test_bam"
                        },
                        "/genomic-medicine-sweden/test-datasets/f16b1fe5c410aa1a50d71126673f39de147b9eea/testdata/HG002_PacBio_Revio.bam"
                    ],
                    [
                        {
                            "id": "test_fastq"
                        },
                        "test_fastq.bam:md5,ca2d9f4b73085ade55f4065ee928cb91"
                    ]
                ],
                "fastq": [
                    [
                        {
                            "id": "test_bam"
                        },
                        "test_bam_other.fastq.gz:md5,2fa73c97ae6f3493c309287224ae6a9c"
                    ],
                    [
                        {
                            "id": "test_fastq"
                        },
                        "/genomic-medicine-sweden/test-datasets/f16b1fe5c410aa1a50d71126673f39de147b9eea/testdata/HG002_ONT.fastq.gz"
                    ]
                ],
                "versions": [
                    "versions.yml:md5,554dd844e0c22e8a803f41b0b893a49f",
                    "versions.yml:md5,acef923390f1b5290089096ef6f1d991"
                ]
            }
        ],
        "meta": {
            "nf-test": "0.9.2",
            "nextflow": "25.04.5"
        },
        "timestamp": "2025-12-08T17:33:01.533776295"
    },
    "convert neither BAM to FASTQ nor FASTQ to BAM": {
        "content": [
            {
                "0": [
                    [
                        {
                            "id": "test_bam"
                        },
                        "/genomic-medicine-sweden/test-datasets/f16b1fe5c410aa1a50d71126673f39de147b9eea/testdata/HG002_PacBio_Revio.bam"
                    ]
                ],
                "1": [
                    [
                        {
                            "id": "test_fastq"
                        },
                        "/genomic-medicine-sweden/test-datasets/f16b1fe5c410aa1a50d71126673f39de147b9eea/testdata/HG002_ONT.fastq.gz"
                    ]
                ],
                "2": [
                    
                ],
                "bam": [
                    [
                        {
                            "id": "test_bam"
                        },
                        "/genomic-medicine-sweden/test-datasets/f16b1fe5c410aa1a50d71126673f39de147b9eea/testdata/HG002_PacBio_Revio.bam"
                    ]
                ],
                "fastq": [
                    [
                        {
                            "id": "test_fastq"
                        },
                        "/genomic-medicine-sweden/test-datasets/f16b1fe5c410aa1a50d71126673f39de147b9eea/testdata/HG002_ONT.fastq.gz"
                    ]
                ],
                "versions": [
                    
                ]
            }
        ],
        "meta": {
            "nf-test": "0.9.2",
            "nextflow": "25.04.5"
        },
        "timestamp": "2025-12-08T17:33:15.256733166"
    },
    "convert BAM to FASTQ and FASTQ to BAM -stub": {
        "content": [
            {
                "0": [
                    [
                        {
                            "id": "test_bam"
                        },
                        "/genomic-medicine-sweden/test-datasets/f16b1fe5c410aa1a50d71126673f39de147b9eea/testdata/HG002_PacBio_Revio.bam"
                    ],
                    [
                        {
                            "id": "test_fastq"
                        },
                        "test_fastq.bam:md5,d41d8cd98f00b204e9800998ecf8427e"
                    ]
                ],
                "1": [
                    [
                        {
                            "id": "test_bam"
                        },
                        "test_bam_other.fastq.gz:md5,68b329da9893e34099c7d8ad5cb9c940"
                    ],
                    [
                        {
                            "id": "test_fastq"
                        },
                        "/genomic-medicine-sweden/test-datasets/f16b1fe5c410aa1a50d71126673f39de147b9eea/testdata/HG002_ONT.fastq.gz"
                    ]
                ],
                "2": [
                    "versions.yml:md5,554dd844e0c22e8a803f41b0b893a49f",
                    "versions.yml:md5,acef923390f1b5290089096ef6f1d991"
                ],
                "bam": [
                    [
                        {
                            "id": "test_bam"
                        },
                        "/genomic-medicine-sweden/test-datasets/f16b1fe5c410aa1a50d71126673f39de147b9eea/testdata/HG002_PacBio_Revio.bam"
                    ],
                    [
                        {
                            "id": "test_fastq"
                        },
                        "test_fastq.bam:md5,d41d8cd98f00b204e9800998ecf8427e"
                    ]
                ],
                "fastq": [
                    [
                        {
                            "id": "test_bam"
                        },
                        "test_bam_other.fastq.gz:md5,68b329da9893e34099c7d8ad5cb9c940"
                    ],
                    [
                        {
                            "id": "test_fastq"
                        },
                        "/genomic-medicine-sweden/test-datasets/f16b1fe5c410aa1a50d71126673f39de147b9eea/testdata/HG002_ONT.fastq.gz"
                    ]
                ],
                "versions": [
                    "versions.yml:md5,554dd844e0c22e8a803f41b0b893a49f",
                    "versions.yml:md5,acef923390f1b5290089096ef6f1d991"
                ]
            }
        ],
        "meta": {
            "nf-test": "0.9.2",
            "nextflow": "25.04.5"
        },
        "timestamp": "2025-12-08T17:33:30.491414448"
    }
}