{
    "convert FASTQ to BAM": {
        "content": [
            {
                "0": [
                    [
                        {
                            "id": "test_bam"
                        },
                        "/genomic-medicine-sweden/test-datasets/08e29a527c2fe77bdc914a7a830948f1d20390fc/testdata/HG002_PacBio_Revio.bam"
                    ],
                    [
                        {
                            "id": "test_fastq"
                        },
                        "test_fastq.bam:md5,e8ad87a82bb7eb7d66ac95ea8302c81e"
                    ]
                ],
                "1": [
                    [
                        {
                            "id": "test_fastq"
                        },
                        "/genomic-medicine-sweden/test-datasets/08e29a527c2fe77bdc914a7a830948f1d20390fc/testdata/HG002_ONT.fastq.gz"
                    ]
                ],
                "bam": [
                    [
                        {
                            "id": "test_bam"
                        },
                        "/genomic-medicine-sweden/test-datasets/08e29a527c2fe77bdc914a7a830948f1d20390fc/testdata/HG002_PacBio_Revio.bam"
                    ],
                    [
                        {
                            "id": "test_fastq"
                        },
                        "test_fastq.bam:md5,e8ad87a82bb7eb7d66ac95ea8302c81e"
                    ]
                ],
                "fastq": [
                    [
                        {
                            "id": "test_fastq"
                        },
                        "/genomic-medicine-sweden/test-datasets/08e29a527c2fe77bdc914a7a830948f1d20390fc/testdata/HG002_ONT.fastq.gz"
                    ]
                ]
            }
        ],
        "timestamp": "2026-06-30T17:59:25.216109998",
        "meta": {
            "nf-test": "0.9.5",
            "nextflow": "26.03.4"
        }
    },
    "convert BAM to FASTQ": {
        "content": [
            {
                "0": [
                    [
                        {
                            "id": "test_bam"
                        },
                        "/genomic-medicine-sweden/test-datasets/08e29a527c2fe77bdc914a7a830948f1d20390fc/testdata/HG002_PacBio_Revio.bam"
                    ]
                ],
                "1": [
                    [
                        {
                            "id": "test_bam"
                        },
                        "test_bam_other.fastq.gz:md5,740d18800b0a55755dcf3682eed2a731"
                    ],
                    [
                        {
                            "id": "test_fastq"
                        },
                        "/genomic-medicine-sweden/test-datasets/08e29a527c2fe77bdc914a7a830948f1d20390fc/testdata/HG002_ONT.fastq.gz"
                    ]
                ],
                "bam": [
                    [
                        {
                            "id": "test_bam"
                        },
                        "/genomic-medicine-sweden/test-datasets/08e29a527c2fe77bdc914a7a830948f1d20390fc/testdata/HG002_PacBio_Revio.bam"
                    ]
                ],
                "fastq": [
                    [
                        {
                            "id": "test_bam"
                        },
                        "test_bam_other.fastq.gz:md5,740d18800b0a55755dcf3682eed2a731"
                    ],
                    [
                        {
                            "id": "test_fastq"
                        },
                        "/genomic-medicine-sweden/test-datasets/08e29a527c2fe77bdc914a7a830948f1d20390fc/testdata/HG002_ONT.fastq.gz"
                    ]
                ]
            }
        ],
        "timestamp": "2026-06-30T17:59:17.238395913",
        "meta": {
            "nf-test": "0.9.5",
            "nextflow": "26.03.4"
        }
    },
    "convert BAM to FASTQ and FASTQ to BAM": {
        "content": [
            {
                "0": [
                    [
                        {
                            "id": "test_bam"
                        },
                        "/genomic-medicine-sweden/test-datasets/08e29a527c2fe77bdc914a7a830948f1d20390fc/testdata/HG002_PacBio_Revio.bam"
                    ],
                    [
                        {
                            "id": "test_fastq"
                        },
                        "test_fastq.bam:md5,e8ad87a82bb7eb7d66ac95ea8302c81e"
                    ]
                ],
                "1": [
                    [
                        {
                            "id": "test_bam"
                        },
                        "test_bam_other.fastq.gz:md5,740d18800b0a55755dcf3682eed2a731"
                    ],
                    [
                        {
                            "id": "test_fastq"
                        },
                        "/genomic-medicine-sweden/test-datasets/08e29a527c2fe77bdc914a7a830948f1d20390fc/testdata/HG002_ONT.fastq.gz"
                    ]
                ],
                "bam": [
                    [
                        {
                            "id": "test_bam"
                        },
                        "/genomic-medicine-sweden/test-datasets/08e29a527c2fe77bdc914a7a830948f1d20390fc/testdata/HG002_PacBio_Revio.bam"
                    ],
                    [
                        {
                            "id": "test_fastq"
                        },
                        "test_fastq.bam:md5,e8ad87a82bb7eb7d66ac95ea8302c81e"
                    ]
                ],
                "fastq": [
                    [
                        {
                            "id": "test_bam"
                        },
                        "test_bam_other.fastq.gz:md5,740d18800b0a55755dcf3682eed2a731"
                    ],
                    [
                        {
                            "id": "test_fastq"
                        },
                        "/genomic-medicine-sweden/test-datasets/08e29a527c2fe77bdc914a7a830948f1d20390fc/testdata/HG002_ONT.fastq.gz"
                    ]
                ]
            }
        ],
        "timestamp": "2026-06-30T17:59:37.200685115",
        "meta": {
            "nf-test": "0.9.5",
            "nextflow": "26.03.4"
        }
    },
    "convert neither BAM to FASTQ nor FASTQ to BAM": {
        "content": [
            {
                "0": [
                    [
                        {
                            "id": "test_bam"
                        },
                        "/genomic-medicine-sweden/test-datasets/08e29a527c2fe77bdc914a7a830948f1d20390fc/testdata/HG002_PacBio_Revio.bam"
                    ]
                ],
                "1": [
                    [
                        {
                            "id": "test_fastq"
                        },
                        "/genomic-medicine-sweden/test-datasets/08e29a527c2fe77bdc914a7a830948f1d20390fc/testdata/HG002_ONT.fastq.gz"
                    ]
                ],
                "bam": [
                    [
                        {
                            "id": "test_bam"
                        },
                        "/genomic-medicine-sweden/test-datasets/08e29a527c2fe77bdc914a7a830948f1d20390fc/testdata/HG002_PacBio_Revio.bam"
                    ]
                ],
                "fastq": [
                    [
                        {
                            "id": "test_fastq"
                        },
                        "/genomic-medicine-sweden/test-datasets/08e29a527c2fe77bdc914a7a830948f1d20390fc/testdata/HG002_ONT.fastq.gz"
                    ]
                ]
            }
        ],
        "timestamp": "2026-06-30T17:59:47.298385945",
        "meta": {
            "nf-test": "0.9.5",
            "nextflow": "26.03.4"
        }
    },
    "convert BAM to FASTQ and FASTQ to BAM -stub": {
        "content": [
            {
                "0": [
                    [
                        {
                            "id": "test_bam"
                        },
                        "/genomic-medicine-sweden/test-datasets/08e29a527c2fe77bdc914a7a830948f1d20390fc/testdata/HG002_PacBio_Revio.bam"
                    ],
                    [
                        {
                            "id": "test_fastq"
                        },
                        "test_fastq.bam:md5,d41d8cd98f00b204e9800998ecf8427e"
                    ]
                ],
                "1": [
                    [
                        {
                            "id": "test_bam"
                        },
                        "test_bam_other.fastq.gz:md5,68b329da9893e34099c7d8ad5cb9c940"
                    ],
                    [
                        {
                            "id": "test_fastq"
                        },
                        "/genomic-medicine-sweden/test-datasets/08e29a527c2fe77bdc914a7a830948f1d20390fc/testdata/HG002_ONT.fastq.gz"
                    ]
                ],
                "bam": [
                    [
                        {
                            "id": "test_bam"
                        },
                        "/genomic-medicine-sweden/test-datasets/08e29a527c2fe77bdc914a7a830948f1d20390fc/testdata/HG002_PacBio_Revio.bam"
                    ],
                    [
                        {
                            "id": "test_fastq"
                        },
                        "test_fastq.bam:md5,d41d8cd98f00b204e9800998ecf8427e"
                    ]
                ],
                "fastq": [
                    [
                        {
                            "id": "test_bam"
                        },
                        "test_bam_other.fastq.gz:md5,68b329da9893e34099c7d8ad5cb9c940"
                    ],
                    [
                        {
                            "id": "test_fastq"
                        },
                        "/genomic-medicine-sweden/test-datasets/08e29a527c2fe77bdc914a7a830948f1d20390fc/testdata/HG002_ONT.fastq.gz"
                    ]
                ]
            }
        ],
        "timestamp": "2026-06-30T17:59:58.54417892",
        "meta": {
            "nf-test": "0.9.5",
            "nextflow": "26.03.4"
        }
    }
}