{
    "2 samples, 1 family - merge sniffes,hificnv,severus,sawfish with trf bed, run all callers and filter, force sawfish single sample joint-call": {
        "content": [
            [
                [
                    "family_caller_vcf:",
                    {
                        "id": "family",
                        "sv_caller": "hificnv"
                    },
                    "hificnv_svdb_merge_by_caller.vcf.gz",
                    "VcfFile [chromosomes=[chr16], sampleCount=2, variantCount=2, phased=false, phasedAutodetect=false]",
                    "ad6c54415de0f02b4be3f3411ddfc3eb"
                ],
                [
                    "family_caller_vcf:",
                    {
                        "id": "family",
                        "sv_caller": "sawfish"
                    },
                    "sawfish_svdb_merge_by_caller.vcf.gz",
                    "VcfFile [chromosomes=[chr16], sampleCount=2, variantCount=2, phased=false, phasedAutodetect=false]",
                    "1c8c018633073987f1979a23ea4dc0d8"
                ],
                [
                    "family_caller_vcf:",
                    {
                        "id": "family",
                        "sv_caller": "severus"
                    },
                    "severus_svdb_merge_by_caller.vcf.gz",
                    "VcfFile [chromosomes=[chr16], sampleCount=2, variantCount=1, phased=false, phasedAutodetect=false]",
                    "614cca94757871a3e1af9cb9735390d4"
                ],
                [
                    "family_caller_vcf:",
                    {
                        "id": "family",
                        "sv_caller": "sniffles"
                    },
                    "sniffles_svdb_merge_by_caller.vcf.gz",
                    "VcfFile [chromosomes=[chr16], sampleCount=2, variantCount=1, phased=false, phasedAutodetect=false]",
                    "5dbae080101487104ec8ea6928141565"
                ]
            ],
            [
                [
                    "family_vcf:",
                    {
                        "id": "family"
                    },
                    "family_svdb_merge_by_family.vcf.gz",
                    "VcfFile [chromosomes=[chr16], sampleCount=2, variantCount=6, phased=false, phasedAutodetect=false]",
                    "9205ed108d1a86c5ab69e3fa84218276"
                ]
            ],
            [
                "versions.yml:md5,0736cf2ee751b8ef948bae27947436a6",
                "versions.yml:md5,0736cf2ee751b8ef948bae27947436a6",
                "versions.yml:md5,0f354889dbf9366e45eab89606edeb47",
                "versions.yml:md5,0f354889dbf9366e45eab89606edeb47",
                "versions.yml:md5,724dca85aa4c092f5634625403a4e7ab",
                "versions.yml:md5,724dca85aa4c092f5634625403a4e7ab"
            ]
        ],
        "timestamp": "2026-03-20T11:07:18.611279614",
        "meta": {
            "nf-test": "0.9.4",
            "nextflow": "26.03.0"
        }
    },
    "1 sample, 1 family - sniffles": {
        "content": [
            [
                [
                    "family_caller_vcf:",
                    {
                        "id": "family",
                        "sv_caller": "sniffles"
                    },
                    "sniffles_svdb_merge_by_caller.vcf.gz",
                    "VcfFile [chromosomes=[chrX, chr16, chr17, chr20], sampleCount=1, variantCount=19, phased=false, phasedAutodetect=false]",
                    "bb3776d3b06546280653984c5b088c92"
                ]
            ],
            [
                [
                    "family_vcf:",
                    {
                        "id": "family"
                    },
                    "family_svdb_merge_by_family.vcf.gz",
                    "VcfFile [chromosomes=[chrX, chr16, chr17, chr20], sampleCount=1, variantCount=19, phased=false, phasedAutodetect=false]",
                    "e6807254390d6c6497f8614af9817b0b"
                ]
            ],
            [
                "versions.yml:md5,0736cf2ee751b8ef948bae27947436a6"
            ]
        ],
        "timestamp": "2026-03-19T17:10:31.093033139",
        "meta": {
            "nf-test": "0.9.4",
            "nextflow": "26.03.0"
        }
    },
    "1 sample, 1 family - sawfish": {
        "content": [
            [
                [
                    "family_caller_vcf:",
                    {
                        "id": "family",
                        "sv_caller": "sawfish"
                    },
                    "sawfish_svdb_merge_by_caller.vcf.gz",
                    "VcfFile [chromosomes=[chrX, chr16, chr17, chr20], sampleCount=1, variantCount=40, phased=false, phasedAutodetect=false]",
                    "29af25825b89181b8231b7e3d394e79f"
                ]
            ],
            [
                [
                    "family_vcf:",
                    {
                        "id": "family"
                    },
                    "family_svdb_merge_by_family.vcf.gz",
                    "VcfFile [chromosomes=[chrX, chr16, chr17, chr20], sampleCount=1, variantCount=40, phased=false, phasedAutodetect=false]",
                    "e8d0aa32a53db09094ce705305f6c274"
                ]
            ],
            [
                "versions.yml:md5,724dca85aa4c092f5634625403a4e7ab"
            ]
        ],
        "timestamp": "2026-03-20T09:24:54.815309741",
        "meta": {
            "nf-test": "0.9.4",
            "nextflow": "26.03.0"
        }
    },
    "2 samples, 1 family - hificnv,sawfish with trf bed, no MAF track": {
        "content": [
            [
                [
                    "family_caller_vcf:",
                    {
                        "id": "family",
                        "sv_caller": "hificnv"
                    },
                    "hificnv_svdb_merge_by_caller.vcf.gz",
                    "VcfFile [chromosomes=[chrX, chr16, chr17, chr20], sampleCount=2, variantCount=51, phased=false, phasedAutodetect=false]",
                    "baec849d09d3c1749ccb3903e2ccb0d7"
                ],
                [
                    "family_caller_vcf:",
                    {
                        "id": "family",
                        "sv_caller": "sawfish"
                    },
                    "sawfish_svdb_merge_by_caller.vcf.gz",
                    "VcfFile [chromosomes=[chrX, chr16, chr17, chr20], sampleCount=2, variantCount=61, phased=false, phasedAutodetect=false]",
                    "2fa666aba08dec2bf1b45d43a009dd33"
                ]
            ],
            [
                [
                    "family_vcf:",
                    {
                        "id": "family"
                    },
                    "family_svdb_merge_by_family.vcf.gz",
                    "VcfFile [chromosomes=[chrX, chr16, chr17, chr20], sampleCount=2, variantCount=86, phased=false, phasedAutodetect=false]",
                    "33dcae0cb2b8b2f57686bb3e32b0ef53"
                ]
            ],
            [
                "versions.yml:md5,724dca85aa4c092f5634625403a4e7ab",
                "versions.yml:md5,724dca85aa4c092f5634625403a4e7ab"
            ]
        ],
        "timestamp": "2026-03-20T11:05:42.704377165",
        "meta": {
            "nf-test": "0.9.4",
            "nextflow": "26.03.0"
        }
    },
    "2 samples, 1 family - sniffes,severus,hificnv,sawfish with trf bed": {
        "content": [
            [
                [
                    "family_caller_vcf:",
                    {
                        "id": "family",
                        "sv_caller": "hificnv"
                    },
                    "hificnv_svdb_merge_by_caller.vcf.gz",
                    "VcfFile [chromosomes=[chrX, chr16, chr17, chr20], sampleCount=2, variantCount=51, phased=false, phasedAutodetect=false]",
                    "baec849d09d3c1749ccb3903e2ccb0d7"
                ],
                [
                    "family_caller_vcf:",
                    {
                        "id": "family",
                        "sv_caller": "sawfish"
                    },
                    "sawfish_svdb_merge_by_caller.vcf.gz",
                    "VcfFile [chromosomes=[chrX, chr16, chr17, chr20], sampleCount=2, variantCount=61, phased=false, phasedAutodetect=false]",
                    "2fa666aba08dec2bf1b45d43a009dd33"
                ],
                [
                    "family_caller_vcf:",
                    {
                        "id": "family",
                        "sv_caller": "severus"
                    },
                    "severus_svdb_merge_by_caller.vcf.gz",
                    "VcfFile [chromosomes=[chrX, chr16], sampleCount=2, variantCount=49, phased=false, phasedAutodetect=false]",
                    "1fe29a70bd00705441d7e0172d881653"
                ],
                [
                    "family_caller_vcf:",
                    {
                        "id": "family",
                        "sv_caller": "sniffles"
                    },
                    "sniffles_svdb_merge_by_caller.vcf.gz",
                    "VcfFile [chromosomes=[chrX, chr16, chr17, chr20], sampleCount=2, variantCount=20, phased=false, phasedAutodetect=false]",
                    "95ab42a7a956b758e446b53049430502"
                ]
            ],
            [
                [
                    "family_vcf:",
                    {
                        "id": "family"
                    },
                    "family_svdb_merge_by_family.vcf.gz",
                    "VcfFile [chromosomes=[chrX, chr16, chr17, chr20], sampleCount=2, variantCount=144, phased=false, phasedAutodetect=false]",
                    "402604257e03e50c2e2a151d0aa76434"
                ]
            ],
            [
                "versions.yml:md5,0736cf2ee751b8ef948bae27947436a6",
                "versions.yml:md5,0736cf2ee751b8ef948bae27947436a6",
                "versions.yml:md5,0f354889dbf9366e45eab89606edeb47",
                "versions.yml:md5,0f354889dbf9366e45eab89606edeb47",
                "versions.yml:md5,724dca85aa4c092f5634625403a4e7ab",
                "versions.yml:md5,724dca85aa4c092f5634625403a4e7ab"
            ]
        ],
        "timestamp": "2026-03-20T11:05:04.865606038",
        "meta": {
            "nf-test": "0.9.4",
            "nextflow": "26.03.0"
        }
    },
    "2 samples, 1 family - sniffes,severus with trf bed, run all callers - stub": {
        "content": [
            {
                "0": [
                    [
                        {
                            "id": "family",
                            "sv_caller": "hificnv"
                        },
                        "hificnv_svdb_merge_by_caller.vcf.gz:md5,68b329da9893e34099c7d8ad5cb9c940"
                    ],
                    [
                        {
                            "id": "family",
                            "sv_caller": "severus"
                        },
                        "severus_svdb_merge_by_caller.vcf.gz:md5,68b329da9893e34099c7d8ad5cb9c940"
                    ],
                    [
                        {
                            "id": "family",
                            "sv_caller": "sniffles"
                        },
                        "sniffles_svdb_merge_by_caller.vcf.gz:md5,68b329da9893e34099c7d8ad5cb9c940"
                    ]
                ],
                "1": [
                    [
                        {
                            "id": "family",
                            "sv_caller": "hificnv"
                        },
                        "hificnv_svdb_merge_by_caller.vcf.gz.tbi:md5,d41d8cd98f00b204e9800998ecf8427e"
                    ],
                    [
                        {
                            "id": "family",
                            "sv_caller": "severus"
                        },
                        "severus_svdb_merge_by_caller.vcf.gz.tbi:md5,d41d8cd98f00b204e9800998ecf8427e"
                    ],
                    [
                        {
                            "id": "family",
                            "sv_caller": "sniffles"
                        },
                        "sniffles_svdb_merge_by_caller.vcf.gz.tbi:md5,d41d8cd98f00b204e9800998ecf8427e"
                    ]
                ],
                "2": [
                    [
                        {
                            "id": "family"
                        },
                        "family_svdb_merge_by_family.vcf.gz:md5,68b329da9893e34099c7d8ad5cb9c940"
                    ]
                ],
                "3": [
                    [
                        {
                            "id": "family"
                        },
                        "family_svdb_merge_by_family.vcf.gz.tbi:md5,d41d8cd98f00b204e9800998ecf8427e"
                    ]
                ],
                "4": [
                    "versions.yml:md5,0736cf2ee751b8ef948bae27947436a6",
                    "versions.yml:md5,0736cf2ee751b8ef948bae27947436a6",
                    "versions.yml:md5,0f354889dbf9366e45eab89606edeb47",
                    "versions.yml:md5,0f354889dbf9366e45eab89606edeb47"
                ],
                "family_caller_tbi": [
                    [
                        {
                            "id": "family",
                            "sv_caller": "hificnv"
                        },
                        "hificnv_svdb_merge_by_caller.vcf.gz.tbi:md5,d41d8cd98f00b204e9800998ecf8427e"
                    ],
                    [
                        {
                            "id": "family",
                            "sv_caller": "severus"
                        },
                        "severus_svdb_merge_by_caller.vcf.gz.tbi:md5,d41d8cd98f00b204e9800998ecf8427e"
                    ],
                    [
                        {
                            "id": "family",
                            "sv_caller": "sniffles"
                        },
                        "sniffles_svdb_merge_by_caller.vcf.gz.tbi:md5,d41d8cd98f00b204e9800998ecf8427e"
                    ]
                ],
                "family_caller_vcf": [
                    [
                        {
                            "id": "family",
                            "sv_caller": "hificnv"
                        },
                        "hificnv_svdb_merge_by_caller.vcf.gz:md5,68b329da9893e34099c7d8ad5cb9c940"
                    ],
                    [
                        {
                            "id": "family",
                            "sv_caller": "severus"
                        },
                        "severus_svdb_merge_by_caller.vcf.gz:md5,68b329da9893e34099c7d8ad5cb9c940"
                    ],
                    [
                        {
                            "id": "family",
                            "sv_caller": "sniffles"
                        },
                        "sniffles_svdb_merge_by_caller.vcf.gz:md5,68b329da9893e34099c7d8ad5cb9c940"
                    ]
                ],
                "family_tbi": [
                    [
                        {
                            "id": "family"
                        },
                        "family_svdb_merge_by_family.vcf.gz.tbi:md5,d41d8cd98f00b204e9800998ecf8427e"
                    ]
                ],
                "family_vcf": [
                    [
                        {
                            "id": "family"
                        },
                        "family_svdb_merge_by_family.vcf.gz:md5,68b329da9893e34099c7d8ad5cb9c940"
                    ]
                ],
                "versions": [
                    "versions.yml:md5,0736cf2ee751b8ef948bae27947436a6",
                    "versions.yml:md5,0736cf2ee751b8ef948bae27947436a6",
                    "versions.yml:md5,0f354889dbf9366e45eab89606edeb47",
                    "versions.yml:md5,0f354889dbf9366e45eab89606edeb47"
                ]
            }
        ],
        "timestamp": "2026-03-20T11:07:37.401910832",
        "meta": {
            "nf-test": "0.9.4",
            "nextflow": "26.03.0"
        }
    },
    "2 samples, 1 family - merge sniffes,hificnv,severus,sawfish with trf bed, run all callers and filter": {
        "content": [
            [
                [
                    "family_caller_vcf:",
                    {
                        "id": "family",
                        "sv_caller": "hificnv"
                    },
                    "hificnv_svdb_merge_by_caller.vcf.gz",
                    "VcfFile [chromosomes=[chr16], sampleCount=2, variantCount=2, phased=false, phasedAutodetect=false]",
                    "ad6c54415de0f02b4be3f3411ddfc3eb"
                ],
                [
                    "family_caller_vcf:",
                    {
                        "id": "family",
                        "sv_caller": "sawfish"
                    },
                    "sawfish_svdb_merge_by_caller.vcf.gz",
                    "VcfFile [chromosomes=[chr16], sampleCount=2, variantCount=2, phased=false, phasedAutodetect=false]",
                    "52036d7f6fc695fa297ef404ea9d6b5f"
                ],
                [
                    "family_caller_vcf:",
                    {
                        "id": "family",
                        "sv_caller": "severus"
                    },
                    "severus_svdb_merge_by_caller.vcf.gz",
                    "VcfFile [chromosomes=[chr16], sampleCount=2, variantCount=1, phased=false, phasedAutodetect=false]",
                    "614cca94757871a3e1af9cb9735390d4"
                ],
                [
                    "family_caller_vcf:",
                    {
                        "id": "family",
                        "sv_caller": "sniffles"
                    },
                    "sniffles_svdb_merge_by_caller.vcf.gz",
                    "VcfFile [chromosomes=[chr16], sampleCount=2, variantCount=1, phased=false, phasedAutodetect=false]",
                    "5dbae080101487104ec8ea6928141565"
                ]
            ],
            [
                [
                    "family_vcf:",
                    {
                        "id": "family"
                    },
                    "family_svdb_merge_by_family.vcf.gz",
                    "VcfFile [chromosomes=[chr16], sampleCount=2, variantCount=6, phased=false, phasedAutodetect=false]",
                    "b28bf9935235ad818704e556abffbc3"
                ]
            ],
            [
                "versions.yml:md5,0736cf2ee751b8ef948bae27947436a6",
                "versions.yml:md5,0736cf2ee751b8ef948bae27947436a6",
                "versions.yml:md5,0f354889dbf9366e45eab89606edeb47",
                "versions.yml:md5,0f354889dbf9366e45eab89606edeb47",
                "versions.yml:md5,724dca85aa4c092f5634625403a4e7ab",
                "versions.yml:md5,724dca85aa4c092f5634625403a4e7ab"
            ]
        ],
        "timestamp": "2026-03-20T11:06:30.636990813",
        "meta": {
            "nf-test": "0.9.4",
            "nextflow": "26.03.0"
        }
    },
    "1 sample, 1 family - sawfish, force_sawfish_joint_call_single_samples true": {
        "content": [
            [
                [
                    "family_caller_vcf:",
                    {
                        "id": "family",
                        "sv_caller": "sawfish"
                    },
                    "sawfish_svdb_merge_by_caller.vcf.gz",
                    "VcfFile [chromosomes=[chrX, chr16, chr17, chr20], sampleCount=1, variantCount=40, phased=false, phasedAutodetect=false]",
                    "bd69e9a2f874345547a4f69dbc820ea"
                ]
            ],
            [
                [
                    "family_vcf:",
                    {
                        "id": "family"
                    },
                    "family_svdb_merge_by_family.vcf.gz",
                    "VcfFile [chromosomes=[chrX, chr16, chr17, chr20], sampleCount=1, variantCount=40, phased=false, phasedAutodetect=false]",
                    "fd49418379e60474c04f4f5bbaa71a02"
                ]
            ],
            [
                "versions.yml:md5,724dca85aa4c092f5634625403a4e7ab"
            ]
        ],
        "timestamp": "2026-03-20T09:25:33.653353357",
        "meta": {
            "nf-test": "0.9.4",
            "nextflow": "26.03.0"
        }
    },
    "1 sample, 1 family - sawfish, force_sawfish_joint_call_single_samples true -stub": {
        "content": [
            {
                "0": [
                    [
                        {
                            "id": "family",
                            "sv_caller": "sawfish"
                        },
                        "sawfish_svdb_merge_by_caller.vcf.gz:md5,68b329da9893e34099c7d8ad5cb9c940"
                    ]
                ],
                "1": [
                    [
                        {
                            "id": "family",
                            "sv_caller": "sawfish"
                        },
                        "sawfish_svdb_merge_by_caller.vcf.gz.tbi:md5,d41d8cd98f00b204e9800998ecf8427e"
                    ]
                ],
                "2": [
                    [
                        {
                            "id": "family"
                        },
                        "family_svdb_merge_by_family.vcf.gz:md5,68b329da9893e34099c7d8ad5cb9c940"
                    ]
                ],
                "3": [
                    [
                        {
                            "id": "family"
                        },
                        "family_svdb_merge_by_family.vcf.gz.tbi:md5,d41d8cd98f00b204e9800998ecf8427e"
                    ]
                ],
                "4": [
                    "versions.yml:md5,724dca85aa4c092f5634625403a4e7ab"
                ],
                "family_caller_tbi": [
                    [
                        {
                            "id": "family",
                            "sv_caller": "sawfish"
                        },
                        "sawfish_svdb_merge_by_caller.vcf.gz.tbi:md5,d41d8cd98f00b204e9800998ecf8427e"
                    ]
                ],
                "family_caller_vcf": [
                    [
                        {
                            "id": "family",
                            "sv_caller": "sawfish"
                        },
                        "sawfish_svdb_merge_by_caller.vcf.gz:md5,68b329da9893e34099c7d8ad5cb9c940"
                    ]
                ],
                "family_tbi": [
                    [
                        {
                            "id": "family"
                        },
                        "family_svdb_merge_by_family.vcf.gz.tbi:md5,d41d8cd98f00b204e9800998ecf8427e"
                    ]
                ],
                "family_vcf": [
                    [
                        {
                            "id": "family"
                        },
                        "family_svdb_merge_by_family.vcf.gz:md5,68b329da9893e34099c7d8ad5cb9c940"
                    ]
                ],
                "versions": [
                    "versions.yml:md5,724dca85aa4c092f5634625403a4e7ab"
                ]
            }
        ],
        "timestamp": "2026-03-20T09:29:08.546260701",
        "meta": {
            "nf-test": "0.9.4",
            "nextflow": "26.03.0"
        }
    }
}