{
    "2 samples, 1 family - merge sniffes,hificnv,severus,sawfish with trf bed, run all callers and filter, force sawfish single sample joint-call": {
        "content": [
            [
                [
                    "vcf:",
                    {
                        "id": "family",
                        "sv_caller": "hificnv"
                    },
                    [
                        [
                            "test_1_hificnv_filtered.vcf.gz"
                        ],
                        [
                            "test_2_hificnv_filtered.vcf.gz"
                        ]
                    ]
                ],
                [
                    "vcf:",
                    {
                        "id": "family",
                        "sv_caller": "sawfish"
                    },
                    [
                        [
                            "test_1_sawfish_filtered.vcf.gz"
                        ],
                        [
                            "test_2_sawfish_filtered.vcf.gz"
                        ]
                    ]
                ],
                [
                    "vcf:",
                    {
                        "id": "family",
                        "sv_caller": "severus"
                    },
                    [
                        [
                            "test_1_reheader.vcf.gz",
                            "VcfFile [chromosomes=[chr16], sampleCount=1, variantCount=1, phased=false, phasedAutodetect=false]",
                            "62cf182304490e1ecd958247dc8e8727"
                        ],
                        [
                            "test_2_reheader.vcf.gz",
                            "VcfFile [chromosomes=[chr16], sampleCount=1, variantCount=1, phased=false, phasedAutodetect=false]",
                            "582b249ead6e03350420af97130b92be"
                        ]
                    ]
                ],
                [
                    "vcf:",
                    {
                        "id": "family",
                        "sv_caller": "sniffles"
                    },
                    [
                        [
                            "test_1_reheader.vcf.gz",
                            "VcfFile [chromosomes=[chr16], sampleCount=1, variantCount=1, phased=false, phasedAutodetect=false]",
                            "b5b3aad900660c9b5f9ea6d412e631ff"
                        ],
                        [
                            "test_2_reheader.vcf.gz",
                            "VcfFile [chromosomes=[], sampleCount=1, variantCount=0, phased=true, phasedAutodetect=true]",
                            "d41d8cd98f00b204e9800998ecf8427e"
                        ]
                    ]
                ]
            ]
        ],
        "timestamp": "2026-08-13T09:16:45.784089999",
        "meta": {
            "nf-test": "0.9.5",
            "nextflow": "26.04.6"
        }
    },
    "1 sample, 1 family - sniffles": {
        "content": [
            [
                [
                    "vcf:",
                    {
                        "id": "family",
                        "sv_caller": "sniffles"
                    },
                    [
                        [
                            "test_reheader.vcf.gz",
                            "VcfFile [chromosomes=[chrX, chr16, chr17, chrM, chr20], sampleCount=1, variantCount=21, phased=false, phasedAutodetect=false]",
                            "9782117a680da92761a99064a57bbd82"
                        ]
                    ]
                ]
            ]
        ],
        "timestamp": "2026-08-13T09:10:40.879992527",
        "meta": {
            "nf-test": "0.9.5",
            "nextflow": "26.04.6"
        }
    },
    "1 sample, 1 family - sawfish": {
        "content": [
            [
                [
                    "vcf:",
                    {
                        "id": "family",
                        "sv_caller": "sawfish"
                    },
                    [
                        [
                            "family_sawfish_jointcall_genotyped.sv.vcf.gz"
                        ]
                    ]
                ]
            ]
        ],
        "timestamp": "2026-08-13T09:11:38.051364511",
        "meta": {
            "nf-test": "0.9.5",
            "nextflow": "26.04.6"
        }
    },
    "2 samples, 1 family - hificnv,sawfish with trf bed, no MAF track": {
        "content": [
            [
                [
                    "vcf:",
                    {
                        "id": "family",
                        "sv_caller": "hificnv"
                    },
                    [
                        [
                            "test_1_hificnv.test_1.vcf.gz"
                        ],
                        [
                            "test_2_hificnv.test_2.vcf.gz"
                        ]
                    ]
                ],
                [
                    "vcf:",
                    {
                        "id": "family",
                        "sv_caller": "sawfish"
                    },
                    [
                        [
                            "family_sawfish_jointcall_genotyped.sv.vcf.gz"
                        ]
                    ]
                ]
            ]
        ],
        "timestamp": "2026-08-13T09:14:54.211268058",
        "meta": {
            "nf-test": "0.9.5",
            "nextflow": "26.04.6"
        }
    },
    "2 samples, 1 family - sniffes,severus,hificnv,sawfish with trf bed": {
        "content": [
            [
                [
                    "vcf:",
                    {
                        "id": "family",
                        "sv_caller": "hificnv"
                    },
                    [
                        [
                            "test_1_hificnv.test_1.vcf.gz"
                        ],
                        [
                            "test_2_hificnv.test_2.vcf.gz"
                        ]
                    ]
                ],
                [
                    "vcf:",
                    {
                        "id": "family",
                        "sv_caller": "sawfish"
                    },
                    [
                        [
                            "family_sawfish_jointcall_genotyped.sv.vcf.gz"
                        ]
                    ]
                ],
                [
                    "vcf:",
                    {
                        "id": "family",
                        "sv_caller": "severus"
                    },
                    [
                        [
                            "test_1_reheader.vcf.gz",
                            "VcfFile [chromosomes=[chrX, chr16], sampleCount=1, variantCount=36, phased=false, phasedAutodetect=false]",
                            "6725794c7b57e4a6fab095b38057be69"
                        ],
                        [
                            "test_2_reheader.vcf.gz",
                            "VcfFile [chromosomes=[chr16], sampleCount=1, variantCount=31, phased=false, phasedAutodetect=false]",
                            "89da55ac301e9ea86b07955924411ec6"
                        ]
                    ]
                ],
                [
                    "vcf:",
                    {
                        "id": "family",
                        "sv_caller": "sniffles"
                    },
                    [
                        [
                            "test_1_reheader.vcf.gz",
                            "VcfFile [chromosomes=[chrX, chr16, chr17, chrM, chr20], sampleCount=1, variantCount=21, phased=false, phasedAutodetect=false]",
                            "16a6a94720e70c3b838d14d67d74029b"
                        ],
                        [
                            "test_2_reheader.vcf.gz",
                            "VcfFile [chromosomes=[chr16, chr17, chr20], sampleCount=1, variantCount=4, phased=false, phasedAutodetect=false]",
                            "20a871dd68d402735b2de3d8bd6f3fd"
                        ]
                    ]
                ]
            ]
        ],
        "timestamp": "2026-08-13T09:13:40.950276745",
        "meta": {
            "nf-test": "0.9.5",
            "nextflow": "26.04.6"
        }
    },
    "2 samples, 1 family - sniffes,severus with trf bed, run all callers - stub": {
        "content": [
            {
                "vcf": [
                    [
                        {
                            "id": "family",
                            "sv_caller": "hificnv"
                        },
                        [
                            "test_1_hificnv.vcf.gz:md5,68b329da9893e34099c7d8ad5cb9c940",
                            "test_2_hificnv.vcf.gz:md5,68b329da9893e34099c7d8ad5cb9c940"
                        ]
                    ],
                    [
                        {
                            "id": "family",
                            "sv_caller": "severus"
                        },
                        [
                            "test_1_reheader.vcf.gz:md5,68b329da9893e34099c7d8ad5cb9c940",
                            "test_2_reheader.vcf.gz:md5,68b329da9893e34099c7d8ad5cb9c940"
                        ]
                    ],
                    [
                        {
                            "id": "family",
                            "sv_caller": "sniffles"
                        },
                        [
                            "test_1_reheader.vcf.gz:md5,68b329da9893e34099c7d8ad5cb9c940",
                            "test_2_reheader.vcf.gz:md5,68b329da9893e34099c7d8ad5cb9c940"
                        ]
                    ]
                ],
                "hificnv_depth": [
                    [
                        {
                            "id": "test_1",
                            "single_end": false,
                            "family_id": "family",
                            "sex": 1
                        },
                        "test_1_hificnv.depth.bw:md5,d41d8cd98f00b204e9800998ecf8427e"
                    ],
                    [
                        {
                            "id": "test_2",
                            "single_end": false,
                            "family_id": "family",
                            "sex": 1
                        },
                        "test_2_hificnv.depth.bw:md5,d41d8cd98f00b204e9800998ecf8427e"
                    ]
                ],
                "hificnv_copynum": [
                    [
                        {
                            "id": "test_1",
                            "single_end": false,
                            "family_id": "family",
                            "sex": 1
                        },
                        "test_1_hificnv.copynum.bedgraph:md5,d41d8cd98f00b204e9800998ecf8427e"
                    ],
                    [
                        {
                            "id": "test_2",
                            "single_end": false,
                            "family_id": "family",
                            "sex": 1
                        },
                        "test_2_hificnv.copynum.bedgraph:md5,d41d8cd98f00b204e9800998ecf8427e"
                    ]
                ],
                "hificnv_maf": [
                    [
                        {
                            "id": "test_1",
                            "single_end": false,
                            "family_id": "family",
                            "sex": 1
                        },
                        "test_1_hificnv.maf.bw:md5,d41d8cd98f00b204e9800998ecf8427e"
                    ],
                    [
                        {
                            "id": "test_2",
                            "single_end": false,
                            "family_id": "family",
                            "sex": 1
                        },
                        "test_2_hificnv.maf.bw:md5,d41d8cd98f00b204e9800998ecf8427e"
                    ]
                ],
                "sawfish_depth_bw": [
                    
                ],
                "sawfish_copynum_bedgraph": [
                    
                ],
                "sawfish_gc_bias_corrected_depth_bw": [
                    
                ],
                "sawfish_maf_bw": [
                    
                ]
            }
        ],
        "timestamp": "2026-08-13T09:17:07.14067252",
        "meta": {
            "nf-test": "0.9.5",
            "nextflow": "26.04.6"
        }
    },
    "2 samples, 1 family - merge sniffes,hificnv,severus,sawfish with trf bed, run all callers and filter": {
        "content": [
            [
                [
                    "vcf:",
                    {
                        "id": "family",
                        "sv_caller": "hificnv"
                    },
                    [
                        [
                            "test_1_hificnv_filtered.vcf.gz"
                        ],
                        [
                            "test_2_hificnv_filtered.vcf.gz"
                        ]
                    ]
                ],
                [
                    "vcf:",
                    {
                        "id": "family",
                        "sv_caller": "sawfish"
                    },
                    [
                        [
                            "family_sawfish_filtered.vcf.gz"
                        ]
                    ]
                ],
                [
                    "vcf:",
                    {
                        "id": "family",
                        "sv_caller": "severus"
                    },
                    [
                        [
                            "test_1_reheader.vcf.gz",
                            "VcfFile [chromosomes=[chr16], sampleCount=1, variantCount=1, phased=false, phasedAutodetect=false]",
                            "62cf182304490e1ecd958247dc8e8727"
                        ],
                        [
                            "test_2_reheader.vcf.gz",
                            "VcfFile [chromosomes=[chr16], sampleCount=1, variantCount=1, phased=false, phasedAutodetect=false]",
                            "582b249ead6e03350420af97130b92be"
                        ]
                    ]
                ],
                [
                    "vcf:",
                    {
                        "id": "family",
                        "sv_caller": "sniffles"
                    },
                    [
                        [
                            "test_1_reheader.vcf.gz",
                            "VcfFile [chromosomes=[chr16], sampleCount=1, variantCount=1, phased=false, phasedAutodetect=false]",
                            "b5b3aad900660c9b5f9ea6d412e631ff"
                        ],
                        [
                            "test_2_reheader.vcf.gz",
                            "VcfFile [chromosomes=[], sampleCount=1, variantCount=0, phased=true, phasedAutodetect=true]",
                            "d41d8cd98f00b204e9800998ecf8427e"
                        ]
                    ]
                ]
            ]
        ],
        "timestamp": "2026-08-13T09:15:56.648454674",
        "meta": {
            "nf-test": "0.9.5",
            "nextflow": "26.04.6"
        }
    },
    "1 sample, 1 family - sawfish, force_sawfish_joint_call_single_samples true": {
        "content": [
            [
                [
                    "vcf:",
                    {
                        "id": "family",
                        "sv_caller": "sawfish"
                    },
                    [
                        [
                            "test_1_sawfish_jointcall_genotyped.sv.vcf.gz"
                        ]
                    ]
                ]
            ]
        ],
        "timestamp": "2026-08-13T09:12:44.88671821",
        "meta": {
            "nf-test": "0.9.5",
            "nextflow": "26.04.6"
        }
    },
    "1 sample, 1 family - sawfish, force_sawfish_joint_call_single_samples true -stub": {
        "content": [
            {
                "vcf": [
                    [
                        {
                            "id": "family",
                            "sv_caller": "sawfish"
                        },
                        [
                            "family_sawfish_jointcall_genotyped.sv.vcf.gz:md5,68b329da9893e34099c7d8ad5cb9c940"
                        ]
                    ]
                ],
                "hificnv_depth": [
                    
                ],
                "hificnv_copynum": [
                    
                ],
                "hificnv_maf": [
                    
                ],
                "sawfish_depth_bw": [
                    [
                        {
                            "id": "test",
                            "family_id": "family"
                        },
                        "depth.bw:md5,d41d8cd98f00b204e9800998ecf8427e"
                    ]
                ],
                "sawfish_copynum_bedgraph": [
                    [
                        {
                            "id": "test",
                            "family_id": "family"
                        },
                        "copynum.bedgraph:md5,d41d8cd98f00b204e9800998ecf8427e"
                    ]
                ],
                "sawfish_gc_bias_corrected_depth_bw": [
                    [
                        {
                            "id": "test",
                            "family_id": "family"
                        },
                        "gc_bias_corrected_depth.bw:md5,d41d8cd98f00b204e9800998ecf8427e"
                    ]
                ],
                "sawfish_maf_bw": [
                    [
                        {
                            "id": "test",
                            "family_id": "family"
                        },
                        "maf.bw:md5,d41d8cd98f00b204e9800998ecf8427e"
                    ]
                ]
            }
        ],
        "timestamp": "2026-08-13T09:17:21.451845377",
        "meta": {
            "nf-test": "0.9.5",
            "nextflow": "26.04.6"
        }
    }
}