{
    "1 sample": {
        "content": [
            {
                "0": [
                    [
                        {
                            "id": "FAM"
                        },
                        "FAM_phased.vcf.gz:md5,fa48a6d9420ec86018e0acb42dbd4e8d"
                    ]
                ],
                "1": [
                    [
                        {
                            "id": "FAM"
                        },
                        "FAM_phased.vcf.gz.tbi:md5,9888e8ae2b76938b019debaf6ba40e0a"
                    ]
                ],
                "2": [
                    [
                        {
                            "id": "HG002",
                            "family_id": "FAM"
                        },
                        "HG002_haplotagged.bam:md5,6a719774d1f3fef8c71a27dde700e77d",
                        "HG002_haplotagged.bam.bai:md5,0b5519b4a52f678462a13c3786c5da4c"
                    ]
                ],
                "haplotagged_bam_bai": [
                    [
                        {
                            "id": "HG002",
                            "family_id": "FAM"
                        },
                        "HG002_haplotagged.bam:md5,6a719774d1f3fef8c71a27dde700e77d",
                        "HG002_haplotagged.bam.bai:md5,0b5519b4a52f678462a13c3786c5da4c"
                    ]
                ],
                "phased_family_snvs": [
                    [
                        {
                            "id": "FAM"
                        },
                        "FAM_phased.vcf.gz:md5,fa48a6d9420ec86018e0acb42dbd4e8d"
                    ]
                ],
                "phased_family_snvs_tbi": [
                    [
                        {
                            "id": "FAM"
                        },
                        "FAM_phased.vcf.gz.tbi:md5,9888e8ae2b76938b019debaf6ba40e0a"
                    ]
                ]
            }
        ],
        "timestamp": "2026-07-08T11:16:42.273591832",
        "meta": {
            "nf-test": "0.9.5",
            "nextflow": "26.03.4"
        }
    },
    "3 samples - family ID equal to sample ID": {
        "content": [
            {
                "0": [
                    [
                        {
                            "id": "HG002"
                        },
                        "HG002_phased.vcf.gz:md5,08d985702b004efe6e88e32e769ef820"
                    ]
                ],
                "1": [
                    [
                        {
                            "id": "HG002"
                        },
                        "HG002_phased.vcf.gz.tbi:md5,8361c12ddab477a45b5e0a05a3d9e86a"
                    ]
                ],
                "2": [
                    [
                        {
                            "id": "HG002",
                            "family_id": "HG002"
                        },
                        "HG002_haplotagged.bam:md5,a0d49896227e17303b4ac4fddda52ce5",
                        "HG002_haplotagged.bam.bai:md5,967cf50a5401520b59bfbca1fdaa3118"
                    ],
                    [
                        {
                            "id": "HG003",
                            "family_id": "HG002"
                        },
                        "HG003_haplotagged.bam:md5,cd435b2bc3f860a8751ef3b1847d433f",
                        "HG003_haplotagged.bam.bai:md5,793861c2b6dd935d79f1bce8c94fd3ed"
                    ],
                    [
                        {
                            "id": "HG004",
                            "family_id": "HG002"
                        },
                        "HG004_haplotagged.bam:md5,969b2ce357816e039996a86e49a70354",
                        "HG004_haplotagged.bam.bai:md5,0bba7a45e4c8077aa5ef2137132555b0"
                    ]
                ],
                "haplotagged_bam_bai": [
                    [
                        {
                            "id": "HG002",
                            "family_id": "HG002"
                        },
                        "HG002_haplotagged.bam:md5,a0d49896227e17303b4ac4fddda52ce5",
                        "HG002_haplotagged.bam.bai:md5,967cf50a5401520b59bfbca1fdaa3118"
                    ],
                    [
                        {
                            "id": "HG003",
                            "family_id": "HG002"
                        },
                        "HG003_haplotagged.bam:md5,cd435b2bc3f860a8751ef3b1847d433f",
                        "HG003_haplotagged.bam.bai:md5,793861c2b6dd935d79f1bce8c94fd3ed"
                    ],
                    [
                        {
                            "id": "HG004",
                            "family_id": "HG002"
                        },
                        "HG004_haplotagged.bam:md5,969b2ce357816e039996a86e49a70354",
                        "HG004_haplotagged.bam.bai:md5,0bba7a45e4c8077aa5ef2137132555b0"
                    ]
                ],
                "phased_family_snvs": [
                    [
                        {
                            "id": "HG002"
                        },
                        "HG002_phased.vcf.gz:md5,08d985702b004efe6e88e32e769ef820"
                    ]
                ],
                "phased_family_snvs_tbi": [
                    [
                        {
                            "id": "HG002"
                        },
                        "HG002_phased.vcf.gz.tbi:md5,8361c12ddab477a45b5e0a05a3d9e86a"
                    ]
                ]
            }
        ],
        "timestamp": "2026-07-08T11:17:05.835169365",
        "meta": {
            "nf-test": "0.9.5",
            "nextflow": "26.03.4"
        }
    },
    "3 samples - With corresponding pedigree file": {
        "content": [
            {
                "0": [
                    [
                        {
                            "id": "FAM"
                        },
                        "FAM_phased.vcf.gz:md5,3fe1a46fe48aa0421bbd9aad9993a5e9"
                    ]
                ],
                "1": [
                    [
                        {
                            "id": "FAM"
                        },
                        "FAM_phased.vcf.gz.tbi:md5,056ed37d675337df03238c0cf8ac46fa"
                    ]
                ],
                "2": [
                    [
                        {
                            "id": "HG002",
                            "family_id": "FAM"
                        },
                        "HG002_haplotagged.bam:md5,d7bc3c7dc53154f1cfcd8d21ecc11d6f",
                        "HG002_haplotagged.bam.bai:md5,7fd916f3ed6b275c6b297ba9b7899340"
                    ],
                    [
                        {
                            "id": "HG003",
                            "family_id": "FAM"
                        },
                        "HG003_haplotagged.bam:md5,eeb0f4a716caebabec962ca821472a2e",
                        "HG003_haplotagged.bam.bai:md5,202930bacd48597e7cf617b03cea26fe"
                    ],
                    [
                        {
                            "id": "HG004",
                            "family_id": "FAM"
                        },
                        "HG004_haplotagged.bam:md5,dd6c9200f86f4b3a6b6d81020db29fa9",
                        "HG004_haplotagged.bam.bai:md5,46dae4df4185554ee7f59e8a652c03dc"
                    ]
                ],
                "haplotagged_bam_bai": [
                    [
                        {
                            "id": "HG002",
                            "family_id": "FAM"
                        },
                        "HG002_haplotagged.bam:md5,d7bc3c7dc53154f1cfcd8d21ecc11d6f",
                        "HG002_haplotagged.bam.bai:md5,7fd916f3ed6b275c6b297ba9b7899340"
                    ],
                    [
                        {
                            "id": "HG003",
                            "family_id": "FAM"
                        },
                        "HG003_haplotagged.bam:md5,eeb0f4a716caebabec962ca821472a2e",
                        "HG003_haplotagged.bam.bai:md5,202930bacd48597e7cf617b03cea26fe"
                    ],
                    [
                        {
                            "id": "HG004",
                            "family_id": "FAM"
                        },
                        "HG004_haplotagged.bam:md5,dd6c9200f86f4b3a6b6d81020db29fa9",
                        "HG004_haplotagged.bam.bai:md5,46dae4df4185554ee7f59e8a652c03dc"
                    ]
                ],
                "phased_family_snvs": [
                    [
                        {
                            "id": "FAM"
                        },
                        "FAM_phased.vcf.gz:md5,3fe1a46fe48aa0421bbd9aad9993a5e9"
                    ]
                ],
                "phased_family_snvs_tbi": [
                    [
                        {
                            "id": "FAM"
                        },
                        "FAM_phased.vcf.gz.tbi:md5,056ed37d675337df03238c0cf8ac46fa"
                    ]
                ]
            }
        ],
        "timestamp": "2026-07-08T11:16:53.755950612",
        "meta": {
            "nf-test": "0.9.5",
            "nextflow": "26.03.4"
        }
    }
}