{
    "samplesheet_multisample_ont_bam | --preset ONT_R10 --phaser whatshap --alignment_processes 1 --snv_calling_processes 1 --sv_caller sniffles --publish_unannotated_family_svs": {
        "content": [
            295,
            {
                "ADD_FOUND_IN_TAG": {
                    "bcftools": 1.2,
                    "busybox_awk": "1.36.1"
                },
                "ADD_MOST_SEVERE_CSQ": {
                    "add_most_severe_consequence": 1.1,
                    "python": "3.8.3"
                },
                "ADD_MOST_SEVERE_PLI": {
                    "add_most_severe_pli": 1.1,
                    "python": "3.8.3"
                },
                "BCFTOOLS_CONCAT": {
                    "bcftools": 1.21
                },
                "BCFTOOLS_MERGE": {
                    "bcftools": 1.21
                },
                "BCFTOOLS_NORM_MULTISAMPLE": {
                    "bcftools": 1.21
                },
                "BCFTOOLS_NORM_SINGLESAMPLE": {
                    "bcftools": 1.21
                },
                "BCFTOOLS_QUERY": {
                    "bcftools": 1.21
                },
                "BCFTOOLS_REHEADER": {
                    "bcftools": 1.21
                },
                "BCFTOOLS_SORT": {
                    "bcftools": 1.21
                },
                "BCFTOOLS_STATS": {
                    "bcftools": 1.21
                },
                "BCFTOOLS_VIEW": {
                    "bcftools": 1.21
                },
                "BEDTOOLS_MERGE": {
                    "bedtools": "2.31.1"
                },
                "BEDTOOLS_SORT": {
                    "bedtools": "2.31.1"
                },
                "BEDTOOLS_SPLIT": {
                    "bedtools": "2.31.1"
                },
                "CLEAN_SNIFFLES": {
                    "clean_sniffles": 1.0
                },
                "CRAMINO": {
                    "cramino": "1.1.0"
                },
                "CRAMINO_PHASED": {
                    "cramino": "1.1.0"
                },
                "CREATE_SAMPLES_FILE": {
                    "gawk": "5.1.0"
                },
                "DEEPVARIANT_RUNDEEPVARIANT": {
                    "deepvariant": "1.9.0"
                },
                "DEEPVARIANT_VCFSTATSREPORT": {
                    "deepvariant": "1.8.0"
                },
                "ECHTVAR_ANNO": {
                    "echtvar": "0.2.2"
                },
                "ENSEMBLVEP_FILTERVEP": {
                    "ensemblvep": 113.0
                },
                "ENSEMBLVEP_SNV": {
                    "ensemblvep": 110.0,
                    "tabix": 1.17
                },
                "ENSEMBLVEP_SV": {
                    "ensemblvep": 110.0,
                    "tabix": 1.17
                },
                "FASTQC": {
                    "fastqc": "0.12.1"
                },
                "GENMOD_ANNOTATE": {
                    "genmod": "3.10.1"
                },
                "GENMOD_COMPOUND": {
                    "genmod": "3.10.1"
                },
                "GENMOD_MODELS": {
                    "genmod": "3.10.1"
                },
                "GENMOD_SCORE": {
                    "genmod": "3.10.1"
                },
                "GFASTATS": {
                    "gfastats": "1.3.10"
                },
                "GLNEXUS": {
                    "glnexus": "1.4.3-0-gcecf42e"
                },
                "GUNZIP_FASTA": {
                    "gunzip": 1.13
                },
                "HIFIASM": {
                    "hifiasm": "0.25.0-r726"
                },
                "HIFICNV": {
                    "hificnv": "1.0.0-36e6461"
                },
                "MINIMAP2_ALIGN": {
                    "minimap2": "2.29-r1283",
                    "samtools": 1.21
                },
                "MINIMAP2_INDEX": {
                    "minimap2": "2.29-r1283"
                },
                "MODKIT_BEDMETHYLTOBIGWIG": {
                    "modkit": "0.5.0"
                },
                "MODKIT_PILEUP": {
                    "modkit": "0.3.0"
                },
                "MOSDEPTH": {
                    "mosdepth": "0.3.10"
                },
                "PEDDY": {
                    "peddy": "0.4.8"
                },
                "RELATE_RELATE": {
                    "somalier": "0.2.18"
                },
                "SAMPLESHEET_PED": {
                    "create_pedigree_file": 1.0,
                    "python": "3.8.3"
                },
                "SAMTOOLS_FAIDX": {
                    "samtools": 1.21
                },
                "SAMTOOLS_FASTQ": {
                    "samtools": 1.21
                },
                "SAMTOOLS_INDEX_WHATSHAP": {
                    "samtools": 1.21
                },
                "SAMTOOLS_MERGE": {
                    "samtools": 1.21
                },
                "SAMTOOLS_VIEW": {
                    "samtools": 1.21
                },
                "SEVERUS": {
                    "severus": 1.5
                },
                "SNIFFLES": {
                    "sniffles": "1.0.12"
                },
                "SOMALIER_EXTRACT": {
                    "somalier": "0.2.18"
                },
                "SOMALIER_PED_FAMILY": {
                    "create_pedigree_file": 1.0,
                    "python": "3.8.3"
                },
                "SVDB_MERGE_BY_CALLER": {
                    "svdb": "2.8.2",
                    "bcftools": 1.21
                },
                "SVDB_MERGE_BY_FAMILY": {
                    "svdb": "2.8.2",
                    "bcftools": 1.21
                },
                "SVDB_QUERY": {
                    "svdb": "2.8.2"
                },
                "TABIX_BGZIPTABIX": {
                    "tabix": 1.21
                },
                "TABIX_ENSEMBLVEP_SNV": {
                    "tabix": 1.21
                },
                "TABIX_ENSEMBLVEP_SV": {
                    "tabix": 1.21
                },
                "TABIX_HIFICNV": {
                    "tabix": 1.21
                },
                "TABIX_SEVERUS": {
                    "tabix": 1.21
                },
                "TAGBAM": {
                    "tagbam": "0.1.0"
                },
                "UNTAR_VEP_CACHE": {
                    "untar": 1.34
                },
                "WHATSHAP_HAPLOTAG": {
                    "whatshap": 2.3
                },
                "WHATSHAP_PHASE": {
                    "whatshap": 2.3,
                    "bgzip": 1.2,
                    "tabix": 1.2
                },
                "WHATSHAP_STATS": {
                    "whatshap": 2.3,
                    "bgzip": 1.2,
                    "tabix": 1.2
                },
                "Workflow": {
                    "genomic-medicine-sweden/nallo": "v0.8.0dev"
                }
            },
            [
                "aligned_reads",
                "aligned_reads/HG002_ONT_A",
                "aligned_reads/HG002_ONT_A/HG002_ONT_A_haplotagged.bam",
                "aligned_reads/HG002_ONT_A/HG002_ONT_A_haplotagged.bam.bai",
                "aligned_reads/HG002_ONT_B",
                "aligned_reads/HG002_ONT_B/HG002_ONT_B_haplotagged.bam",
                "aligned_reads/HG002_ONT_B/HG002_ONT_B_haplotagged.bam.bai",
                "aligned_reads/HG002_ONT_C",
                "aligned_reads/HG002_ONT_C/HG002_ONT_C_haplotagged.bam",
                "aligned_reads/HG002_ONT_C/HG002_ONT_C_haplotagged.bam.bai",
                "assembly",
                "assembly/sample",
                "assembly/sample/HG002_ONT_A",
                "assembly/sample/HG002_ONT_A/HG002_ONT_A_aligned_assembly.bam",
                "assembly/sample/HG002_ONT_A/HG002_ONT_A_aligned_assembly.bam.bai",
                "assembly/sample/HG002_ONT_B",
                "assembly/sample/HG002_ONT_B/HG002_ONT_B_aligned_assembly.bam",
                "assembly/sample/HG002_ONT_B/HG002_ONT_B_aligned_assembly.bam.bai",
                "assembly/sample/HG002_ONT_C",
                "assembly/sample/HG002_ONT_C/HG002_ONT_C_aligned_assembly.bam",
                "assembly/sample/HG002_ONT_C/HG002_ONT_C_aligned_assembly.bam.bai",
                "assembly/stats",
                "assembly/stats/HG002_ONT_A",
                "assembly/stats/HG002_ONT_A/HG002_ONT_A_haplotype_1.assembly_summary",
                "assembly/stats/HG002_ONT_A/HG002_ONT_A_haplotype_2.assembly_summary",
                "assembly/stats/HG002_ONT_B",
                "assembly/stats/HG002_ONT_B/HG002_ONT_B_haplotype_1.assembly_summary",
                "assembly/stats/HG002_ONT_B/HG002_ONT_B_haplotype_2.assembly_summary",
                "assembly/stats/HG002_ONT_C",
                "assembly/stats/HG002_ONT_C/HG002_ONT_C_haplotype_1.assembly_summary",
                "assembly/stats/HG002_ONT_C/HG002_ONT_C_haplotype_2.assembly_summary",
                "methylation",
                "methylation/modkit",
                "methylation/modkit/pileup",
                "methylation/modkit/pileup/HG002_ONT_A",
                "methylation/modkit/pileup/HG002_ONT_A/HG002_ONT_A_modkit_pileup_1.bed.gz",
                "methylation/modkit/pileup/HG002_ONT_A/HG002_ONT_A_modkit_pileup_1.bed.gz.tbi",
                "methylation/modkit/pileup/HG002_ONT_A/HG002_ONT_A_modkit_pileup_1.bw",
                "methylation/modkit/pileup/HG002_ONT_A/HG002_ONT_A_modkit_pileup_2.bed.gz",
                "methylation/modkit/pileup/HG002_ONT_A/HG002_ONT_A_modkit_pileup_2.bed.gz.tbi",
                "methylation/modkit/pileup/HG002_ONT_A/HG002_ONT_A_modkit_pileup_2.bw",
                "methylation/modkit/pileup/HG002_ONT_A/HG002_ONT_A_modkit_pileup_ungrouped.bed.gz",
                "methylation/modkit/pileup/HG002_ONT_A/HG002_ONT_A_modkit_pileup_ungrouped.bed.gz.tbi",
                "methylation/modkit/pileup/HG002_ONT_A/HG002_ONT_A_modkit_pileup_ungrouped.bw",
                "methylation/modkit/pileup/HG002_ONT_B",
                "methylation/modkit/pileup/HG002_ONT_B/HG002_ONT_B_modkit_pileup_1.bed.gz",
                "methylation/modkit/pileup/HG002_ONT_B/HG002_ONT_B_modkit_pileup_1.bed.gz.tbi",
                "methylation/modkit/pileup/HG002_ONT_B/HG002_ONT_B_modkit_pileup_1.bw",
                "methylation/modkit/pileup/HG002_ONT_B/HG002_ONT_B_modkit_pileup_2.bed.gz",
                "methylation/modkit/pileup/HG002_ONT_B/HG002_ONT_B_modkit_pileup_2.bed.gz.tbi",
                "methylation/modkit/pileup/HG002_ONT_B/HG002_ONT_B_modkit_pileup_2.bw",
                "methylation/modkit/pileup/HG002_ONT_B/HG002_ONT_B_modkit_pileup_ungrouped.bed.gz",
                "methylation/modkit/pileup/HG002_ONT_B/HG002_ONT_B_modkit_pileup_ungrouped.bed.gz.tbi",
                "methylation/modkit/pileup/HG002_ONT_B/HG002_ONT_B_modkit_pileup_ungrouped.bw",
                "methylation/modkit/pileup/HG002_ONT_C",
                "methylation/modkit/pileup/HG002_ONT_C/HG002_ONT_C_modkit_pileup_1.bed.gz",
                "methylation/modkit/pileup/HG002_ONT_C/HG002_ONT_C_modkit_pileup_1.bed.gz.tbi",
                "methylation/modkit/pileup/HG002_ONT_C/HG002_ONT_C_modkit_pileup_1.bw",
                "methylation/modkit/pileup/HG002_ONT_C/HG002_ONT_C_modkit_pileup_2.bed.gz",
                "methylation/modkit/pileup/HG002_ONT_C/HG002_ONT_C_modkit_pileup_2.bed.gz.tbi",
                "methylation/modkit/pileup/HG002_ONT_C/HG002_ONT_C_modkit_pileup_2.bw",
                "methylation/modkit/pileup/HG002_ONT_C/HG002_ONT_C_modkit_pileup_ungrouped.bed.gz",
                "methylation/modkit/pileup/HG002_ONT_C/HG002_ONT_C_modkit_pileup_ungrouped.bed.gz.tbi",
                "methylation/modkit/pileup/HG002_ONT_C/HG002_ONT_C_modkit_pileup_ungrouped.bw",
                "multiqc",
                "multiqc/multiqc_data",
                "multiqc/multiqc_data/bcftools-stats-subtypes.txt",
                "multiqc/multiqc_data/bcftools_stats_indel-lengths.txt",
                "multiqc/multiqc_data/bcftools_stats_vqc_Count_Indels.txt",
                "multiqc/multiqc_data/bcftools_stats_vqc_Count_SNP.txt",
                "multiqc/multiqc_data/bcftools_stats_vqc_Count_Transitions.txt",
                "multiqc/multiqc_data/bcftools_stats_vqc_Count_Transversions.txt",
                "multiqc/multiqc_data/fastqc-status-check-heatmap.txt",
                "multiqc/multiqc_data/fastqc_adapter_content_plot.txt",
                "multiqc/multiqc_data/fastqc_overrepresented_sequences_plot.txt",
                "multiqc/multiqc_data/fastqc_per_base_n_content_plot.txt",
                "multiqc/multiqc_data/fastqc_per_base_sequence_quality_plot.txt",
                "multiqc/multiqc_data/fastqc_per_sequence_gc_content_plot_Counts.txt",
                "multiqc/multiqc_data/fastqc_per_sequence_gc_content_plot_Percentages.txt",
                "multiqc/multiqc_data/fastqc_per_sequence_quality_scores_plot.txt",
                "multiqc/multiqc_data/fastqc_sequence_counts_plot.txt",
                "multiqc/multiqc_data/fastqc_sequence_duplication_levels_plot.txt",
                "multiqc/multiqc_data/fastqc_sequence_length_distribution_plot.txt",
                "multiqc/multiqc_data/fastqc_top_overrepresented_sequences_table.txt",
                "multiqc/multiqc_data/mosdepth-coverage-per-contig-multi.txt",
                "multiqc/multiqc_data/mosdepth-cumcoverage-dist-id.txt",
                "multiqc/multiqc_data/mosdepth_cov_dist.txt",
                "multiqc/multiqc_data/mosdepth_cumcov_dist.txt",
                "multiqc/multiqc_data/mosdepth_perchrom.txt",
                "multiqc/multiqc_data/multiqc.log",
                "multiqc/multiqc_data/multiqc_bcftools_stats.txt",
                "multiqc/multiqc_data/multiqc_citations.txt",
                "multiqc/multiqc_data/multiqc_data.json",
                "multiqc/multiqc_data/multiqc_fastqc.txt",
                "multiqc/multiqc_data/multiqc_general_stats.txt",
                "multiqc/multiqc_data/multiqc_peddy.txt",
                "multiqc/multiqc_data/multiqc_software_versions.txt",
                "multiqc/multiqc_data/multiqc_somalier.txt",
                "multiqc/multiqc_data/multiqc_sources.txt",
                "multiqc/multiqc_data/multiqc_whatshap_phased_bp_plot.txt",
                "multiqc/multiqc_data/multiqc_whatshap_stats.txt",
                "multiqc/multiqc_data/peddy_het_check_plot.txt",
                "multiqc/multiqc_data/peddy_relatedness_plot.txt",
                "multiqc/multiqc_data/peddy_sex_check_plot.txt",
                "multiqc/multiqc_data/somalier_het_check_plot.txt",
                "multiqc/multiqc_data/somalier_relatedness_heatmap_plot.txt",
                "multiqc/multiqc_data/somalier_relatedness_plot.txt",
                "multiqc/multiqc_data/somalier_sex_check_plot.txt",
                "multiqc/multiqc_data/somalier_stats.txt",
                "multiqc/multiqc_data/whatshap-stats-table.txt",
                "multiqc/multiqc_plots",
                "multiqc/multiqc_plots/pdf",
                "multiqc/multiqc_plots/pdf/bcftools-stats-subtypes-cnt.pdf",
                "multiqc/multiqc_plots/pdf/bcftools-stats-subtypes-pct.pdf",
                "multiqc/multiqc_plots/pdf/bcftools_stats_indel-lengths.pdf",
                "multiqc/multiqc_plots/pdf/bcftools_stats_vqc_Count_Indels.pdf",
                "multiqc/multiqc_plots/pdf/bcftools_stats_vqc_Count_SNP.pdf",
                "multiqc/multiqc_plots/pdf/bcftools_stats_vqc_Count_Transitions.pdf",
                "multiqc/multiqc_plots/pdf/bcftools_stats_vqc_Count_Transversions.pdf",
                "multiqc/multiqc_plots/pdf/fastqc-status-check-heatmap.pdf",
                "multiqc/multiqc_plots/pdf/fastqc_adapter_content_plot.pdf",
                "multiqc/multiqc_plots/pdf/fastqc_overrepresented_sequences_plot.pdf",
                "multiqc/multiqc_plots/pdf/fastqc_per_base_n_content_plot.pdf",
                "multiqc/multiqc_plots/pdf/fastqc_per_base_sequence_quality_plot.pdf",
                "multiqc/multiqc_plots/pdf/fastqc_per_sequence_gc_content_plot_Counts.pdf",
                "multiqc/multiqc_plots/pdf/fastqc_per_sequence_gc_content_plot_Percentages.pdf",
                "multiqc/multiqc_plots/pdf/fastqc_per_sequence_quality_scores_plot.pdf",
                "multiqc/multiqc_plots/pdf/fastqc_sequence_counts_plot-cnt.pdf",
                "multiqc/multiqc_plots/pdf/fastqc_sequence_counts_plot-pct.pdf",
                "multiqc/multiqc_plots/pdf/fastqc_sequence_duplication_levels_plot.pdf",
                "multiqc/multiqc_plots/pdf/fastqc_sequence_length_distribution_plot.pdf",
                "multiqc/multiqc_plots/pdf/fastqc_top_overrepresented_sequences_table.pdf",
                "multiqc/multiqc_plots/pdf/general_stats_table.pdf",
                "multiqc/multiqc_plots/pdf/mosdepth-coverage-per-contig-multi-cnt.pdf",
                "multiqc/multiqc_plots/pdf/mosdepth-coverage-per-contig-multi-log.pdf",
                "multiqc/multiqc_plots/pdf/mosdepth-cumcoverage-dist-id.pdf",
                "multiqc/multiqc_plots/pdf/multiqc_whatshap_phased_bp_plot.pdf",
                "multiqc/multiqc_plots/pdf/peddy_het_check_plot.pdf",
                "multiqc/multiqc_plots/pdf/peddy_relatedness_plot.pdf",
                "multiqc/multiqc_plots/pdf/peddy_sex_check_plot.pdf",
                "multiqc/multiqc_plots/pdf/somalier_het_check_plot.pdf",
                "multiqc/multiqc_plots/pdf/somalier_relatedness_heatmap_plot.pdf",
                "multiqc/multiqc_plots/pdf/somalier_relatedness_plot.pdf",
                "multiqc/multiqc_plots/pdf/somalier_sex_check_plot.pdf",
                "multiqc/multiqc_plots/pdf/somalier_stats.pdf",
                "multiqc/multiqc_plots/pdf/whatshap-stats-table.pdf",
                "multiqc/multiqc_plots/png",
                "multiqc/multiqc_plots/png/bcftools-stats-subtypes-cnt.png",
                "multiqc/multiqc_plots/png/bcftools-stats-subtypes-pct.png",
                "multiqc/multiqc_plots/png/bcftools_stats_indel-lengths.png",
                "multiqc/multiqc_plots/png/bcftools_stats_vqc_Count_Indels.png",
                "multiqc/multiqc_plots/png/bcftools_stats_vqc_Count_SNP.png",
                "multiqc/multiqc_plots/png/bcftools_stats_vqc_Count_Transitions.png",
                "multiqc/multiqc_plots/png/bcftools_stats_vqc_Count_Transversions.png",
                "multiqc/multiqc_plots/png/fastqc-status-check-heatmap.png",
                "multiqc/multiqc_plots/png/fastqc_adapter_content_plot.png",
                "multiqc/multiqc_plots/png/fastqc_overrepresented_sequences_plot.png",
                "multiqc/multiqc_plots/png/fastqc_per_base_n_content_plot.png",
                "multiqc/multiqc_plots/png/fastqc_per_base_sequence_quality_plot.png",
                "multiqc/multiqc_plots/png/fastqc_per_sequence_gc_content_plot_Counts.png",
                "multiqc/multiqc_plots/png/fastqc_per_sequence_gc_content_plot_Percentages.png",
                "multiqc/multiqc_plots/png/fastqc_per_sequence_quality_scores_plot.png",
                "multiqc/multiqc_plots/png/fastqc_sequence_counts_plot-cnt.png",
                "multiqc/multiqc_plots/png/fastqc_sequence_counts_plot-pct.png",
                "multiqc/multiqc_plots/png/fastqc_sequence_duplication_levels_plot.png",
                "multiqc/multiqc_plots/png/fastqc_sequence_length_distribution_plot.png",
                "multiqc/multiqc_plots/png/fastqc_top_overrepresented_sequences_table.png",
                "multiqc/multiqc_plots/png/general_stats_table.png",
                "multiqc/multiqc_plots/png/mosdepth-coverage-per-contig-multi-cnt.png",
                "multiqc/multiqc_plots/png/mosdepth-coverage-per-contig-multi-log.png",
                "multiqc/multiqc_plots/png/mosdepth-cumcoverage-dist-id.png",
                "multiqc/multiqc_plots/png/multiqc_whatshap_phased_bp_plot.png",
                "multiqc/multiqc_plots/png/peddy_het_check_plot.png",
                "multiqc/multiqc_plots/png/peddy_relatedness_plot.png",
                "multiqc/multiqc_plots/png/peddy_sex_check_plot.png",
                "multiqc/multiqc_plots/png/somalier_het_check_plot.png",
                "multiqc/multiqc_plots/png/somalier_relatedness_heatmap_plot.png",
                "multiqc/multiqc_plots/png/somalier_relatedness_plot.png",
                "multiqc/multiqc_plots/png/somalier_sex_check_plot.png",
                "multiqc/multiqc_plots/png/somalier_stats.png",
                "multiqc/multiqc_plots/png/whatshap-stats-table.png",
                "multiqc/multiqc_plots/svg",
                "multiqc/multiqc_plots/svg/bcftools-stats-subtypes-cnt.svg",
                "multiqc/multiqc_plots/svg/bcftools-stats-subtypes-pct.svg",
                "multiqc/multiqc_plots/svg/bcftools_stats_indel-lengths.svg",
                "multiqc/multiqc_plots/svg/bcftools_stats_vqc_Count_Indels.svg",
                "multiqc/multiqc_plots/svg/bcftools_stats_vqc_Count_SNP.svg",
                "multiqc/multiqc_plots/svg/bcftools_stats_vqc_Count_Transitions.svg",
                "multiqc/multiqc_plots/svg/bcftools_stats_vqc_Count_Transversions.svg",
                "multiqc/multiqc_plots/svg/fastqc-status-check-heatmap.svg",
                "multiqc/multiqc_plots/svg/fastqc_adapter_content_plot.svg",
                "multiqc/multiqc_plots/svg/fastqc_overrepresented_sequences_plot.svg",
                "multiqc/multiqc_plots/svg/fastqc_per_base_n_content_plot.svg",
                "multiqc/multiqc_plots/svg/fastqc_per_base_sequence_quality_plot.svg",
                "multiqc/multiqc_plots/svg/fastqc_per_sequence_gc_content_plot_Counts.svg",
                "multiqc/multiqc_plots/svg/fastqc_per_sequence_gc_content_plot_Percentages.svg",
                "multiqc/multiqc_plots/svg/fastqc_per_sequence_quality_scores_plot.svg",
                "multiqc/multiqc_plots/svg/fastqc_sequence_counts_plot-cnt.svg",
                "multiqc/multiqc_plots/svg/fastqc_sequence_counts_plot-pct.svg",
                "multiqc/multiqc_plots/svg/fastqc_sequence_duplication_levels_plot.svg",
                "multiqc/multiqc_plots/svg/fastqc_sequence_length_distribution_plot.svg",
                "multiqc/multiqc_plots/svg/fastqc_top_overrepresented_sequences_table.svg",
                "multiqc/multiqc_plots/svg/general_stats_table.svg",
                "multiqc/multiqc_plots/svg/mosdepth-coverage-per-contig-multi-cnt.svg",
                "multiqc/multiqc_plots/svg/mosdepth-coverage-per-contig-multi-log.svg",
                "multiqc/multiqc_plots/svg/mosdepth-cumcoverage-dist-id.svg",
                "multiqc/multiqc_plots/svg/multiqc_whatshap_phased_bp_plot.svg",
                "multiqc/multiqc_plots/svg/peddy_het_check_plot.svg",
                "multiqc/multiqc_plots/svg/peddy_relatedness_plot.svg",
                "multiqc/multiqc_plots/svg/peddy_sex_check_plot.svg",
                "multiqc/multiqc_plots/svg/somalier_het_check_plot.svg",
                "multiqc/multiqc_plots/svg/somalier_relatedness_heatmap_plot.svg",
                "multiqc/multiqc_plots/svg/somalier_relatedness_plot.svg",
                "multiqc/multiqc_plots/svg/somalier_sex_check_plot.svg",
                "multiqc/multiqc_plots/svg/somalier_stats.svg",
                "multiqc/multiqc_plots/svg/whatshap-stats-table.svg",
                "multiqc/multiqc_report.html",
                "pedigree",
                "pedigree/family",
                "pedigree/family/FAM.ped",
                "pedigree/family/FAM2.ped",
                "phased_variants",
                "phased_variants/HG002_ONT_A",
                "phased_variants/HG002_ONT_A/HG002_ONT_A_phased.vcf.gz",
                "phased_variants/HG002_ONT_A/HG002_ONT_A_phased.vcf.gz.tbi",
                "phased_variants/HG002_ONT_B",
                "phased_variants/HG002_ONT_B/HG002_ONT_B_phased.vcf.gz",
                "phased_variants/HG002_ONT_B/HG002_ONT_B_phased.vcf.gz.tbi",
                "phased_variants/HG002_ONT_C",
                "phased_variants/HG002_ONT_C/HG002_ONT_C_phased.vcf.gz",
                "phased_variants/HG002_ONT_C/HG002_ONT_C_phased.vcf.gz.tbi",
                "pipeline_info",
                "pipeline_info/nallo_pipeline_software_mqc_versions.yml",
                "qc",
                "qc/bcftools_stats",
                "qc/bcftools_stats/HG002_ONT_A",
                "qc/bcftools_stats/HG002_ONT_A/HG002_ONT_A.bcftools_stats.txt",
                "qc/bcftools_stats/HG002_ONT_B",
                "qc/bcftools_stats/HG002_ONT_B/HG002_ONT_B.bcftools_stats.txt",
                "qc/bcftools_stats/HG002_ONT_C",
                "qc/bcftools_stats/HG002_ONT_C/HG002_ONT_C.bcftools_stats.txt",
                "qc/cramino",
                "qc/cramino/phased",
                "qc/cramino/phased/HG002_ONT_A",
                "qc/cramino/phased/HG002_ONT_A/HG002_ONT_A_cramino_aligned_phased.arrow",
                "qc/cramino/phased/HG002_ONT_A/HG002_ONT_A_cramino_aligned_phased.txt",
                "qc/cramino/phased/HG002_ONT_B",
                "qc/cramino/phased/HG002_ONT_B/HG002_ONT_B_cramino_aligned_phased.arrow",
                "qc/cramino/phased/HG002_ONT_B/HG002_ONT_B_cramino_aligned_phased.txt",
                "qc/cramino/phased/HG002_ONT_C",
                "qc/cramino/phased/HG002_ONT_C/HG002_ONT_C_cramino_aligned_phased.arrow",
                "qc/cramino/phased/HG002_ONT_C/HG002_ONT_C_cramino_aligned_phased.txt",
                "qc/cramino/unphased",
                "qc/cramino/unphased/HG002_ONT_A",
                "qc/cramino/unphased/HG002_ONT_A/HG002_ONT_A_cramino_aligned.arrow",
                "qc/cramino/unphased/HG002_ONT_A/HG002_ONT_A_cramino_aligned.txt",
                "qc/cramino/unphased/HG002_ONT_B",
                "qc/cramino/unphased/HG002_ONT_B/HG002_ONT_B_cramino_aligned.arrow",
                "qc/cramino/unphased/HG002_ONT_B/HG002_ONT_B_cramino_aligned.txt",
                "qc/cramino/unphased/HG002_ONT_C",
                "qc/cramino/unphased/HG002_ONT_C/HG002_ONT_C_cramino_aligned.arrow",
                "qc/cramino/unphased/HG002_ONT_C/HG002_ONT_C_cramino_aligned.txt",
                "qc/deepvariant_vcfstatsreport",
                "qc/deepvariant_vcfstatsreport/HG002_ONT_A",
                "qc/deepvariant_vcfstatsreport/HG002_ONT_A/HG002_ONT_A.visual_report.html",
                "qc/deepvariant_vcfstatsreport/HG002_ONT_B",
                "qc/deepvariant_vcfstatsreport/HG002_ONT_B/HG002_ONT_B.visual_report.html",
                "qc/deepvariant_vcfstatsreport/HG002_ONT_C",
                "qc/deepvariant_vcfstatsreport/HG002_ONT_C/HG002_ONT_C.visual_report.html",
                "qc/fastqc",
                "qc/fastqc/HG002_ONT_A",
                "qc/fastqc/HG002_ONT_A/HG002_ONT_A_fastqc.html",
                "qc/fastqc/HG002_ONT_A/HG002_ONT_A_fastqc.zip",
                "qc/fastqc/HG002_ONT_B",
                "qc/fastqc/HG002_ONT_B/HG002_ONT_B_fastqc.html",
                "qc/fastqc/HG002_ONT_B/HG002_ONT_B_fastqc.zip",
                "qc/fastqc/HG002_ONT_C",
                "qc/fastqc/HG002_ONT_C/HG002_ONT_C_fastqc.html",
                "qc/fastqc/HG002_ONT_C/HG002_ONT_C_fastqc.zip",
                "qc/mosdepth",
                "qc/mosdepth/HG002_ONT_A",
                "qc/mosdepth/HG002_ONT_A/HG002_ONT_A.mosdepth.global.dist.txt",
                "qc/mosdepth/HG002_ONT_A/HG002_ONT_A.mosdepth.region.dist.txt",
                "qc/mosdepth/HG002_ONT_A/HG002_ONT_A.mosdepth.summary.txt",
                "qc/mosdepth/HG002_ONT_A/HG002_ONT_A.per-base.d4",
                "qc/mosdepth/HG002_ONT_A/HG002_ONT_A.regions.bed.gz",
                "qc/mosdepth/HG002_ONT_A/HG002_ONT_A.regions.bed.gz.csi",
                "qc/mosdepth/HG002_ONT_B",
                "qc/mosdepth/HG002_ONT_B/HG002_ONT_B.mosdepth.global.dist.txt",
                "qc/mosdepth/HG002_ONT_B/HG002_ONT_B.mosdepth.region.dist.txt",
                "qc/mosdepth/HG002_ONT_B/HG002_ONT_B.mosdepth.summary.txt",
                "qc/mosdepth/HG002_ONT_B/HG002_ONT_B.per-base.d4",
                "qc/mosdepth/HG002_ONT_B/HG002_ONT_B.regions.bed.gz",
                "qc/mosdepth/HG002_ONT_B/HG002_ONT_B.regions.bed.gz.csi",
                "qc/mosdepth/HG002_ONT_C",
                "qc/mosdepth/HG002_ONT_C/HG002_ONT_C.mosdepth.global.dist.txt",
                "qc/mosdepth/HG002_ONT_C/HG002_ONT_C.mosdepth.region.dist.txt",
                "qc/mosdepth/HG002_ONT_C/HG002_ONT_C.mosdepth.summary.txt",
                "qc/mosdepth/HG002_ONT_C/HG002_ONT_C.per-base.d4",
                "qc/mosdepth/HG002_ONT_C/HG002_ONT_C.regions.bed.gz",
                "qc/mosdepth/HG002_ONT_C/HG002_ONT_C.regions.bed.gz.csi",
                "qc/peddy",
                "qc/peddy/FAM",
                "qc/peddy/FAM/FAM.het_check.csv",
                "qc/peddy/FAM/FAM.het_check.png",
                "qc/peddy/FAM/FAM.html",
                "qc/peddy/FAM/FAM.ped_check.csv",
                "qc/peddy/FAM/FAM.ped_check.png",
                "qc/peddy/FAM/FAM.ped_check.rel-difference.csv",
                "qc/peddy/FAM/FAM.peddy.ped",
                "qc/peddy/FAM/FAM.sex_check.csv",
                "qc/peddy/FAM/FAM.sex_check.png",
                "qc/peddy/FAM/FAM.vs.html",
                "qc/peddy/FAM2",
                "qc/peddy/FAM2/FAM2.het_check.csv",
                "qc/peddy/FAM2/FAM2.het_check.png",
                "qc/peddy/FAM2/FAM2.html",
                "qc/peddy/FAM2/FAM2.ped_check.csv",
                "qc/peddy/FAM2/FAM2.ped_check.png",
                "qc/peddy/FAM2/FAM2.ped_check.rel-difference.csv",
                "qc/peddy/FAM2/FAM2.peddy.ped",
                "qc/peddy/FAM2/FAM2.sex_check.csv",
                "qc/peddy/FAM2/FAM2.sex_check.png",
                "qc/peddy/FAM2/FAM2.vs.html",
                "qc/phasing_stats",
                "qc/phasing_stats/HG002_ONT_A",
                "qc/phasing_stats/HG002_ONT_A/HG002_ONT_A_stats.blocks.gtf.gz",
                "qc/phasing_stats/HG002_ONT_A/HG002_ONT_A_stats.blocks.gtf.gz.tbi",
                "qc/phasing_stats/HG002_ONT_A/HG002_ONT_A_stats.stats.tsv",
                "qc/phasing_stats/HG002_ONT_B",
                "qc/phasing_stats/HG002_ONT_B/HG002_ONT_B_stats.blocks.gtf.gz",
                "qc/phasing_stats/HG002_ONT_B/HG002_ONT_B_stats.blocks.gtf.gz.tbi",
                "qc/phasing_stats/HG002_ONT_B/HG002_ONT_B_stats.stats.tsv",
                "qc/phasing_stats/HG002_ONT_C",
                "qc/phasing_stats/HG002_ONT_C/HG002_ONT_C_stats.blocks.gtf.gz",
                "qc/phasing_stats/HG002_ONT_C/HG002_ONT_C_stats.blocks.gtf.gz.tbi",
                "qc/phasing_stats/HG002_ONT_C/HG002_ONT_C_stats.stats.tsv",
                "qc/somalier",
                "qc/somalier/relate",
                "qc/somalier/relate/test",
                "qc/somalier/relate/test/test.html",
                "qc/somalier/relate/test/test.pairs.tsv",
                "qc/somalier/relate/test/test.samples.tsv",
                "repeats",
                "repeats/family",
                "repeats/family/FAM",
                "repeats/family/FAM/FAM_repeat_expansions.vcf.gz",
                "repeats/family/FAM/FAM_repeat_expansions.vcf.gz.tbi",
                "repeats/family/FAM2",
                "repeats/family/FAM2/FAM2_repeat_expansions.vcf.gz",
                "repeats/family/FAM2/FAM2_repeat_expansions.vcf.gz.tbi",
                "repeats/sample",
                "repeats/sample/HG002_ONT_A",
                "repeats/sample/HG002_ONT_A/HG002_ONT_A_strdust.vcf.gz",
                "repeats/sample/HG002_ONT_A/HG002_ONT_A_strdust.vcf.gz.tbi",
                "repeats/sample/HG002_ONT_B",
                "repeats/sample/HG002_ONT_B/HG002_ONT_B_strdust.vcf.gz",
                "repeats/sample/HG002_ONT_B/HG002_ONT_B_strdust.vcf.gz.tbi",
                "repeats/sample/HG002_ONT_C",
                "repeats/sample/HG002_ONT_C/HG002_ONT_C_strdust.vcf.gz",
                "repeats/sample/HG002_ONT_C/HG002_ONT_C_strdust.vcf.gz.tbi",
                "snvs",
                "snvs/family",
                "snvs/family/FAM",
                "snvs/family/FAM/FAM_snvs_annotated_ranked_clinical.vcf.gz",
                "snvs/family/FAM/FAM_snvs_annotated_ranked_clinical.vcf.gz.tbi",
                "snvs/family/FAM/FAM_snvs_annotated_ranked_research.vcf.gz",
                "snvs/family/FAM/FAM_snvs_annotated_ranked_research.vcf.gz.tbi",
                "snvs/family/FAM2",
                "snvs/family/FAM2/FAM2_snvs_annotated_ranked_clinical.vcf.gz",
                "snvs/family/FAM2/FAM2_snvs_annotated_ranked_clinical.vcf.gz.tbi",
                "snvs/family/FAM2/FAM2_snvs_annotated_ranked_research.vcf.gz",
                "snvs/family/FAM2/FAM2_snvs_annotated_ranked_research.vcf.gz.tbi",
                "snvs/sample",
                "snvs/sample/HG002_ONT_A",
                "snvs/sample/HG002_ONT_A/HG002_ONT_A_deepvariant_snvs.vcf.gz",
                "snvs/sample/HG002_ONT_A/HG002_ONT_A_deepvariant_snvs.vcf.gz.tbi",
                "snvs/sample/HG002_ONT_B",
                "snvs/sample/HG002_ONT_B/HG002_ONT_B_deepvariant_snvs.vcf.gz",
                "snvs/sample/HG002_ONT_B/HG002_ONT_B_deepvariant_snvs.vcf.gz.tbi",
                "snvs/sample/HG002_ONT_C",
                "snvs/sample/HG002_ONT_C/HG002_ONT_C_deepvariant_snvs.vcf.gz",
                "snvs/sample/HG002_ONT_C/HG002_ONT_C_deepvariant_snvs.vcf.gz.tbi",
                "svs",
                "svs/family",
                "svs/family/FAM",
                "svs/family/FAM/FAM_hificnv_svs.vcf.gz",
                "svs/family/FAM/FAM_hificnv_svs.vcf.gz.tbi",
                "svs/family/FAM/FAM_severus_svs.vcf.gz",
                "svs/family/FAM/FAM_severus_svs.vcf.gz.tbi",
                "svs/family/FAM/FAM_sniffles_svs.vcf.gz",
                "svs/family/FAM/FAM_sniffles_svs.vcf.gz.tbi",
                "svs/family/FAM/FAM_svs_annotated_ranked_clinical.vcf.gz",
                "svs/family/FAM/FAM_svs_annotated_ranked_clinical.vcf.gz.tbi",
                "svs/family/FAM/FAM_svs_annotated_ranked_research.vcf.gz",
                "svs/family/FAM/FAM_svs_annotated_ranked_research.vcf.gz.tbi",
                "svs/family/FAM2",
                "svs/family/FAM2/FAM2_hificnv_svs.vcf.gz",
                "svs/family/FAM2/FAM2_hificnv_svs.vcf.gz.tbi",
                "svs/family/FAM2/FAM2_severus_svs.vcf.gz",
                "svs/family/FAM2/FAM2_severus_svs.vcf.gz.tbi",
                "svs/family/FAM2/FAM2_sniffles_svs.vcf.gz",
                "svs/family/FAM2/FAM2_sniffles_svs.vcf.gz.tbi",
                "svs/family/FAM2/FAM2_svs_annotated_ranked_clinical.vcf.gz",
                "svs/family/FAM2/FAM2_svs_annotated_ranked_clinical.vcf.gz.tbi",
                "svs/family/FAM2/FAM2_svs_annotated_ranked_research.vcf.gz",
                "svs/family/FAM2/FAM2_svs_annotated_ranked_research.vcf.gz.tbi",
                "visualization_tracks",
                "visualization_tracks/HG002_ONT_A",
                "visualization_tracks/HG002_ONT_A/HG002_ONT_A_hificnv.copynum.bedgraph",
                "visualization_tracks/HG002_ONT_A/HG002_ONT_A_hificnv.depth.bw",
                "visualization_tracks/HG002_ONT_A/HG002_ONT_A_hificnv.maf.bw",
                "visualization_tracks/HG002_ONT_B",
                "visualization_tracks/HG002_ONT_B/HG002_ONT_B_hificnv.copynum.bedgraph",
                "visualization_tracks/HG002_ONT_B/HG002_ONT_B_hificnv.depth.bw",
                "visualization_tracks/HG002_ONT_B/HG002_ONT_B_hificnv.maf.bw",
                "visualization_tracks/HG002_ONT_C",
                "visualization_tracks/HG002_ONT_C/HG002_ONT_C_hificnv.copynum.bedgraph",
                "visualization_tracks/HG002_ONT_C/HG002_ONT_C_hificnv.depth.bw",
                "visualization_tracks/HG002_ONT_C/HG002_ONT_C_hificnv.maf.bw"
            ],
            [
                "HG002_ONT_A_haplotype_1.assembly_summary:md5,cbf02b84ec28d7924bc8b7db221306e1",
                "HG002_ONT_A_haplotype_2.assembly_summary:md5,70c46e9a12938cc7ff2e1a56de0e57d9",
                "HG002_ONT_B_haplotype_1.assembly_summary:md5,54ad9f2481efbaa4e72040dec7202857",
                "HG002_ONT_B_haplotype_2.assembly_summary:md5,bace18a8e6dcf7f3dc1a1c95202bc0f2",
                "HG002_ONT_C_haplotype_1.assembly_summary:md5,cbf02b84ec28d7924bc8b7db221306e1",
                "HG002_ONT_C_haplotype_2.assembly_summary:md5,70c46e9a12938cc7ff2e1a56de0e57d9",
                "HG002_ONT_A_modkit_pileup_1.bed.gz:md5,508d0e7519d89b56afa767d2a7f9765f",
                "HG002_ONT_A_modkit_pileup_1.bed.gz.tbi:md5,3449677d26967205a7e3d6a6e69cb547",
                "HG002_ONT_A_modkit_pileup_1.bw:md5,3a8c48caa77c2498943f445aca4dcc74",
                "HG002_ONT_A_modkit_pileup_2.bed.gz:md5,e59dd6d3037b816bfa54cf0d1f92c2a2",
                "HG002_ONT_A_modkit_pileup_2.bed.gz.tbi:md5,4674639e3c2b62e5c58c28df7bebc2ca",
                "HG002_ONT_A_modkit_pileup_2.bw:md5,a170155fef4ea3c786c600733bac76e9",
                "HG002_ONT_A_modkit_pileup_ungrouped.bed.gz:md5,eac49868df1b5d25c13506ed2a95ed0c",
                "HG002_ONT_A_modkit_pileup_ungrouped.bed.gz.tbi:md5,56036f5eaa0f67e9b2bc7c0d55952131",
                "HG002_ONT_A_modkit_pileup_ungrouped.bw:md5,765acc78b12b93291a5450af565f89c3",
                "HG002_ONT_B_modkit_pileup_1.bed.gz:md5,508d0e7519d89b56afa767d2a7f9765f",
                "HG002_ONT_B_modkit_pileup_1.bed.gz.tbi:md5,3449677d26967205a7e3d6a6e69cb547",
                "HG002_ONT_B_modkit_pileup_1.bw:md5,3a8c48caa77c2498943f445aca4dcc74",
                "HG002_ONT_B_modkit_pileup_2.bed.gz:md5,e59dd6d3037b816bfa54cf0d1f92c2a2",
                "HG002_ONT_B_modkit_pileup_2.bed.gz.tbi:md5,4674639e3c2b62e5c58c28df7bebc2ca",
                "HG002_ONT_B_modkit_pileup_2.bw:md5,a170155fef4ea3c786c600733bac76e9",
                "HG002_ONT_B_modkit_pileup_ungrouped.bed.gz:md5,162ef6866969907a772d8ccadef1bc38",
                "HG002_ONT_B_modkit_pileup_ungrouped.bed.gz.tbi:md5,bdd86cb943b9aa147030d5837997501a",
                "HG002_ONT_B_modkit_pileup_ungrouped.bw:md5,59c1327aba15c4272587c9bf34c0e9d2",
                "HG002_ONT_C_modkit_pileup_1.bed.gz:md5,508d0e7519d89b56afa767d2a7f9765f",
                "HG002_ONT_C_modkit_pileup_1.bed.gz.tbi:md5,3449677d26967205a7e3d6a6e69cb547",
                "HG002_ONT_C_modkit_pileup_1.bw:md5,3a8c48caa77c2498943f445aca4dcc74",
                "HG002_ONT_C_modkit_pileup_2.bed.gz:md5,e59dd6d3037b816bfa54cf0d1f92c2a2",
                "HG002_ONT_C_modkit_pileup_2.bed.gz.tbi:md5,4674639e3c2b62e5c58c28df7bebc2ca",
                "HG002_ONT_C_modkit_pileup_2.bw:md5,a170155fef4ea3c786c600733bac76e9",
                "HG002_ONT_C_modkit_pileup_ungrouped.bed.gz:md5,eac49868df1b5d25c13506ed2a95ed0c",
                "HG002_ONT_C_modkit_pileup_ungrouped.bed.gz.tbi:md5,56036f5eaa0f67e9b2bc7c0d55952131",
                "HG002_ONT_C_modkit_pileup_ungrouped.bw:md5,765acc78b12b93291a5450af565f89c3",
                "bcftools-stats-subtypes.txt:md5,9b562e3289ae0a8ecf0fb83fdf42bcc1",
                "bcftools_stats_indel-lengths.txt:md5,00a64900414fe2633d77fa0e42a0eb21",
                "fastqc-status-check-heatmap.txt:md5,d0e1151d2a0c5002e2bcfa9e3ceccbd9",
                "fastqc_adapter_content_plot.txt:md5,d59836ebc94a6ce5b4e2dd10765f6da1",
                "fastqc_overrepresented_sequences_plot.txt:md5,d7340dbb0d52fc22f437451bd2f7411f",
                "fastqc_per_base_n_content_plot.txt:md5,dfbfcfeed88b8eab77d214721a748edb",
                "fastqc_per_base_sequence_quality_plot.txt:md5,b94b9c28bef2703bf124eb774fe848f2",
                "fastqc_per_sequence_gc_content_plot_Counts.txt:md5,3f84aaa05bc155473b7ec849ca59d041",
                "fastqc_per_sequence_gc_content_plot_Percentages.txt:md5,f6fdc6ba4d6c9f412ae684eb2df3653e",
                "fastqc_per_sequence_quality_scores_plot.txt:md5,e847f1e85141eb291c3f118e84935c00",
                "fastqc_sequence_counts_plot.txt:md5,33ff45bd73c6797677511253a596e00a",
                "fastqc_sequence_duplication_levels_plot.txt:md5,11ca5b87ce1917839238b49aa349dda3",
                "fastqc_sequence_length_distribution_plot.txt:md5,1499fcb3837a993547c8e7f7d65f3de3",
                "mosdepth-coverage-per-contig-multi.txt:md5,c50c800daf4b5effe006996208d55630",
                "mosdepth-cumcoverage-dist-id.txt:md5,f315a9350f87b084f060f0cdddb4cfd7",
                "mosdepth_cov_dist.txt:md5,f0aaedf9d54cdde0e9842d638cb4fbbd",
                "mosdepth_cumcov_dist.txt:md5,f0aaedf9d54cdde0e9842d638cb4fbbd",
                "mosdepth_perchrom.txt:md5,ed0038754b6e6c6695c734f0d3b77c17",
                "multiqc_bcftools_stats.txt:md5,f62924c16aa9ca823a779ff873d46290",
                "multiqc_citations.txt:md5,b3367d20aa6e8306ca1c32c0f5993899",
                "multiqc_fastqc.txt:md5,36de4d688329683ad0b103c728afad97",
                "multiqc_general_stats.txt:md5,4df3377b444f2efab296f92800868e89",
                "multiqc_whatshap_phased_bp_plot.txt:md5,23f4b769ab4d846015ddd3704dff16b7",
                "peddy_relatedness_plot.txt:md5,c180406a5f106d03fa7c96a3cf188a7d",
                "somalier_stats.txt:md5,6520c753b4bdeadeaa78416661b350c7",
                "whatshap-stats-table.txt:md5,ddf60f94459c1d227530d813da670977",
                "FAM.ped:md5,deb1ee6bd38d6e8f7cb92801d8a12f12",
                "FAM2.ped:md5,a863aa424b288ec0f6a2c68ab55af10e",
                "HG002_ONT_A_cramino_aligned_phased.arrow:md5,60f312bc1ebf1eb0d4758fc59bcdf155",
                "HG002_ONT_B_cramino_aligned_phased.arrow:md5,b54516c7bc3aa8afa988f0db47eed13b",
                "HG002_ONT_C_cramino_aligned_phased.arrow:md5,60f312bc1ebf1eb0d4758fc59bcdf155",
                "HG002_ONT_A_cramino_aligned.arrow:md5,60f312bc1ebf1eb0d4758fc59bcdf155",
                "HG002_ONT_B_cramino_aligned.arrow:md5,b54516c7bc3aa8afa988f0db47eed13b",
                "HG002_ONT_C_cramino_aligned.arrow:md5,60f312bc1ebf1eb0d4758fc59bcdf155",
                "HG002_ONT_A.mosdepth.global.dist.txt:md5,14bcc32136e2146095ad21e40b2bc6a1",
                "HG002_ONT_A.mosdepth.region.dist.txt:md5,8c2be7b8a518ccdddfd44dc5ae18b783",
                "HG002_ONT_A.mosdepth.summary.txt:md5,2c8117fc445598a1c7225304f2907c54",
                "HG002_ONT_A.per-base.d4:md5,763c96b682b7857799e553d6e95ddddf",
                "HG002_ONT_A.regions.bed.gz:md5,3c39fa1dce5616638a3f12c6444e43cf",
                "HG002_ONT_A.regions.bed.gz.csi:md5,239ddab6fb3be39147565895ebdc8adb",
                "HG002_ONT_B.mosdepth.global.dist.txt:md5,7cdde2367e42396c3b7d4cd8933ef939",
                "HG002_ONT_B.mosdepth.region.dist.txt:md5,f8016d0a21e26157f53e1cb45c373ec4",
                "HG002_ONT_B.mosdepth.summary.txt:md5,a4c8f648553abf45a2d7c55bb3daff2f",
                "HG002_ONT_B.per-base.d4:md5,e47b555451da708175d5e36a97bc7a6e",
                "HG002_ONT_B.regions.bed.gz:md5,c83195cfea855b69267c33e5fc848c6a",
                "HG002_ONT_B.regions.bed.gz.csi:md5,87ddd5a9fd61b95406da0994207175e0",
                "HG002_ONT_C.mosdepth.global.dist.txt:md5,14bcc32136e2146095ad21e40b2bc6a1",
                "HG002_ONT_C.mosdepth.region.dist.txt:md5,8c2be7b8a518ccdddfd44dc5ae18b783",
                "HG002_ONT_C.mosdepth.summary.txt:md5,2c8117fc445598a1c7225304f2907c54",
                "HG002_ONT_C.per-base.d4:md5,763c96b682b7857799e553d6e95ddddf",
                "HG002_ONT_C.regions.bed.gz:md5,3c39fa1dce5616638a3f12c6444e43cf",
                "HG002_ONT_C.regions.bed.gz.csi:md5,239ddab6fb3be39147565895ebdc8adb",
                "FAM.het_check.csv:md5,5d4390b4cf0bf0d00a2da41ac65fe7a4",
                "FAM.het_check.png:md5,be72cdf4ff919a5d7a26cdbd2cf8028e",
                "FAM.html:md5,e35daa18da7c347f9e5e5d1035479df7",
                "FAM.ped_check.csv:md5,6d27de13b60eb731950353ea7ba0d69f",
                "FAM.ped_check.png:md5,a913cbf7bb527f6d571d4a95ff08eeb3",
                "FAM.ped_check.rel-difference.csv:md5,07f3ac195d434bb0771d7e439a6df3bb",
                "FAM.peddy.ped:md5,8ac5a71801b080fe53aa1acfef92ba5d",
                "FAM.sex_check.csv:md5,6f25fbd2f52302873b00aa8e8a36c7d0",
                "FAM.sex_check.png:md5,5c0d6e245262b7d0fb15f63e53223cb0",
                "FAM.vs.html:md5,33031c05e249eb831e7a0a1a512a9a16",
                "FAM2.het_check.csv:md5,f73b215647053d73fb66edaf3b3466fb",
                "FAM2.het_check.png:md5,d34c2aa02a064272a211204009caadd8",
                "FAM2.html:md5,c3a17a91568183376b6cebd395c44a4c",
                "FAM2.ped_check.csv:md5,21dded6c03dab39859d2936d4820c426",
                "FAM2.ped_check.png:md5,a74be2f748e31d65357bd16a6ec2c06e",
                "FAM2.ped_check.rel-difference.csv:md5,b59f50df00b5b3af6e71e774d8b99103",
                "FAM2.peddy.ped:md5,2ebcfe6a3a942542597f450bc051a7ab",
                "FAM2.sex_check.csv:md5,79b718a56051d3c47009f1c8fe7e8448",
                "FAM2.sex_check.png:md5,86efe705614b11bb32df6fce27a67a76",
                "FAM2.vs.html:md5,a749380edef4653dade663534ddcfbd6",
                "HG002_ONT_A_stats.blocks.gtf.gz:md5,5c7b4b125d3b228c6b7dda4fb25b0e95",
                "HG002_ONT_A_stats.blocks.gtf.gz.tbi:md5,d35b8357fe42708af2aac2f236357dbc",
                "HG002_ONT_B_stats.blocks.gtf.gz:md5,5c7b4b125d3b228c6b7dda4fb25b0e95",
                "HG002_ONT_B_stats.blocks.gtf.gz.tbi:md5,d35b8357fe42708af2aac2f236357dbc",
                "HG002_ONT_C_stats.blocks.gtf.gz:md5,5c7b4b125d3b228c6b7dda4fb25b0e95",
                "HG002_ONT_C_stats.blocks.gtf.gz.tbi:md5,d35b8357fe42708af2aac2f236357dbc",
                "HG002_ONT_A_hificnv.copynum.bedgraph:md5,fb0dcc9acc36631f736425b5a8fbac8a",
                "HG002_ONT_A_hificnv.depth.bw:md5,4fe85650e9718e36df2b7825dbfb4419",
                "HG002_ONT_A_hificnv.maf.bw:md5,3f60c0d4217f630639bb6526617241f5",
                "HG002_ONT_B_hificnv.copynum.bedgraph:md5,c021946f589412f9309fd3b1ad03c119",
                "HG002_ONT_B_hificnv.depth.bw:md5,708f84d880a6a1e9bc4d94acde6048cb",
                "HG002_ONT_B_hificnv.maf.bw:md5,57dcd5081f10d8076507586da3c3c60a",
                "HG002_ONT_C_hificnv.copynum.bedgraph:md5,fb0dcc9acc36631f736425b5a8fbac8a",
                "HG002_ONT_C_hificnv.depth.bw:md5,4fe85650e9718e36df2b7825dbfb4419",
                "HG002_ONT_C_hificnv.maf.bw:md5,3f60c0d4217f630639bb6526617241f5"
            ],
            [
                [
                    "HG002_ONT_A_haplotagged.bam",
                    "6ca64c3624f7f74920df36872ed4c6ad"
                ],
                [
                    "HG002_ONT_B_haplotagged.bam",
                    "ae488d52571d4698081e77681149ab82"
                ],
                [
                    "HG002_ONT_C_haplotagged.bam",
                    "6ca64c3624f7f74920df36872ed4c6ad"
                ],
                [
                    "HG002_ONT_A_aligned_assembly.bam",
                    "39a588e85995bc46dcedb09c5aee2275"
                ],
                [
                    "HG002_ONT_B_aligned_assembly.bam",
                    "36237369a96c6abdecf56d064caec629"
                ],
                [
                    "HG002_ONT_C_aligned_assembly.bam",
                    "39a588e85995bc46dcedb09c5aee2275"
                ]
            ],
            [
                
            ],
            [
                [
                    "HG002_ONT_A_phased.vcf.gz",
                    "VcfFile [chromosomes=[chrX, chr16, chr17, chr20], sampleCount=1, variantCount=288, phased=false, phasedAutodetect=false]"
                ],
                [
                    "HG002_ONT_B_phased.vcf.gz",
                    "VcfFile [chromosomes=[chrX, chr16, chr17, chr20], sampleCount=1, variantCount=288, phased=false, phasedAutodetect=false]"
                ],
                [
                    "HG002_ONT_C_phased.vcf.gz",
                    "VcfFile [chromosomes=[chrX, chr16, chr17, chr20], sampleCount=1, variantCount=288, phased=false, phasedAutodetect=false]"
                ],
                [
                    "FAM_repeat_expansions.vcf.gz",
                    "VcfFile [chromosomes=[chr20], sampleCount=2, variantCount=1, phased=true, phasedAutodetect=true]"
                ],
                [
                    "FAM2_repeat_expansions.vcf.gz",
                    "VcfFile [chromosomes=[chr20], sampleCount=1, variantCount=1, phased=true, phasedAutodetect=true]"
                ],
                [
                    "HG002_ONT_A_strdust.vcf.gz",
                    "VcfFile [chromosomes=[chr20], sampleCount=1, variantCount=1, phased=true, phasedAutodetect=true]"
                ],
                [
                    "HG002_ONT_B_strdust.vcf.gz",
                    "VcfFile [chromosomes=[chr20], sampleCount=1, variantCount=1, phased=true, phasedAutodetect=true]"
                ],
                [
                    "HG002_ONT_C_strdust.vcf.gz",
                    "VcfFile [chromosomes=[chr20], sampleCount=1, variantCount=1, phased=true, phasedAutodetect=true]"
                ],
                [
                    "FAM_snvs_annotated_ranked_clinical.vcf.gz",
                    "VcfFile [chromosomes=[chr16], sampleCount=2, variantCount=59, phased=false, phasedAutodetect=false]"
                ],
                [
                    "FAM_snvs_annotated_ranked_research.vcf.gz",
                    "VcfFile [chromosomes=[chrX, chr16, chr17], sampleCount=2, variantCount=120, phased=false, phasedAutodetect=false]"
                ],
                [
                    "FAM2_snvs_annotated_ranked_clinical.vcf.gz",
                    "VcfFile [chromosomes=[chr16], sampleCount=1, variantCount=59, phased=false, phasedAutodetect=false]"
                ],
                [
                    "FAM2_snvs_annotated_ranked_research.vcf.gz",
                    "VcfFile [chromosomes=[chrX, chr16, chr17], sampleCount=1, variantCount=120, phased=false, phasedAutodetect=false]"
                ],
                [
                    "HG002_ONT_A_deepvariant_snvs.vcf.gz",
                    "VcfFile [chromosomes=[chrX, chr16, chr17, chr20], sampleCount=1, variantCount=288, phased=false, phasedAutodetect=false]"
                ],
                [
                    "HG002_ONT_B_deepvariant_snvs.vcf.gz",
                    "VcfFile [chromosomes=[chrX, chr16, chr17, chr20], sampleCount=1, variantCount=288, phased=false, phasedAutodetect=false]"
                ],
                [
                    "HG002_ONT_C_deepvariant_snvs.vcf.gz",
                    "VcfFile [chromosomes=[chrX, chr16, chr17, chr20], sampleCount=1, variantCount=288, phased=false, phasedAutodetect=false]"
                ],
                [
                    "FAM_hificnv_svs.vcf.gz",
                    "VcfFile [chromosomes=[chrX, chr16, chr17], sampleCount=2, variantCount=11, phased=false, phasedAutodetect=false]"
                ],
                [
                    "FAM_severus_svs.vcf.gz",
                    "VcfFile [chromosomes=[chr16], sampleCount=2, variantCount=3, phased=false, phasedAutodetect=false]"
                ],
                [
                    "FAM_sniffles_svs.vcf.gz",
                    "VcfFile [chromosomes=[chrX, chr16, chr17], sampleCount=2, variantCount=6, phased=false, phasedAutodetect=false]"
                ],
                [
                    "FAM_svs_annotated_ranked_clinical.vcf.gz",
                    "VcfFile [chromosomes=[chr16], sampleCount=2, variantCount=5, phased=false, phasedAutodetect=false]"
                ],
                [
                    "FAM_svs_annotated_ranked_research.vcf.gz",
                    "VcfFile [chromosomes=[chrX, chr16, chr17], sampleCount=2, variantCount=17, phased=false, phasedAutodetect=false]"
                ],
                [
                    "FAM2_hificnv_svs.vcf.gz",
                    "VcfFile [chromosomes=[chrX, chr16, chr17], sampleCount=1, variantCount=8, phased=false, phasedAutodetect=false]"
                ],
                [
                    "FAM2_severus_svs.vcf.gz",
                    "VcfFile [chromosomes=[chr16], sampleCount=1, variantCount=3, phased=false, phasedAutodetect=false]"
                ],
                [
                    "FAM2_sniffles_svs.vcf.gz",
                    "VcfFile [chromosomes=[chrX, chr16, chr17], sampleCount=1, variantCount=6, phased=false, phasedAutodetect=false]"
                ],
                [
                    "FAM2_svs_annotated_ranked_clinical.vcf.gz",
                    "VcfFile [chromosomes=[chr16], sampleCount=1, variantCount=5, phased=false, phasedAutodetect=false]"
                ],
                [
                    "FAM2_svs_annotated_ranked_research.vcf.gz",
                    "VcfFile [chromosomes=[chrX, chr16, chr17], sampleCount=1, variantCount=14, phased=false, phasedAutodetect=false]"
                ]
            ],
            [
                
            ]
        ],
        "meta": {
            "nf-test": "0.9.2",
            "nextflow": "25.04.7"
        },
        "timestamp": "2025-10-20T14:25:57.955590565"
    }
}
