{
    "test profile": {
        "content": [
            0,
            null,
            [
                "pipeline_info"
            ],
            [
                
            ],
            [
                
            ],
            [
                
            ],
            [
                
            ],
            [
                
            ]
        ],
        "timestamp": "2026-02-26T08:33:10.057441396",
        "meta": {
            "nf-test": "0.9.4",
            "nextflow": "26.01.1"
        }
    }
}