{
    "samplesheet_multisample_bam": {
        "content": [
            400,
            {
                "BCFTOOLS_CONCAT": {
                    "bcftools": 1.21
                },
                "BCFTOOLS_CONCAT_PHASING": {
                    "bcftools": 1.21
                },
                "BCFTOOLS_MERGE": {
                    "bcftools": 1.22
                },
                "BCFTOOLS_NORM_MULTISAMPLE": {
                    "bcftools": 1.22
                },
                "BCFTOOLS_NORM_SINGLESAMPLE": {
                    "bcftools": 1.22
                },
                "BCFTOOLS_QUERY": {
                    "bcftools": 1.22
                },
                "BCFTOOLS_REHEADER": {
                    "bcftools": 1.22
                },
                "BCFTOOLS_ROH": {
                    "bcftools": 1.22
                },
                "BCFTOOLS_SORT": {
                    "bcftools": 1.22
                },
                "BCFTOOLS_STATS": {
                    "bcftools": 1.22
                },
                "BCFTOOLS_VIEW": {
                    "bcftools": 1.22
                },
                "BCFTOOLS_VIEW_CHROMOGRAPH": {
                    "bcftools": 1.22
                },
                "BCFTOOLS_VIEW_MITO": {
                    "bcftools": 1.22
                },
                "BCFTOOLS_VIEW_PHASING": {
                    "bcftools": 1.22
                },
                "BCFTOOLS_VIEW_SV": {
                    "bcftools": 1.22
                },
                "BCFTOOLS_VIEW_UNCOMPRESS": {
                    "bcftools": 1.22
                },
                "BEDTOOLS_MERGE": {
                    "bedtools": "2.31.1"
                },
                "BEDTOOLS_SORT": {
                    "bedtools": "2.31.1"
                },
                "BEDTOOLS_SPLIT": {
                    "bedtools": "2.31.1"
                },
                "CAT_CAT": {
                    "pigz": 2.8
                },
                "CAT_FASTQ": {
                    "cat": 9.5
                },
                "CLEAN_SNIFFLES": {
                    "clean_sniffles": 1.0
                },
                "CRAMINO": {
                    "cramino": "1.1.0"
                },
                "CREATE_SAMPLES_FILE": {
                    "gawk": "5.3.1"
                },
                "CSVTK_CONCAT": {
                    "csvtk": "0.31.0"
                },
                "CSVTK_MUTATE2": {
                    "csvtk": "0.31.0"
                },
                "CSVTK_SORT": {
                    "csvtk": "0.31.0"
                },
                "CUSTOM_ADDMOSTSEVERECONSEQUENCE": {
                    "addmostsevereconsequence": "1.2.0",
                    "bgzip": 1.21
                },
                "CUSTOM_ADDMOSTSEVEREPLI": {
                    "addmostseverepli": "1.2.0",
                    "bgzip": 1.21
                },
                "DEEPVARIANT_RUNDEEPVARIANT": {
                    "deepvariant": "1.10.0"
                },
                "DEEPVARIANT_VCFSTATSREPORT": {
                    "deepvariant": "1.10.0"
                },
                "ECHTVAR_ANNO": {
                    "echtvar": "0.2.2"
                },
                "ENSEMBLVEP_FILTERVEP": {
                    "ensemblvep": 115.2,
                    "perl-math-cdf": 0.1
                },
                "ENSEMBLVEP_SNV": {
                    "ensemblvep": 110.0,
                    "tabix": 1.17
                },
                "ENSEMBLVEP_SV": {
                    "ensemblvep": 110.0,
                    "tabix": 1.17
                },
                "FASTQC": {
                    "fastqc": "0.12.1"
                },
                "GATK4_DENOISEREADCOUNTS": {
                    "gatk4": "4.6.2.0"
                },
                "GAWK": {
                    "gawk": "5.3.1"
                },
                "GAWK_EXTRACT_REGIONS": {
                    "gawk": "5.3.1"
                },
                "GENMOD_ANNOTATE": {
                    "genmod": "3.10.2"
                },
                "GENMOD_COMPOUND": {
                    "genmod": "3.10.2"
                },
                "GENMOD_MODELS": {
                    "genmod": "3.10.2"
                },
                "GENMOD_SCORE": {
                    "genmod": "3.10.2"
                },
                "GFASTATS": {
                    "gfastats": "1.3.11"
                },
                "GLNEXUS": {
                    "glnexus": "1.4.3"
                },
                "GUNZIP_FASTA": {
                    "gunzip": 1.13
                },
                "HIFIASM_ASSEMBLY": {
                    "hifiasm": "0.25.0-r726"
                },
                "HIFIASM_BINS": {
                    "hifiasm": "0.25.0-r726"
                },
                "HIFICNV": {
                    "hificnv": "1.0.0-36e6461"
                },
                "METHBAT_PROFILE": {
                    "methbat": "0.17.0-7c5e249"
                },
                "MINIMAP2_ALIGN": {
                    "minimap2": "2.29-r1283"
                },
                "MINIMAP2_INDEX": {
                    "minimap2": "2.29-r1283"
                },
                "MITORSAW_HAPLOTYPE": {
                    "mitorsaw": "0.2.9-0dc8e58"
                },
                "MOSDEPTH": {
                    "mosdepth": "0.3.11"
                },
                "MOSDEPTH_GATK_FORMAT": {
                    "gawk": "5.3.1"
                },
                "MOSDEPTH_GATK_HEADER": {
                    "gawk": "5.3.1"
                },
                "PARAPHASE": {
                    "minimap2": "2.30-r1287",
                    "paraphase": "3.5.0",
                    "samtools": 1.23
                },
                "PARAPHRASE": {
                    "paraphrase": "0.2.0"
                },
                "PBCPGTOOLS_ALIGNEDBAMTOCPGSCORES": {
                    "pbcpgtools": "3.0.0"
                },
                "PEDDY": {
                    "peddy": "0.4.8"
                },
                "PREPARECOVANDBAF": {
                    "preparecovandbaf": "1.1.5"
                },
                "RELATE_RELATE": {
                    "somalier": "0.2.18"
                },
                "RHOCALL_VIZ": {
                    "rhocall": "0.5.1"
                },
                "RUN_CHROMOGRAPH": {
                    "chromograph": "1.3.1"
                },
                "RUN_HIPHASE": {
                    "hiphase": "1.4.0-7bf2743"
                },
                "SAMBAMBA_DEPTH": {
                    "sambamba": "1.0.1"
                },
                "SAMPLESHEET_PED": {
                    "create_pedigree_file": 1.0,
                    "python": "3.8.3"
                },
                "SAMTOOLS_FAIDX": {
                    "samtools": "1.23.1"
                },
                "SAMTOOLS_FASTQ": {
                    "samtools": "1.23.1"
                },
                "SAMTOOLS_INDEX": {
                    "samtools": "1.23.1"
                },
                "SAMTOOLS_MERGE": {
                    "samtools": "1.23.1"
                },
                "SAMTOOLS_SORT": {
                    "samtools": "1.23.1"
                },
                "SAMTOOLS_VIEW": {
                    "samtools": "1.23.1"
                },
                "SAWFISH_DISCOVER": {
                    "sawfish": "2.2.0"
                },
                "SAWFISH_JOINTCALL": {
                    "sawfish": "2.2.0"
                },
                "SEVERUS": {
                    "severus": 1.7
                },
                "SNIFFLES": {
                    "sniffles": "1.0.12"
                },
                "SOMALIER_EXTRACT": {
                    "somalier": "0.2.18"
                },
                "SOMALIER_PED_FAMILY": {
                    "create_pedigree_file": 1.0,
                    "python": "3.8.3"
                },
                "SPLITUBAM": {
                    "splitubam": "0.1.1"
                },
                "STRANGER": {
                    "stranger": "0.10.2",
                    "tabix": "1.23.1"
                },
                "STRDROP_CALL": {
                    "strdrop": "0.3.1"
                },
                "SVDB_MERGE_BY_CALLER": {
                    "bcftools": 1.23,
                    "svdb": "2.8.4"
                },
                "SVDB_MERGE_BY_FAMILY": {
                    "bcftools": 1.23,
                    "svdb": "2.8.4"
                },
                "SVDB_QUERY": {
                    "svdb": "2.8.4"
                },
                "TABIX_BGZIPTABIX": {
                    "bgzip": 1.21,
                    "tabix": 1.21
                },
                "TABIX_HIFICNV": {
                    "tabix": 1.21
                },
                "TABIX_SEVERUS": {
                    "bgzip": 1.21,
                    "tabix": 1.21
                },
                "TABIX_TABIX": {
                    "tabix": 1.21
                },
                "TAGBAM": {
                    "tagbam": "0.1.0"
                },
                "TIDDIT_COV": {
                    "tiddit": "3.9.4"
                },
                "TRGT_GENOTYPE": {
                    "trgt": "5.0.0-e9acee0"
                },
                "TRGT_MERGE": {
                    "trgt": "5.0.0-e9acee0"
                },
                "UNTAR_VEP_CACHE": {
                    "untar": 1.34
                },
                "VCFEXPRESS": {
                    "vcfexpress": "0.3.4"
                },
                "WHATSHAP_STATS": {
                    "whatshap": 2.8
                },
                "Workflow": {
                    "genomic-medicine-sweden/nallo": "v0.13.0dev"
                },
                "YAK_COUNT": {
                    "yak": "0.1-r69-dirty"
                }
            },
            [
                "aligned_reads",
                "aligned_reads/HG002",
                "aligned_reads/HG002/HG002_haplotagged.bam",
                "aligned_reads/HG002/HG002_haplotagged.bam.bai",
                "aligned_reads/HG003",
                "aligned_reads/HG003/HG003_haplotagged.bam",
                "aligned_reads/HG003/HG003_haplotagged.bam.bai",
                "aligned_reads/HG004",
                "aligned_reads/HG004/HG004_haplotagged.bam",
                "aligned_reads/HG004/HG004_haplotagged.bam.bai",
                "assembly",
                "assembly/sample",
                "assembly/sample/HG002",
                "assembly/sample/HG002/HG002_aligned_assembly.bam",
                "assembly/sample/HG002/HG002_aligned_assembly.bam.bai",
                "assembly/sample/HG003",
                "assembly/sample/HG003/HG003_aligned_assembly.bam",
                "assembly/sample/HG003/HG003_aligned_assembly.bam.bai",
                "assembly/sample/HG004",
                "assembly/sample/HG004/HG004_aligned_assembly.bam",
                "assembly/sample/HG004/HG004_aligned_assembly.bam.bai",
                "assembly/stats",
                "assembly/stats/HG002",
                "assembly/stats/HG002/HG002_haplotype_1.assembly_summary",
                "assembly/stats/HG002/HG002_haplotype_2.assembly_summary",
                "assembly/stats/HG003",
                "assembly/stats/HG003/HG003_haplotype_1.assembly_summary",
                "assembly/stats/HG003/HG003_haplotype_2.assembly_summary",
                "assembly/stats/HG004",
                "assembly/stats/HG004/HG004_haplotype_1.assembly_summary",
                "assembly/stats/HG004/HG004_haplotype_2.assembly_summary",
                "gens",
                "gens/HG002",
                "gens/HG002/HG002.baf.bed.gz",
                "gens/HG002/HG002.baf.bed.gz.tbi",
                "gens/HG002/HG002.cov.bed.gz",
                "gens/HG002/HG002.cov.bed.gz.tbi",
                "gens/HG003",
                "gens/HG003/HG003.baf.bed.gz",
                "gens/HG003/HG003.baf.bed.gz.tbi",
                "gens/HG003/HG003.cov.bed.gz",
                "gens/HG003/HG003.cov.bed.gz.tbi",
                "gens/HG004",
                "gens/HG004/HG004.baf.bed.gz",
                "gens/HG004/HG004.baf.bed.gz.tbi",
                "gens/HG004/HG004.cov.bed.gz",
                "gens/HG004/HG004.cov.bed.gz.tbi",
                "images",
                "images/chromograph",
                "images/chromograph/sample",
                "images/chromograph/sample/HG002",
                "images/chromograph/sample/HG002/HG002_chromograph_autozyg_chr1.png",
                "images/chromograph/sample/HG002/HG002_chromograph_autozyg_chr10.png",
                "images/chromograph/sample/HG002/HG002_chromograph_autozyg_chr11.png",
                "images/chromograph/sample/HG002/HG002_chromograph_autozyg_chr12.png",
                "images/chromograph/sample/HG002/HG002_chromograph_autozyg_chr13.png",
                "images/chromograph/sample/HG002/HG002_chromograph_autozyg_chr14.png",
                "images/chromograph/sample/HG002/HG002_chromograph_autozyg_chr15.png",
                "images/chromograph/sample/HG002/HG002_chromograph_autozyg_chr16.png",
                "images/chromograph/sample/HG002/HG002_chromograph_autozyg_chr17.png",
                "images/chromograph/sample/HG002/HG002_chromograph_autozyg_chr18.png",
                "images/chromograph/sample/HG002/HG002_chromograph_autozyg_chr19.png",
                "images/chromograph/sample/HG002/HG002_chromograph_autozyg_chr2.png",
                "images/chromograph/sample/HG002/HG002_chromograph_autozyg_chr20.png",
                "images/chromograph/sample/HG002/HG002_chromograph_autozyg_chr21.png",
                "images/chromograph/sample/HG002/HG002_chromograph_autozyg_chr22.png",
                "images/chromograph/sample/HG002/HG002_chromograph_autozyg_chr3.png",
                "images/chromograph/sample/HG002/HG002_chromograph_autozyg_chr4.png",
                "images/chromograph/sample/HG002/HG002_chromograph_autozyg_chr5.png",
                "images/chromograph/sample/HG002/HG002_chromograph_autozyg_chr6.png",
                "images/chromograph/sample/HG002/HG002_chromograph_autozyg_chr7.png",
                "images/chromograph/sample/HG002/HG002_chromograph_autozyg_chr8.png",
                "images/chromograph/sample/HG002/HG002_chromograph_autozyg_chr9.png",
                "images/chromograph/sample/HG002/HG002_chromograph_autozyg_chrM.png",
                "images/chromograph/sample/HG002/HG002_chromograph_autozyg_chrX.png",
                "images/chromograph/sample/HG002/HG002_chromograph_autozyg_chrY.png",
                "images/chromograph/sample/HG002/HG002_chromograph_coverage_chr1.png",
                "images/chromograph/sample/HG002/HG002_chromograph_coverage_chr10.png",
                "images/chromograph/sample/HG002/HG002_chromograph_coverage_chr11.png",
                "images/chromograph/sample/HG002/HG002_chromograph_coverage_chr12.png",
                "images/chromograph/sample/HG002/HG002_chromograph_coverage_chr13.png",
                "images/chromograph/sample/HG002/HG002_chromograph_coverage_chr14.png",
                "images/chromograph/sample/HG002/HG002_chromograph_coverage_chr15.png",
                "images/chromograph/sample/HG002/HG002_chromograph_coverage_chr16.png",
                "images/chromograph/sample/HG002/HG002_chromograph_coverage_chr17.png",
                "images/chromograph/sample/HG002/HG002_chromograph_coverage_chr18.png",
                "images/chromograph/sample/HG002/HG002_chromograph_coverage_chr19.png",
                "images/chromograph/sample/HG002/HG002_chromograph_coverage_chr2.png",
                "images/chromograph/sample/HG002/HG002_chromograph_coverage_chr20.png",
                "images/chromograph/sample/HG002/HG002_chromograph_coverage_chr21.png",
                "images/chromograph/sample/HG002/HG002_chromograph_coverage_chr22.png",
                "images/chromograph/sample/HG002/HG002_chromograph_coverage_chr3.png",
                "images/chromograph/sample/HG002/HG002_chromograph_coverage_chr4.png",
                "images/chromograph/sample/HG002/HG002_chromograph_coverage_chr5.png",
                "images/chromograph/sample/HG002/HG002_chromograph_coverage_chr6.png",
                "images/chromograph/sample/HG002/HG002_chromograph_coverage_chr7.png",
                "images/chromograph/sample/HG002/HG002_chromograph_coverage_chr8.png",
                "images/chromograph/sample/HG002/HG002_chromograph_coverage_chr9.png",
                "images/chromograph/sample/HG002/HG002_chromograph_coverage_chrM.png",
                "images/chromograph/sample/HG002/HG002_chromograph_coverage_chrX.png",
                "images/chromograph/sample/HG002/HG002_chromograph_coverage_chrY.png",
                "images/chromograph/sample/HG003",
                "images/chromograph/sample/HG003/HG003_chromograph_autozyg_chr1.png",
                "images/chromograph/sample/HG003/HG003_chromograph_autozyg_chr10.png",
                "images/chromograph/sample/HG003/HG003_chromograph_autozyg_chr11.png",
                "images/chromograph/sample/HG003/HG003_chromograph_autozyg_chr12.png",
                "images/chromograph/sample/HG003/HG003_chromograph_autozyg_chr13.png",
                "images/chromograph/sample/HG003/HG003_chromograph_autozyg_chr14.png",
                "images/chromograph/sample/HG003/HG003_chromograph_autozyg_chr15.png",
                "images/chromograph/sample/HG003/HG003_chromograph_autozyg_chr16.png",
                "images/chromograph/sample/HG003/HG003_chromograph_autozyg_chr17.png",
                "images/chromograph/sample/HG003/HG003_chromograph_autozyg_chr18.png",
                "images/chromograph/sample/HG003/HG003_chromograph_autozyg_chr19.png",
                "images/chromograph/sample/HG003/HG003_chromograph_autozyg_chr2.png",
                "images/chromograph/sample/HG003/HG003_chromograph_autozyg_chr20.png",
                "images/chromograph/sample/HG003/HG003_chromograph_autozyg_chr21.png",
                "images/chromograph/sample/HG003/HG003_chromograph_autozyg_chr22.png",
                "images/chromograph/sample/HG003/HG003_chromograph_autozyg_chr3.png",
                "images/chromograph/sample/HG003/HG003_chromograph_autozyg_chr4.png",
                "images/chromograph/sample/HG003/HG003_chromograph_autozyg_chr5.png",
                "images/chromograph/sample/HG003/HG003_chromograph_autozyg_chr6.png",
                "images/chromograph/sample/HG003/HG003_chromograph_autozyg_chr7.png",
                "images/chromograph/sample/HG003/HG003_chromograph_autozyg_chr8.png",
                "images/chromograph/sample/HG003/HG003_chromograph_autozyg_chr9.png",
                "images/chromograph/sample/HG003/HG003_chromograph_autozyg_chrM.png",
                "images/chromograph/sample/HG003/HG003_chromograph_autozyg_chrX.png",
                "images/chromograph/sample/HG003/HG003_chromograph_autozyg_chrY.png",
                "images/chromograph/sample/HG003/HG003_chromograph_coverage_chr1.png",
                "images/chromograph/sample/HG003/HG003_chromograph_coverage_chr10.png",
                "images/chromograph/sample/HG003/HG003_chromograph_coverage_chr11.png",
                "images/chromograph/sample/HG003/HG003_chromograph_coverage_chr12.png",
                "images/chromograph/sample/HG003/HG003_chromograph_coverage_chr13.png",
                "images/chromograph/sample/HG003/HG003_chromograph_coverage_chr14.png",
                "images/chromograph/sample/HG003/HG003_chromograph_coverage_chr15.png",
                "images/chromograph/sample/HG003/HG003_chromograph_coverage_chr16.png",
                "images/chromograph/sample/HG003/HG003_chromograph_coverage_chr17.png",
                "images/chromograph/sample/HG003/HG003_chromograph_coverage_chr18.png",
                "images/chromograph/sample/HG003/HG003_chromograph_coverage_chr19.png",
                "images/chromograph/sample/HG003/HG003_chromograph_coverage_chr2.png",
                "images/chromograph/sample/HG003/HG003_chromograph_coverage_chr20.png",
                "images/chromograph/sample/HG003/HG003_chromograph_coverage_chr21.png",
                "images/chromograph/sample/HG003/HG003_chromograph_coverage_chr22.png",
                "images/chromograph/sample/HG003/HG003_chromograph_coverage_chr3.png",
                "images/chromograph/sample/HG003/HG003_chromograph_coverage_chr4.png",
                "images/chromograph/sample/HG003/HG003_chromograph_coverage_chr5.png",
                "images/chromograph/sample/HG003/HG003_chromograph_coverage_chr6.png",
                "images/chromograph/sample/HG003/HG003_chromograph_coverage_chr7.png",
                "images/chromograph/sample/HG003/HG003_chromograph_coverage_chr8.png",
                "images/chromograph/sample/HG003/HG003_chromograph_coverage_chr9.png",
                "images/chromograph/sample/HG003/HG003_chromograph_coverage_chrM.png",
                "images/chromograph/sample/HG003/HG003_chromograph_coverage_chrX.png",
                "images/chromograph/sample/HG003/HG003_chromograph_coverage_chrY.png",
                "images/chromograph/sample/HG004",
                "images/chromograph/sample/HG004/HG004_chromograph_autozyg_chr1.png",
                "images/chromograph/sample/HG004/HG004_chromograph_autozyg_chr10.png",
                "images/chromograph/sample/HG004/HG004_chromograph_autozyg_chr11.png",
                "images/chromograph/sample/HG004/HG004_chromograph_autozyg_chr12.png",
                "images/chromograph/sample/HG004/HG004_chromograph_autozyg_chr13.png",
                "images/chromograph/sample/HG004/HG004_chromograph_autozyg_chr14.png",
                "images/chromograph/sample/HG004/HG004_chromograph_autozyg_chr15.png",
                "images/chromograph/sample/HG004/HG004_chromograph_autozyg_chr16.png",
                "images/chromograph/sample/HG004/HG004_chromograph_autozyg_chr17.png",
                "images/chromograph/sample/HG004/HG004_chromograph_autozyg_chr18.png",
                "images/chromograph/sample/HG004/HG004_chromograph_autozyg_chr19.png",
                "images/chromograph/sample/HG004/HG004_chromograph_autozyg_chr2.png",
                "images/chromograph/sample/HG004/HG004_chromograph_autozyg_chr20.png",
                "images/chromograph/sample/HG004/HG004_chromograph_autozyg_chr21.png",
                "images/chromograph/sample/HG004/HG004_chromograph_autozyg_chr22.png",
                "images/chromograph/sample/HG004/HG004_chromograph_autozyg_chr3.png",
                "images/chromograph/sample/HG004/HG004_chromograph_autozyg_chr4.png",
                "images/chromograph/sample/HG004/HG004_chromograph_autozyg_chr5.png",
                "images/chromograph/sample/HG004/HG004_chromograph_autozyg_chr6.png",
                "images/chromograph/sample/HG004/HG004_chromograph_autozyg_chr7.png",
                "images/chromograph/sample/HG004/HG004_chromograph_autozyg_chr8.png",
                "images/chromograph/sample/HG004/HG004_chromograph_autozyg_chr9.png",
                "images/chromograph/sample/HG004/HG004_chromograph_autozyg_chrM.png",
                "images/chromograph/sample/HG004/HG004_chromograph_autozyg_chrX.png",
                "images/chromograph/sample/HG004/HG004_chromograph_autozyg_chrY.png",
                "images/chromograph/sample/HG004/HG004_chromograph_coverage_chr1.png",
                "images/chromograph/sample/HG004/HG004_chromograph_coverage_chr10.png",
                "images/chromograph/sample/HG004/HG004_chromograph_coverage_chr11.png",
                "images/chromograph/sample/HG004/HG004_chromograph_coverage_chr12.png",
                "images/chromograph/sample/HG004/HG004_chromograph_coverage_chr13.png",
                "images/chromograph/sample/HG004/HG004_chromograph_coverage_chr14.png",
                "images/chromograph/sample/HG004/HG004_chromograph_coverage_chr15.png",
                "images/chromograph/sample/HG004/HG004_chromograph_coverage_chr16.png",
                "images/chromograph/sample/HG004/HG004_chromograph_coverage_chr17.png",
                "images/chromograph/sample/HG004/HG004_chromograph_coverage_chr18.png",
                "images/chromograph/sample/HG004/HG004_chromograph_coverage_chr19.png",
                "images/chromograph/sample/HG004/HG004_chromograph_coverage_chr2.png",
                "images/chromograph/sample/HG004/HG004_chromograph_coverage_chr20.png",
                "images/chromograph/sample/HG004/HG004_chromograph_coverage_chr21.png",
                "images/chromograph/sample/HG004/HG004_chromograph_coverage_chr22.png",
                "images/chromograph/sample/HG004/HG004_chromograph_coverage_chr3.png",
                "images/chromograph/sample/HG004/HG004_chromograph_coverage_chr4.png",
                "images/chromograph/sample/HG004/HG004_chromograph_coverage_chr5.png",
                "images/chromograph/sample/HG004/HG004_chromograph_coverage_chr6.png",
                "images/chromograph/sample/HG004/HG004_chromograph_coverage_chr7.png",
                "images/chromograph/sample/HG004/HG004_chromograph_coverage_chr8.png",
                "images/chromograph/sample/HG004/HG004_chromograph_coverage_chr9.png",
                "images/chromograph/sample/HG004/HG004_chromograph_coverage_chrM.png",
                "images/chromograph/sample/HG004/HG004_chromograph_coverage_chrX.png",
                "images/chromograph/sample/HG004/HG004_chromograph_coverage_chrY.png",
                "methylation",
                "methylation/pileup",
                "methylation/pileup/HG002",
                "methylation/pileup/HG002/HG002_pbcpgtools.combined.bed.gz",
                "methylation/pileup/HG002/HG002_pbcpgtools.combined.bed.gz.tbi",
                "methylation/pileup/HG002/HG002_pbcpgtools.hap1.bed.gz",
                "methylation/pileup/HG002/HG002_pbcpgtools.hap1.bed.gz.tbi",
                "methylation/pileup/HG002/HG002_pbcpgtools.hap2.bed.gz",
                "methylation/pileup/HG002/HG002_pbcpgtools.hap2.bed.gz.tbi",
                "methylation/pileup/HG003",
                "methylation/pileup/HG003/HG003_pbcpgtools.combined.bed.gz",
                "methylation/pileup/HG003/HG003_pbcpgtools.combined.bed.gz.tbi",
                "methylation/pileup/HG003/HG003_pbcpgtools.hap1.bed.gz",
                "methylation/pileup/HG003/HG003_pbcpgtools.hap1.bed.gz.tbi",
                "methylation/pileup/HG003/HG003_pbcpgtools.hap2.bed.gz",
                "methylation/pileup/HG003/HG003_pbcpgtools.hap2.bed.gz.tbi",
                "methylation/pileup/HG004",
                "methylation/pileup/HG004/HG004_pbcpgtools.combined.bed.gz",
                "methylation/pileup/HG004/HG004_pbcpgtools.combined.bed.gz.tbi",
                "methylation/pileup/HG004/HG004_pbcpgtools.hap1.bed.gz",
                "methylation/pileup/HG004/HG004_pbcpgtools.hap1.bed.gz.tbi",
                "methylation/pileup/HG004/HG004_pbcpgtools.hap2.bed.gz",
                "methylation/pileup/HG004/HG004_pbcpgtools.hap2.bed.gz.tbi",
                "methylation/profile",
                "methylation/profile/family",
                "methylation/profile/family/FAM",
                "methylation/profile/family/FAM/FAM_methbat_profile_annotated.tsv",
                "methylation/profile/sample",
                "methylation/profile/sample/HG002",
                "methylation/profile/sample/HG002/HG002_methbat_profile.tsv",
                "methylation/profile/sample/HG003",
                "methylation/profile/sample/HG003/HG003_methbat_profile.tsv",
                "methylation/profile/sample/HG004",
                "methylation/profile/sample/HG004/HG004_methbat_profile.tsv",
                "multiqc",
                "multiqc/multiqc_data",
                "multiqc/multiqc_data/bcftools-stats-subtypes.txt",
                "multiqc/multiqc_data/bcftools_stats_indel-lengths.txt",
                "multiqc/multiqc_data/bcftools_stats_vqc_Count_Indels.txt",
                "multiqc/multiqc_data/bcftools_stats_vqc_Count_SNP.txt",
                "multiqc/multiqc_data/bcftools_stats_vqc_Count_Transitions.txt",
                "multiqc/multiqc_data/bcftools_stats_vqc_Count_Transversions.txt",
                "multiqc/multiqc_data/fastqc-status-check-heatmap.txt",
                "multiqc/multiqc_data/fastqc_adapter_content_plot.txt",
                "multiqc/multiqc_data/fastqc_overrepresented_sequences_plot.txt",
                "multiqc/multiqc_data/fastqc_per_base_n_content_plot.txt",
                "multiqc/multiqc_data/fastqc_per_base_sequence_quality_plot.txt",
                "multiqc/multiqc_data/fastqc_per_sequence_gc_content_plot_Counts.txt",
                "multiqc/multiqc_data/fastqc_per_sequence_gc_content_plot_Percentages.txt",
                "multiqc/multiqc_data/fastqc_per_sequence_quality_scores_plot.txt",
                "multiqc/multiqc_data/fastqc_sequence_counts_plot.txt",
                "multiqc/multiqc_data/fastqc_sequence_duplication_levels_plot.txt",
                "multiqc/multiqc_data/fastqc_sequence_length_distribution_plot.txt",
                "multiqc/multiqc_data/fastqc_top_overrepresented_sequences_table.txt",
                "multiqc/multiqc_data/llms-full.txt",
                "multiqc/multiqc_data/mosdepth-coverage-per-contig-multi.txt",
                "multiqc/multiqc_data/mosdepth-cumcoverage-dist-id.txt",
                "multiqc/multiqc_data/mosdepth_cov_dist.txt",
                "multiqc/multiqc_data/mosdepth_cumcov_dist.txt",
                "multiqc/multiqc_data/mosdepth_perchrom.txt",
                "multiqc/multiqc_data/multiqc.log",
                "multiqc/multiqc_data/multiqc.parquet",
                "multiqc/multiqc_data/multiqc_bcftools_stats.txt",
                "multiqc/multiqc_data/multiqc_citations.txt",
                "multiqc/multiqc_data/multiqc_data.json",
                "multiqc/multiqc_data/multiqc_fastqc.txt",
                "multiqc/multiqc_data/multiqc_general_stats.txt",
                "multiqc/multiqc_data/multiqc_peddy.txt",
                "multiqc/multiqc_data/multiqc_software_versions.txt",
                "multiqc/multiqc_data/multiqc_somalier.txt",
                "multiqc/multiqc_data/multiqc_sources.txt",
                "multiqc/multiqc_data/multiqc_whatshap_phased_bp_plot.txt",
                "multiqc/multiqc_data/multiqc_whatshap_stats.txt",
                "multiqc/multiqc_data/peddy_het_check_plot.txt",
                "multiqc/multiqc_data/peddy_relatedness_plot.txt",
                "multiqc/multiqc_data/somalier_het_check_plot.txt",
                "multiqc/multiqc_data/somalier_relatedness_heatmap_plot.txt",
                "multiqc/multiqc_data/somalier_relatedness_plot.txt",
                "multiqc/multiqc_data/somalier_sex_check_plot.txt",
                "multiqc/multiqc_data/somalier_stats.txt",
                "multiqc/multiqc_data/whatshap-stats-table.txt",
                "multiqc/multiqc_plots",
                "multiqc/multiqc_plots/pdf",
                "multiqc/multiqc_plots/pdf/bcftools-stats-subtypes-cnt.pdf",
                "multiqc/multiqc_plots/pdf/bcftools-stats-subtypes-pct.pdf",
                "multiqc/multiqc_plots/pdf/bcftools_stats_indel-lengths-cnt.pdf",
                "multiqc/multiqc_plots/pdf/bcftools_stats_indel-lengths-log.pdf",
                "multiqc/multiqc_plots/pdf/bcftools_stats_vqc_Count_Indels.pdf",
                "multiqc/multiqc_plots/pdf/bcftools_stats_vqc_Count_SNP.pdf",
                "multiqc/multiqc_plots/pdf/bcftools_stats_vqc_Count_Transitions.pdf",
                "multiqc/multiqc_plots/pdf/bcftools_stats_vqc_Count_Transversions.pdf",
                "multiqc/multiqc_plots/pdf/fastqc-status-check-heatmap.pdf",
                "multiqc/multiqc_plots/pdf/fastqc_adapter_content_plot.pdf",
                "multiqc/multiqc_plots/pdf/fastqc_overrepresented_sequences_plot.pdf",
                "multiqc/multiqc_plots/pdf/fastqc_per_base_n_content_plot.pdf",
                "multiqc/multiqc_plots/pdf/fastqc_per_base_sequence_quality_plot.pdf",
                "multiqc/multiqc_plots/pdf/fastqc_per_sequence_gc_content_plot_Counts.pdf",
                "multiqc/multiqc_plots/pdf/fastqc_per_sequence_gc_content_plot_Percentages.pdf",
                "multiqc/multiqc_plots/pdf/fastqc_per_sequence_quality_scores_plot.pdf",
                "multiqc/multiqc_plots/pdf/fastqc_sequence_counts_plot-cnt.pdf",
                "multiqc/multiqc_plots/pdf/fastqc_sequence_counts_plot-pct.pdf",
                "multiqc/multiqc_plots/pdf/fastqc_sequence_duplication_levels_plot.pdf",
                "multiqc/multiqc_plots/pdf/fastqc_sequence_length_distribution_plot.pdf",
                "multiqc/multiqc_plots/pdf/fastqc_top_overrepresented_sequences_table.pdf",
                "multiqc/multiqc_plots/pdf/mosdepth-coverage-per-contig-multi-cnt.pdf",
                "multiqc/multiqc_plots/pdf/mosdepth-coverage-per-contig-multi-log.pdf",
                "multiqc/multiqc_plots/pdf/mosdepth-cumcoverage-dist-id.pdf",
                "multiqc/multiqc_plots/pdf/multiqc_whatshap_phased_bp_plot.pdf",
                "multiqc/multiqc_plots/pdf/peddy_het_check_plot.pdf",
                "multiqc/multiqc_plots/pdf/peddy_relatedness_plot.pdf",
                "multiqc/multiqc_plots/pdf/somalier_het_check_plot.pdf",
                "multiqc/multiqc_plots/pdf/somalier_relatedness_heatmap_plot.pdf",
                "multiqc/multiqc_plots/pdf/somalier_relatedness_plot.pdf",
                "multiqc/multiqc_plots/pdf/somalier_sex_check_plot.pdf",
                "multiqc/multiqc_plots/pdf/somalier_stats.pdf",
                "multiqc/multiqc_plots/pdf/whatshap-stats-table.pdf",
                "multiqc/multiqc_plots/png",
                "multiqc/multiqc_plots/png/bcftools-stats-subtypes-cnt.png",
                "multiqc/multiqc_plots/png/bcftools-stats-subtypes-pct.png",
                "multiqc/multiqc_plots/png/bcftools_stats_indel-lengths-cnt.png",
                "multiqc/multiqc_plots/png/bcftools_stats_indel-lengths-log.png",
                "multiqc/multiqc_plots/png/bcftools_stats_vqc_Count_Indels.png",
                "multiqc/multiqc_plots/png/bcftools_stats_vqc_Count_SNP.png",
                "multiqc/multiqc_plots/png/bcftools_stats_vqc_Count_Transitions.png",
                "multiqc/multiqc_plots/png/bcftools_stats_vqc_Count_Transversions.png",
                "multiqc/multiqc_plots/png/fastqc-status-check-heatmap.png",
                "multiqc/multiqc_plots/png/fastqc_adapter_content_plot.png",
                "multiqc/multiqc_plots/png/fastqc_overrepresented_sequences_plot.png",
                "multiqc/multiqc_plots/png/fastqc_per_base_n_content_plot.png",
                "multiqc/multiqc_plots/png/fastqc_per_base_sequence_quality_plot.png",
                "multiqc/multiqc_plots/png/fastqc_per_sequence_gc_content_plot_Counts.png",
                "multiqc/multiqc_plots/png/fastqc_per_sequence_gc_content_plot_Percentages.png",
                "multiqc/multiqc_plots/png/fastqc_per_sequence_quality_scores_plot.png",
                "multiqc/multiqc_plots/png/fastqc_sequence_counts_plot-cnt.png",
                "multiqc/multiqc_plots/png/fastqc_sequence_counts_plot-pct.png",
                "multiqc/multiqc_plots/png/fastqc_sequence_duplication_levels_plot.png",
                "multiqc/multiqc_plots/png/fastqc_sequence_length_distribution_plot.png",
                "multiqc/multiqc_plots/png/fastqc_top_overrepresented_sequences_table.png",
                "multiqc/multiqc_plots/png/mosdepth-coverage-per-contig-multi-cnt.png",
                "multiqc/multiqc_plots/png/mosdepth-coverage-per-contig-multi-log.png",
                "multiqc/multiqc_plots/png/mosdepth-cumcoverage-dist-id.png",
                "multiqc/multiqc_plots/png/multiqc_whatshap_phased_bp_plot.png",
                "multiqc/multiqc_plots/png/peddy_het_check_plot.png",
                "multiqc/multiqc_plots/png/peddy_relatedness_plot.png",
                "multiqc/multiqc_plots/png/somalier_het_check_plot.png",
                "multiqc/multiqc_plots/png/somalier_relatedness_heatmap_plot.png",
                "multiqc/multiqc_plots/png/somalier_relatedness_plot.png",
                "multiqc/multiqc_plots/png/somalier_sex_check_plot.png",
                "multiqc/multiqc_plots/png/somalier_stats.png",
                "multiqc/multiqc_plots/png/whatshap-stats-table.png",
                "multiqc/multiqc_plots/svg",
                "multiqc/multiqc_plots/svg/bcftools-stats-subtypes-cnt.svg",
                "multiqc/multiqc_plots/svg/bcftools-stats-subtypes-pct.svg",
                "multiqc/multiqc_plots/svg/bcftools_stats_indel-lengths-cnt.svg",
                "multiqc/multiqc_plots/svg/bcftools_stats_indel-lengths-log.svg",
                "multiqc/multiqc_plots/svg/bcftools_stats_vqc_Count_Indels.svg",
                "multiqc/multiqc_plots/svg/bcftools_stats_vqc_Count_SNP.svg",
                "multiqc/multiqc_plots/svg/bcftools_stats_vqc_Count_Transitions.svg",
                "multiqc/multiqc_plots/svg/bcftools_stats_vqc_Count_Transversions.svg",
                "multiqc/multiqc_plots/svg/fastqc-status-check-heatmap.svg",
                "multiqc/multiqc_plots/svg/fastqc_adapter_content_plot.svg",
                "multiqc/multiqc_plots/svg/fastqc_overrepresented_sequences_plot.svg",
                "multiqc/multiqc_plots/svg/fastqc_per_base_n_content_plot.svg",
                "multiqc/multiqc_plots/svg/fastqc_per_base_sequence_quality_plot.svg",
                "multiqc/multiqc_plots/svg/fastqc_per_sequence_gc_content_plot_Counts.svg",
                "multiqc/multiqc_plots/svg/fastqc_per_sequence_gc_content_plot_Percentages.svg",
                "multiqc/multiqc_plots/svg/fastqc_per_sequence_quality_scores_plot.svg",
                "multiqc/multiqc_plots/svg/fastqc_sequence_counts_plot-cnt.svg",
                "multiqc/multiqc_plots/svg/fastqc_sequence_counts_plot-pct.svg",
                "multiqc/multiqc_plots/svg/fastqc_sequence_duplication_levels_plot.svg",
                "multiqc/multiqc_plots/svg/fastqc_sequence_length_distribution_plot.svg",
                "multiqc/multiqc_plots/svg/fastqc_top_overrepresented_sequences_table.svg",
                "multiqc/multiqc_plots/svg/mosdepth-coverage-per-contig-multi-cnt.svg",
                "multiqc/multiqc_plots/svg/mosdepth-coverage-per-contig-multi-log.svg",
                "multiqc/multiqc_plots/svg/mosdepth-cumcoverage-dist-id.svg",
                "multiqc/multiqc_plots/svg/multiqc_whatshap_phased_bp_plot.svg",
                "multiqc/multiqc_plots/svg/peddy_het_check_plot.svg",
                "multiqc/multiqc_plots/svg/peddy_relatedness_plot.svg",
                "multiqc/multiqc_plots/svg/somalier_het_check_plot.svg",
                "multiqc/multiqc_plots/svg/somalier_relatedness_heatmap_plot.svg",
                "multiqc/multiqc_plots/svg/somalier_relatedness_plot.svg",
                "multiqc/multiqc_plots/svg/somalier_sex_check_plot.svg",
                "multiqc/multiqc_plots/svg/somalier_stats.svg",
                "multiqc/multiqc_plots/svg/whatshap-stats-table.svg",
                "multiqc/multiqc_report.html",
                "paraphase",
                "paraphase/family",
                "paraphase/family/FAM",
                "paraphase/family/FAM/FAM_paraphase_annotated.json",
                "paraphase/family/FAM/FAM_paraphase_merged.vcf.gz",
                "paraphase/family/FAM/FAM_paraphase_merged.vcf.gz.tbi",
                "paraphase/sample",
                "paraphase/sample/HG002",
                "paraphase/sample/HG002/HG002.paraphase.bam",
                "paraphase/sample/HG002/HG002.paraphase.bam.bai",
                "paraphase/sample/HG002/HG002.paraphase.json",
                "paraphase/sample/HG002/HG002_paraphase_vcfs",
                "paraphase/sample/HG002/HG002_paraphase_vcfs/HG002_OR1D5.vcf.gz",
                "paraphase/sample/HG002/HG002_paraphase_vcfs/HG002_OR1D5.vcf.gz.tbi",
                "paraphase/sample/HG002/HG002_paraphase_vcfs/HG002_hba.vcf.gz",
                "paraphase/sample/HG002/HG002_paraphase_vcfs/HG002_hba.vcf.gz.tbi",
                "paraphase/sample/HG003",
                "paraphase/sample/HG003/HG003.paraphase.bam",
                "paraphase/sample/HG003/HG003.paraphase.bam.bai",
                "paraphase/sample/HG003/HG003.paraphase.json",
                "paraphase/sample/HG003/HG003_paraphase_vcfs",
                "paraphase/sample/HG003/HG003_paraphase_vcfs/HG003_OR1D5.vcf.gz",
                "paraphase/sample/HG003/HG003_paraphase_vcfs/HG003_OR1D5.vcf.gz.tbi",
                "paraphase/sample/HG003/HG003_paraphase_vcfs/HG003_hba.vcf.gz",
                "paraphase/sample/HG003/HG003_paraphase_vcfs/HG003_hba.vcf.gz.tbi",
                "paraphase/sample/HG004",
                "paraphase/sample/HG004/HG004.paraphase.bam",
                "paraphase/sample/HG004/HG004.paraphase.bam.bai",
                "paraphase/sample/HG004/HG004.paraphase.json",
                "paraphase/sample/HG004/HG004_paraphase_vcfs",
                "paraphase/sample/HG004/HG004_paraphase_vcfs/HG004_OR1D5.vcf.gz",
                "paraphase/sample/HG004/HG004_paraphase_vcfs/HG004_OR1D5.vcf.gz.tbi",
                "paraphase/sample/HG004/HG004_paraphase_vcfs/HG004_hba.vcf.gz",
                "paraphase/sample/HG004/HG004_paraphase_vcfs/HG004_hba.vcf.gz.tbi",
                "pedigree",
                "pedigree/family",
                "pedigree/family/FAM.ped",
                "pipeline_info",
                "pipeline_info/nallo_software_mqc_versions.yml",
                "qc",
                "qc/bcftools_stats",
                "qc/bcftools_stats/HG002",
                "qc/bcftools_stats/HG002/HG002.bcftools_stats.txt",
                "qc/bcftools_stats/HG003",
                "qc/bcftools_stats/HG003/HG003.bcftools_stats.txt",
                "qc/bcftools_stats/HG004",
                "qc/bcftools_stats/HG004/HG004.bcftools_stats.txt",
                "qc/cramino",
                "qc/cramino/phased",
                "qc/cramino/phased/HG002",
                "qc/cramino/phased/HG002/HG002_cramino_aligned_phased.arrow",
                "qc/cramino/phased/HG002/HG002_cramino_aligned_phased.txt",
                "qc/cramino/phased/HG003",
                "qc/cramino/phased/HG003/HG003_cramino_aligned_phased.arrow",
                "qc/cramino/phased/HG003/HG003_cramino_aligned_phased.txt",
                "qc/cramino/phased/HG004",
                "qc/cramino/phased/HG004/HG004_cramino_aligned_phased.arrow",
                "qc/cramino/phased/HG004/HG004_cramino_aligned_phased.txt",
                "qc/cramino/unphased",
                "qc/cramino/unphased/HG002",
                "qc/cramino/unphased/HG002/HG002_cramino_aligned.arrow",
                "qc/cramino/unphased/HG002/HG002_cramino_aligned.txt",
                "qc/cramino/unphased/HG003",
                "qc/cramino/unphased/HG003/HG003_cramino_aligned.arrow",
                "qc/cramino/unphased/HG003/HG003_cramino_aligned.txt",
                "qc/cramino/unphased/HG004",
                "qc/cramino/unphased/HG004/HG004_cramino_aligned.arrow",
                "qc/cramino/unphased/HG004/HG004_cramino_aligned.txt",
                "qc/deepvariant_vcfstatsreport",
                "qc/deepvariant_vcfstatsreport/HG002",
                "qc/deepvariant_vcfstatsreport/HG002/HG002.visual_report.html",
                "qc/deepvariant_vcfstatsreport/HG003",
                "qc/deepvariant_vcfstatsreport/HG003/HG003.visual_report.html",
                "qc/deepvariant_vcfstatsreport/HG004",
                "qc/deepvariant_vcfstatsreport/HG004/HG004.visual_report.html",
                "qc/fastqc",
                "qc/fastqc/HG002",
                "qc/fastqc/HG002/HG002_fastqc.html",
                "qc/fastqc/HG002/HG002_fastqc.zip",
                "qc/fastqc/HG003",
                "qc/fastqc/HG003/HG003_fastqc.html",
                "qc/fastqc/HG003/HG003_fastqc.zip",
                "qc/fastqc/HG004",
                "qc/fastqc/HG004/HG004_fastqc.html",
                "qc/fastqc/HG004/HG004_fastqc.zip",
                "qc/mosdepth",
                "qc/mosdepth/HG002",
                "qc/mosdepth/HG002/HG002.mosdepth.global.dist.txt",
                "qc/mosdepth/HG002/HG002.mosdepth.region.dist.txt",
                "qc/mosdepth/HG002/HG002.mosdepth.summary.txt",
                "qc/mosdepth/HG002/HG002.regions.bed.gz",
                "qc/mosdepth/HG002/HG002.regions.bed.gz.csi",
                "qc/mosdepth/HG003",
                "qc/mosdepth/HG003/HG003.mosdepth.global.dist.txt",
                "qc/mosdepth/HG003/HG003.mosdepth.region.dist.txt",
                "qc/mosdepth/HG003/HG003.mosdepth.summary.txt",
                "qc/mosdepth/HG003/HG003.regions.bed.gz",
                "qc/mosdepth/HG003/HG003.regions.bed.gz.csi",
                "qc/mosdepth/HG004",
                "qc/mosdepth/HG004/HG004.mosdepth.global.dist.txt",
                "qc/mosdepth/HG004/HG004.mosdepth.region.dist.txt",
                "qc/mosdepth/HG004/HG004.mosdepth.summary.txt",
                "qc/mosdepth/HG004/HG004.regions.bed.gz",
                "qc/mosdepth/HG004/HG004.regions.bed.gz.csi",
                "qc/peddy",
                "qc/peddy/FAM",
                "qc/peddy/FAM/FAM.het_check.csv",
                "qc/peddy/FAM/FAM.het_check.png",
                "qc/peddy/FAM/FAM.html",
                "qc/peddy/FAM/FAM.ped_check.csv",
                "qc/peddy/FAM/FAM.ped_check.png",
                "qc/peddy/FAM/FAM.ped_check.rel-difference.csv",
                "qc/peddy/FAM/FAM.peddy.ped",
                "qc/peddy/FAM/FAM.sex_check.csv",
                "qc/peddy/FAM/FAM.sex_check.png",
                "qc/peddy/FAM/FAM.vs.html",
                "qc/phasing_stats",
                "qc/phasing_stats/HG002",
                "qc/phasing_stats/HG002/HG002_whatshap_stats.gtf.gz",
                "qc/phasing_stats/HG002/HG002_whatshap_stats.gtf.gz.tbi",
                "qc/phasing_stats/HG002/HG002_whatshap_stats.tsv",
                "qc/phasing_stats/HG003",
                "qc/phasing_stats/HG003/HG003_whatshap_stats.gtf.gz",
                "qc/phasing_stats/HG003/HG003_whatshap_stats.gtf.gz.tbi",
                "qc/phasing_stats/HG003/HG003_whatshap_stats.tsv",
                "qc/phasing_stats/HG004",
                "qc/phasing_stats/HG004/HG004_whatshap_stats.gtf.gz",
                "qc/phasing_stats/HG004/HG004_whatshap_stats.gtf.gz.tbi",
                "qc/phasing_stats/HG004/HG004_whatshap_stats.tsv",
                "qc/sambamba_depth",
                "qc/sambamba_depth/HG002",
                "qc/sambamba_depth/HG002/HG002_sambamba_depth.bed",
                "qc/sambamba_depth/HG003",
                "qc/sambamba_depth/HG003/HG003_sambamba_depth.bed",
                "qc/sambamba_depth/HG004",
                "qc/sambamba_depth/HG004/HG004_sambamba_depth.bed",
                "qc/somalier",
                "qc/somalier/relate",
                "qc/somalier/relate/test",
                "qc/somalier/relate/test/test.html",
                "qc/somalier/relate/test/test.pairs.tsv",
                "qc/somalier/relate/test/test.samples.tsv",
                "repeats",
                "repeats/family",
                "repeats/family/FAM",
                "repeats/family/FAM/FAM_repeats_annotated.vcf.gz",
                "repeats/family/FAM/FAM_repeats_annotated.vcf.gz.tbi",
                "repeats/sample",
                "repeats/sample/HG002",
                "repeats/sample/HG002/HG002_spanning_trgt.bam",
                "repeats/sample/HG002/HG002_spanning_trgt.bam.bai",
                "repeats/sample/HG002/HG002_trgt.vcf.gz",
                "repeats/sample/HG002/HG002_trgt.vcf.gz.tbi",
                "repeats/sample/HG003",
                "repeats/sample/HG003/HG003_spanning_trgt.bam",
                "repeats/sample/HG003/HG003_spanning_trgt.bam.bai",
                "repeats/sample/HG003/HG003_trgt.vcf.gz",
                "repeats/sample/HG003/HG003_trgt.vcf.gz.tbi",
                "repeats/sample/HG004",
                "repeats/sample/HG004/HG004_spanning_trgt.bam",
                "repeats/sample/HG004/HG004_spanning_trgt.bam.bai",
                "repeats/sample/HG004/HG004_trgt.vcf.gz",
                "repeats/sample/HG004/HG004_trgt.vcf.gz.tbi",
                "snvs",
                "snvs/family",
                "snvs/family/FAM",
                "snvs/family/FAM/FAM_snvs_annotated_ranked_clinical.vcf.gz",
                "snvs/family/FAM/FAM_snvs_annotated_ranked_clinical.vcf.gz.tbi",
                "snvs/family/FAM/FAM_snvs_annotated_ranked_research.vcf.gz",
                "snvs/family/FAM/FAM_snvs_annotated_ranked_research.vcf.gz.tbi",
                "snvs/sample",
                "snvs/sample/HG002",
                "snvs/sample/HG002/HG002_deepvariant_snvs.vcf.gz",
                "snvs/sample/HG002/HG002_deepvariant_snvs.vcf.gz.tbi",
                "snvs/sample/HG003",
                "snvs/sample/HG003/HG003_deepvariant_snvs.vcf.gz",
                "snvs/sample/HG003/HG003_deepvariant_snvs.vcf.gz.tbi",
                "snvs/sample/HG004",
                "snvs/sample/HG004/HG004_deepvariant_snvs.vcf.gz",
                "snvs/sample/HG004/HG004_deepvariant_snvs.vcf.gz.tbi",
                "svs",
                "svs/family",
                "svs/family/FAM",
                "svs/family/FAM/FAM_svs_annotated_ranked_clinical.vcf.gz",
                "svs/family/FAM/FAM_svs_annotated_ranked_clinical.vcf.gz.tbi",
                "svs/family/FAM/FAM_svs_annotated_ranked_research.vcf.gz",
                "svs/family/FAM/FAM_svs_annotated_ranked_research.vcf.gz.tbi",
                "visualization_tracks",
                "visualization_tracks/HG002",
                "visualization_tracks/HG002/HG002_copynum_sawfish.bedgraph",
                "visualization_tracks/HG002/HG002_depth_sawfish.bw",
                "visualization_tracks/HG002/HG002_gc_bias_corrected_depth_sawfish.bw",
                "visualization_tracks/HG002/HG002_hificnv.copynum.bedgraph",
                "visualization_tracks/HG002/HG002_hificnv.depth.bw",
                "visualization_tracks/HG002/HG002_hificnv.maf.bw",
                "visualization_tracks/HG002/HG002_pbcpgtools.combined.bw",
                "visualization_tracks/HG002/HG002_pbcpgtools.hap1.bw",
                "visualization_tracks/HG002/HG002_pbcpgtools.hap2.bw",
                "visualization_tracks/HG003",
                "visualization_tracks/HG003/HG003_copynum_sawfish.bedgraph",
                "visualization_tracks/HG003/HG003_depth_sawfish.bw",
                "visualization_tracks/HG003/HG003_gc_bias_corrected_depth_sawfish.bw",
                "visualization_tracks/HG003/HG003_hificnv.copynum.bedgraph",
                "visualization_tracks/HG003/HG003_hificnv.depth.bw",
                "visualization_tracks/HG003/HG003_hificnv.maf.bw",
                "visualization_tracks/HG003/HG003_pbcpgtools.combined.bw",
                "visualization_tracks/HG003/HG003_pbcpgtools.hap1.bw",
                "visualization_tracks/HG003/HG003_pbcpgtools.hap2.bw",
                "visualization_tracks/HG004",
                "visualization_tracks/HG004/HG004_copynum_sawfish.bedgraph",
                "visualization_tracks/HG004/HG004_depth_sawfish.bw",
                "visualization_tracks/HG004/HG004_gc_bias_corrected_depth_sawfish.bw",
                "visualization_tracks/HG004/HG004_hificnv.copynum.bedgraph",
                "visualization_tracks/HG004/HG004_hificnv.depth.bw",
                "visualization_tracks/HG004/HG004_hificnv.maf.bw",
                "visualization_tracks/HG004/HG004_pbcpgtools.combined.bw",
                "visualization_tracks/HG004/HG004_pbcpgtools.hap1.bw",
                "visualization_tracks/HG004/HG004_pbcpgtools.hap2.bw"
            ],
            [
                "HG002_haplotype_1.assembly_summary:md5,ef0d85005519c676685322593cbbc737",
                "HG002_haplotype_2.assembly_summary:md5,d26d1bb401336fb6978f793eb5d38b7c",
                "HG003_haplotype_1.assembly_summary:md5,13dee2d12769dd9f9ba6f4e490e385b3",
                "HG003_haplotype_2.assembly_summary:md5,750e1bf8191b520ff6afc302987cbc35",
                "HG004_haplotype_1.assembly_summary:md5,d77dc8fbbb8a6dce71c9640d6a6be355",
                "HG004_haplotype_2.assembly_summary:md5,adc271665fb11761203e53773de1215f",
                "HG002.baf.bed.gz:md5,6665b135f673d204ec030883683605ea",
                "HG002.baf.bed.gz.tbi:md5,3e21a7933ca52383f0b8ccf221b05fc7",
                "HG002.cov.bed.gz:md5,790833cbf731de96a1b500d187cf3a26",
                "HG002.cov.bed.gz.tbi:md5,4d025fc01f92fdf66329a93776411cc6",
                "HG003.baf.bed.gz:md5,6a75cd454070deb5cde78e194a6c4c76",
                "HG003.baf.bed.gz.tbi:md5,825fca58be4323609111fe55f3a12406",
                "HG003.cov.bed.gz:md5,4133276a3fe084c44b6760285f726515",
                "HG003.cov.bed.gz.tbi:md5,62a2f7393ba17a652141fe71ad284bd2",
                "HG004.baf.bed.gz:md5,379ce72c9353d686af20a19093a0eb1b",
                "HG004.baf.bed.gz.tbi:md5,df92a173c5a339f1c5cc7989af6837ee",
                "HG004.cov.bed.gz:md5,e77b117965e101af7675359f5b82a3d8",
                "HG004.cov.bed.gz.tbi:md5,d0b6631da0bb5aaf8ab9dd0274c52ddb",
                "HG002_chromograph_autozyg_chr1.png:md5,33d95212be5bf91fbea53500bcbba19c",
                "HG002_chromograph_autozyg_chr10.png:md5,33d95212be5bf91fbea53500bcbba19c",
                "HG002_chromograph_autozyg_chr11.png:md5,33d95212be5bf91fbea53500bcbba19c",
                "HG002_chromograph_autozyg_chr12.png:md5,33d95212be5bf91fbea53500bcbba19c",
                "HG002_chromograph_autozyg_chr13.png:md5,33d95212be5bf91fbea53500bcbba19c",
                "HG002_chromograph_autozyg_chr14.png:md5,33d95212be5bf91fbea53500bcbba19c",
                "HG002_chromograph_autozyg_chr15.png:md5,33d95212be5bf91fbea53500bcbba19c",
                "HG002_chromograph_autozyg_chr16.png:md5,317660db61eb374167d8680568c847a7",
                "HG002_chromograph_autozyg_chr17.png:md5,a895e584fec5c4211d8c6a63b3263b3a",
                "HG002_chromograph_autozyg_chr18.png:md5,33d95212be5bf91fbea53500bcbba19c",
                "HG002_chromograph_autozyg_chr19.png:md5,33d95212be5bf91fbea53500bcbba19c",
                "HG002_chromograph_autozyg_chr2.png:md5,33d95212be5bf91fbea53500bcbba19c",
                "HG002_chromograph_autozyg_chr20.png:md5,33d95212be5bf91fbea53500bcbba19c",
                "HG002_chromograph_autozyg_chr21.png:md5,33d95212be5bf91fbea53500bcbba19c",
                "HG002_chromograph_autozyg_chr22.png:md5,33d95212be5bf91fbea53500bcbba19c",
                "HG002_chromograph_autozyg_chr3.png:md5,33d95212be5bf91fbea53500bcbba19c",
                "HG002_chromograph_autozyg_chr4.png:md5,33d95212be5bf91fbea53500bcbba19c",
                "HG002_chromograph_autozyg_chr5.png:md5,33d95212be5bf91fbea53500bcbba19c",
                "HG002_chromograph_autozyg_chr6.png:md5,33d95212be5bf91fbea53500bcbba19c",
                "HG002_chromograph_autozyg_chr7.png:md5,33d95212be5bf91fbea53500bcbba19c",
                "HG002_chromograph_autozyg_chr8.png:md5,33d95212be5bf91fbea53500bcbba19c",
                "HG002_chromograph_autozyg_chr9.png:md5,33d95212be5bf91fbea53500bcbba19c",
                "HG002_chromograph_autozyg_chrM.png:md5,33d95212be5bf91fbea53500bcbba19c",
                "HG002_chromograph_autozyg_chrX.png:md5,33d95212be5bf91fbea53500bcbba19c",
                "HG002_chromograph_autozyg_chrY.png:md5,33d95212be5bf91fbea53500bcbba19c",
                "HG002_chromograph_coverage_chr1.png:md5,954482b960865332f37d386da5c9fb75",
                "HG002_chromograph_coverage_chr10.png:md5,954482b960865332f37d386da5c9fb75",
                "HG002_chromograph_coverage_chr11.png:md5,954482b960865332f37d386da5c9fb75",
                "HG002_chromograph_coverage_chr12.png:md5,954482b960865332f37d386da5c9fb75",
                "HG002_chromograph_coverage_chr13.png:md5,954482b960865332f37d386da5c9fb75",
                "HG002_chromograph_coverage_chr14.png:md5,954482b960865332f37d386da5c9fb75",
                "HG002_chromograph_coverage_chr15.png:md5,954482b960865332f37d386da5c9fb75",
                "HG002_chromograph_coverage_chr16.png:md5,d83a1fc9fa73f558504008288c5954cd",
                "HG002_chromograph_coverage_chr17.png:md5,2027c800f88c7f43437cb2d6d676bd21",
                "HG002_chromograph_coverage_chr18.png:md5,954482b960865332f37d386da5c9fb75",
                "HG002_chromograph_coverage_chr19.png:md5,954482b960865332f37d386da5c9fb75",
                "HG002_chromograph_coverage_chr2.png:md5,954482b960865332f37d386da5c9fb75",
                "HG002_chromograph_coverage_chr20.png:md5,ceb4ba56531d509294c65b9688a308cb",
                "HG002_chromograph_coverage_chr21.png:md5,954482b960865332f37d386da5c9fb75",
                "HG002_chromograph_coverage_chr22.png:md5,954482b960865332f37d386da5c9fb75",
                "HG002_chromograph_coverage_chr3.png:md5,954482b960865332f37d386da5c9fb75",
                "HG002_chromograph_coverage_chr4.png:md5,954482b960865332f37d386da5c9fb75",
                "HG002_chromograph_coverage_chr5.png:md5,954482b960865332f37d386da5c9fb75",
                "HG002_chromograph_coverage_chr6.png:md5,954482b960865332f37d386da5c9fb75",
                "HG002_chromograph_coverage_chr7.png:md5,954482b960865332f37d386da5c9fb75",
                "HG002_chromograph_coverage_chr8.png:md5,954482b960865332f37d386da5c9fb75",
                "HG002_chromograph_coverage_chr9.png:md5,954482b960865332f37d386da5c9fb75",
                "HG002_chromograph_coverage_chrM.png:md5,f8b3af5db305513f712f17941962f315",
                "HG002_chromograph_coverage_chrX.png:md5,72f73b511c1f753e7a9792d9968f52db",
                "HG002_chromograph_coverage_chrY.png:md5,954482b960865332f37d386da5c9fb75",
                "HG003_chromograph_autozyg_chr1.png:md5,33d95212be5bf91fbea53500bcbba19c",
                "HG003_chromograph_autozyg_chr10.png:md5,33d95212be5bf91fbea53500bcbba19c",
                "HG003_chromograph_autozyg_chr11.png:md5,33d95212be5bf91fbea53500bcbba19c",
                "HG003_chromograph_autozyg_chr12.png:md5,33d95212be5bf91fbea53500bcbba19c",
                "HG003_chromograph_autozyg_chr13.png:md5,33d95212be5bf91fbea53500bcbba19c",
                "HG003_chromograph_autozyg_chr14.png:md5,33d95212be5bf91fbea53500bcbba19c",
                "HG003_chromograph_autozyg_chr15.png:md5,33d95212be5bf91fbea53500bcbba19c",
                "HG003_chromograph_autozyg_chr16.png:md5,317660db61eb374167d8680568c847a7",
                "HG003_chromograph_autozyg_chr17.png:md5,33d95212be5bf91fbea53500bcbba19c",
                "HG003_chromograph_autozyg_chr18.png:md5,33d95212be5bf91fbea53500bcbba19c",
                "HG003_chromograph_autozyg_chr19.png:md5,33d95212be5bf91fbea53500bcbba19c",
                "HG003_chromograph_autozyg_chr2.png:md5,33d95212be5bf91fbea53500bcbba19c",
                "HG003_chromograph_autozyg_chr20.png:md5,33d95212be5bf91fbea53500bcbba19c",
                "HG003_chromograph_autozyg_chr21.png:md5,33d95212be5bf91fbea53500bcbba19c",
                "HG003_chromograph_autozyg_chr22.png:md5,33d95212be5bf91fbea53500bcbba19c",
                "HG003_chromograph_autozyg_chr3.png:md5,33d95212be5bf91fbea53500bcbba19c",
                "HG003_chromograph_autozyg_chr4.png:md5,33d95212be5bf91fbea53500bcbba19c",
                "HG003_chromograph_autozyg_chr5.png:md5,33d95212be5bf91fbea53500bcbba19c",
                "HG003_chromograph_autozyg_chr6.png:md5,33d95212be5bf91fbea53500bcbba19c",
                "HG003_chromograph_autozyg_chr7.png:md5,33d95212be5bf91fbea53500bcbba19c",
                "HG003_chromograph_autozyg_chr8.png:md5,33d95212be5bf91fbea53500bcbba19c",
                "HG003_chromograph_autozyg_chr9.png:md5,33d95212be5bf91fbea53500bcbba19c",
                "HG003_chromograph_autozyg_chrM.png:md5,33d95212be5bf91fbea53500bcbba19c",
                "HG003_chromograph_autozyg_chrX.png:md5,33d95212be5bf91fbea53500bcbba19c",
                "HG003_chromograph_autozyg_chrY.png:md5,33d95212be5bf91fbea53500bcbba19c",
                "HG003_chromograph_coverage_chr1.png:md5,954482b960865332f37d386da5c9fb75",
                "HG003_chromograph_coverage_chr10.png:md5,954482b960865332f37d386da5c9fb75",
                "HG003_chromograph_coverage_chr11.png:md5,954482b960865332f37d386da5c9fb75",
                "HG003_chromograph_coverage_chr12.png:md5,954482b960865332f37d386da5c9fb75",
                "HG003_chromograph_coverage_chr13.png:md5,954482b960865332f37d386da5c9fb75",
                "HG003_chromograph_coverage_chr14.png:md5,954482b960865332f37d386da5c9fb75",
                "HG003_chromograph_coverage_chr15.png:md5,954482b960865332f37d386da5c9fb75",
                "HG003_chromograph_coverage_chr16.png:md5,6b6cfb72d4988bbc9e06b16f34058402",
                "HG003_chromograph_coverage_chr17.png:md5,782667e96c9bcfcf43f89329580c307d",
                "HG003_chromograph_coverage_chr18.png:md5,954482b960865332f37d386da5c9fb75",
                "HG003_chromograph_coverage_chr19.png:md5,954482b960865332f37d386da5c9fb75",
                "HG003_chromograph_coverage_chr2.png:md5,954482b960865332f37d386da5c9fb75",
                "HG003_chromograph_coverage_chr20.png:md5,19532c6f5ae654832e75e8be3b45a8b8",
                "HG003_chromograph_coverage_chr21.png:md5,954482b960865332f37d386da5c9fb75",
                "HG003_chromograph_coverage_chr22.png:md5,954482b960865332f37d386da5c9fb75",
                "HG003_chromograph_coverage_chr3.png:md5,954482b960865332f37d386da5c9fb75",
                "HG003_chromograph_coverage_chr4.png:md5,954482b960865332f37d386da5c9fb75",
                "HG003_chromograph_coverage_chr5.png:md5,954482b960865332f37d386da5c9fb75",
                "HG003_chromograph_coverage_chr6.png:md5,954482b960865332f37d386da5c9fb75",
                "HG003_chromograph_coverage_chr7.png:md5,954482b960865332f37d386da5c9fb75",
                "HG003_chromograph_coverage_chr8.png:md5,954482b960865332f37d386da5c9fb75",
                "HG003_chromograph_coverage_chr9.png:md5,954482b960865332f37d386da5c9fb75",
                "HG003_chromograph_coverage_chrM.png:md5,f565c56957371c250bcfb6b843f08d4a",
                "HG003_chromograph_coverage_chrX.png:md5,9b58f19759959df04d761bf94ddd5b72",
                "HG003_chromograph_coverage_chrY.png:md5,954482b960865332f37d386da5c9fb75",
                "HG004_chromograph_autozyg_chr1.png:md5,33d95212be5bf91fbea53500bcbba19c",
                "HG004_chromograph_autozyg_chr10.png:md5,33d95212be5bf91fbea53500bcbba19c",
                "HG004_chromograph_autozyg_chr11.png:md5,33d95212be5bf91fbea53500bcbba19c",
                "HG004_chromograph_autozyg_chr12.png:md5,33d95212be5bf91fbea53500bcbba19c",
                "HG004_chromograph_autozyg_chr13.png:md5,33d95212be5bf91fbea53500bcbba19c",
                "HG004_chromograph_autozyg_chr14.png:md5,33d95212be5bf91fbea53500bcbba19c",
                "HG004_chromograph_autozyg_chr15.png:md5,33d95212be5bf91fbea53500bcbba19c",
                "HG004_chromograph_autozyg_chr16.png:md5,317660db61eb374167d8680568c847a7",
                "HG004_chromograph_autozyg_chr17.png:md5,33d95212be5bf91fbea53500bcbba19c",
                "HG004_chromograph_autozyg_chr18.png:md5,33d95212be5bf91fbea53500bcbba19c",
                "HG004_chromograph_autozyg_chr19.png:md5,33d95212be5bf91fbea53500bcbba19c",
                "HG004_chromograph_autozyg_chr2.png:md5,33d95212be5bf91fbea53500bcbba19c",
                "HG004_chromograph_autozyg_chr20.png:md5,33d95212be5bf91fbea53500bcbba19c",
                "HG004_chromograph_autozyg_chr21.png:md5,33d95212be5bf91fbea53500bcbba19c",
                "HG004_chromograph_autozyg_chr22.png:md5,33d95212be5bf91fbea53500bcbba19c",
                "HG004_chromograph_autozyg_chr3.png:md5,33d95212be5bf91fbea53500bcbba19c",
                "HG004_chromograph_autozyg_chr4.png:md5,33d95212be5bf91fbea53500bcbba19c",
                "HG004_chromograph_autozyg_chr5.png:md5,33d95212be5bf91fbea53500bcbba19c",
                "HG004_chromograph_autozyg_chr6.png:md5,33d95212be5bf91fbea53500bcbba19c",
                "HG004_chromograph_autozyg_chr7.png:md5,33d95212be5bf91fbea53500bcbba19c",
                "HG004_chromograph_autozyg_chr8.png:md5,33d95212be5bf91fbea53500bcbba19c",
                "HG004_chromograph_autozyg_chr9.png:md5,33d95212be5bf91fbea53500bcbba19c",
                "HG004_chromograph_autozyg_chrM.png:md5,33d95212be5bf91fbea53500bcbba19c",
                "HG004_chromograph_autozyg_chrX.png:md5,4043f9dd0efed4d0dcc3fdc92678d2e8",
                "HG004_chromograph_autozyg_chrY.png:md5,33d95212be5bf91fbea53500bcbba19c",
                "HG004_chromograph_coverage_chr1.png:md5,954482b960865332f37d386da5c9fb75",
                "HG004_chromograph_coverage_chr10.png:md5,954482b960865332f37d386da5c9fb75",
                "HG004_chromograph_coverage_chr11.png:md5,954482b960865332f37d386da5c9fb75",
                "HG004_chromograph_coverage_chr12.png:md5,954482b960865332f37d386da5c9fb75",
                "HG004_chromograph_coverage_chr13.png:md5,954482b960865332f37d386da5c9fb75",
                "HG004_chromograph_coverage_chr14.png:md5,954482b960865332f37d386da5c9fb75",
                "HG004_chromograph_coverage_chr15.png:md5,954482b960865332f37d386da5c9fb75",
                "HG004_chromograph_coverage_chr16.png:md5,820a82745fa18758db3f0976b45ef1d4",
                "HG004_chromograph_coverage_chr17.png:md5,c5bf628f014066defdbc39a66baa8934",
                "HG004_chromograph_coverage_chr18.png:md5,954482b960865332f37d386da5c9fb75",
                "HG004_chromograph_coverage_chr19.png:md5,954482b960865332f37d386da5c9fb75",
                "HG004_chromograph_coverage_chr2.png:md5,954482b960865332f37d386da5c9fb75",
                "HG004_chromograph_coverage_chr20.png:md5,15b70ba619916e3b6fe9f6dfde8e6597",
                "HG004_chromograph_coverage_chr21.png:md5,954482b960865332f37d386da5c9fb75",
                "HG004_chromograph_coverage_chr22.png:md5,954482b960865332f37d386da5c9fb75",
                "HG004_chromograph_coverage_chr3.png:md5,954482b960865332f37d386da5c9fb75",
                "HG004_chromograph_coverage_chr4.png:md5,954482b960865332f37d386da5c9fb75",
                "HG004_chromograph_coverage_chr5.png:md5,954482b960865332f37d386da5c9fb75",
                "HG004_chromograph_coverage_chr6.png:md5,954482b960865332f37d386da5c9fb75",
                "HG004_chromograph_coverage_chr7.png:md5,954482b960865332f37d386da5c9fb75",
                "HG004_chromograph_coverage_chr8.png:md5,954482b960865332f37d386da5c9fb75",
                "HG004_chromograph_coverage_chr9.png:md5,954482b960865332f37d386da5c9fb75",
                "HG004_chromograph_coverage_chrM.png:md5,90de157b814be5dbca58b7719572192a",
                "HG004_chromograph_coverage_chrX.png:md5,1b98fd0d646c6fa24a923eeebab1c19f",
                "HG004_chromograph_coverage_chrY.png:md5,954482b960865332f37d386da5c9fb75",
                "HG002_pbcpgtools.combined.bed.gz:md5,bc1a974619fa61592ca0c045dfa3f6a6",
                "HG002_pbcpgtools.combined.bed.gz.tbi:md5,a3ffabfe1f9a0085f7f17a516f9bf8b8",
                "HG002_pbcpgtools.hap1.bed.gz:md5,2b9dd9a13d77ca741f4ad3626c48c332",
                "HG002_pbcpgtools.hap1.bed.gz.tbi:md5,6568a78112f90fddd27c9ea34a363144",
                "HG002_pbcpgtools.hap2.bed.gz:md5,e55306edde267865abc0c9d356b1819d",
                "HG002_pbcpgtools.hap2.bed.gz.tbi:md5,d44f0e262b9351e25733d7896f8d9cc7",
                "HG003_pbcpgtools.combined.bed.gz:md5,99b672766afb65268959774c04fcdb9b",
                "HG003_pbcpgtools.combined.bed.gz.tbi:md5,b4bef4ad33f4a3669f1477f432d08715",
                "HG003_pbcpgtools.hap1.bed.gz:md5,3ce3b6f8b8df1763c680d7ee38e16c0d",
                "HG003_pbcpgtools.hap1.bed.gz.tbi:md5,aea259c8f366f1e9a761074570636927",
                "HG003_pbcpgtools.hap2.bed.gz:md5,d111a03e558de89fc97b59bb680716a5",
                "HG003_pbcpgtools.hap2.bed.gz.tbi:md5,979335e1c28147f5490865cfd562402a",
                "HG004_pbcpgtools.combined.bed.gz:md5,e228d4aeb9ba18168f88c4fa1d766cc4",
                "HG004_pbcpgtools.combined.bed.gz.tbi:md5,aafd78ce775b7fa32a513a287b192297",
                "HG004_pbcpgtools.hap1.bed.gz:md5,5af4909e02be700a548f87345e1e5c66",
                "HG004_pbcpgtools.hap1.bed.gz.tbi:md5,a7538d7892187b54376b0456a0484960",
                "HG004_pbcpgtools.hap2.bed.gz:md5,38341fd4935b0a6698a030a06d07058a",
                "HG004_pbcpgtools.hap2.bed.gz.tbi:md5,3338912e982e7a53b3921fb2817f20ef",
                "bcftools-stats-subtypes.txt:md5,a224445b24151b7bf41893ca532ef866",
                "bcftools_stats_indel-lengths.txt:md5,7db931100546f3ac2999d92b6ca61a34",
                "fastqc-status-check-heatmap.txt:md5,f67860347368dd43ec3be3a53e1085dc",
                "fastqc_adapter_content_plot.txt:md5,709e06e13a9558042eb7284fb93d62aa",
                "fastqc_overrepresented_sequences_plot.txt:md5,8eb5fcca98a226336511cbe53ef1a658",
                "fastqc_per_base_n_content_plot.txt:md5,a1b9be680733df6b9dda4c1f43ce0460",
                "fastqc_per_base_sequence_quality_plot.txt:md5,a7748e115287305289765d414bb370eb",
                "fastqc_per_sequence_gc_content_plot_Counts.txt:md5,6db51e27fa75ca91ba3f4e71674fae86",
                "fastqc_per_sequence_gc_content_plot_Percentages.txt:md5,988d2bbf16a602f82b812c52d7528258",
                "fastqc_per_sequence_quality_scores_plot.txt:md5,4fa2f46a181dd26fdbb520ecdffbc507",
                "fastqc_sequence_counts_plot.txt:md5,f8bc43854467033647669182562f968e",
                "fastqc_sequence_duplication_levels_plot.txt:md5,b324e0503dedd9db279693045166a405",
                "fastqc_sequence_length_distribution_plot.txt:md5,f1a2f4955e9af1a3761f1ac8d3132536",
                "mosdepth-coverage-per-contig-multi.txt:md5,0e5fb79a21ecb0d394df06b485667380",
                "mosdepth-cumcoverage-dist-id.txt:md5,50bdcb5a3d88aabfcaa358c7039b1141",
                "mosdepth_cov_dist.txt:md5,7193a2e92ce459583f61fd6287bb2b75",
                "mosdepth_cumcov_dist.txt:md5,7193a2e92ce459583f61fd6287bb2b75",
                "mosdepth_perchrom.txt:md5,dce21afa036e242de55b3686ce314d2c",
                "multiqc_bcftools_stats.txt:md5,881e73457fe2b72011ecaaae6a9a0b91",
                "multiqc_citations.txt:md5,b3367d20aa6e8306ca1c32c0f5993899",
                "multiqc_fastqc.txt:md5,13981c8f5bcfcb8729f1eab4d267730f",
                "multiqc_general_stats.txt:md5,72115aeb2664443d9c8cab54f467c69d",
                "multiqc_whatshap_phased_bp_plot.txt:md5,31502ff5497bd639dcb218978b9477d8",
                "peddy_relatedness_plot.txt:md5,ccb7576c82712746a7805e4b08f8de11",
                "somalier_stats.txt:md5,2519c648970591c8161b6233a685062f",
                "whatshap-stats-table.txt:md5,bfcf21c8dc2012a23882c9d2a0163525",
                "FAM.ped:md5,c1be629e4d55fe3bd2b661c340ddedc1",
                "HG002_cramino_aligned_phased.arrow:md5,368993a8f0f59ae345d0b3a3fb8d0765",
                "HG003_cramino_aligned_phased.arrow:md5,bbaab67e763f6059f7bf7166d282d8d3",
                "HG004_cramino_aligned_phased.arrow:md5,be2fb4836a3a903e6298dc6bc86136ce",
                "HG002_cramino_aligned.arrow:md5,368993a8f0f59ae345d0b3a3fb8d0765",
                "HG003_cramino_aligned.arrow:md5,bbaab67e763f6059f7bf7166d282d8d3",
                "HG004_cramino_aligned.arrow:md5,be2fb4836a3a903e6298dc6bc86136ce",
                "HG002.mosdepth.global.dist.txt:md5,e8962dbcddfdd34867739209c6a99bd3",
                "HG002.mosdepth.region.dist.txt:md5,e7627ebf582163f1bf6073a94f67d944",
                "HG002.mosdepth.summary.txt:md5,a0b6b01f12254827923d7eb2602c8312",
                "HG002.regions.bed.gz:md5,c25849c398d5518c7c55c8c88357ff33",
                "HG002.regions.bed.gz.csi:md5,79cc0587f56567e10d79fab830353523",
                "HG003.mosdepth.global.dist.txt:md5,c69600c29853afe20cc06141556fc1ae",
                "HG003.mosdepth.region.dist.txt:md5,3201d574e34182cca5474ea00d240658",
                "HG003.mosdepth.summary.txt:md5,8dc97a3e293569fc09c56d841806f356",
                "HG003.regions.bed.gz:md5,1779d0c7e45b7964973f6d0f47d788ff",
                "HG003.regions.bed.gz.csi:md5,5601ebcf516d68454b5ade8d2044fd1f",
                "HG004.mosdepth.global.dist.txt:md5,868fa18dec5a68c126889ffa54651082",
                "HG004.mosdepth.region.dist.txt:md5,788919a7c740c2988db74d4465b41cba",
                "HG004.mosdepth.summary.txt:md5,a6132da0f2ec6d26cacc8ba3521bda42",
                "HG004.regions.bed.gz:md5,fc33d551689709573ffa24d2b1730a01",
                "HG004.regions.bed.gz.csi:md5,9af2063fcb0552c1096e31b5c930755f",
                "FAM.het_check.csv:md5,c4afd920dfd8971189cea135eccf1677",
                "FAM.het_check.png:md5,602f8c358d20c6321ba9f96f61625724",
                "FAM.html:md5,aed38838f8094ebb476c926afbd5b85f",
                "FAM.ped_check.csv:md5,66e03006f5157982833510e5b93fe048",
                "FAM.ped_check.png:md5,80e3b2fd72b40fcf0efa5e1e6fbccd28",
                "FAM.ped_check.rel-difference.csv:md5,b7f4daf0366fe93f4d8e9708b52a2436",
                "FAM.peddy.ped:md5,7f5c88175bc6116934e6fe68c6a550fd",
                "FAM.sex_check.csv:md5,e82ac26951416b738db777730e0ced59",
                "FAM.sex_check.png:md5,b972b8629706cb367a5c1f72434434c6",
                "FAM.vs.html:md5,d5231a6c1f32ad5eb149d5dadadfa35a",
                "HG002_whatshap_stats.gtf.gz:md5,4540db74a397b693fe0ea63df5d750e9",
                "HG002_whatshap_stats.gtf.gz.tbi:md5,b39b9b03246d1f4800487ae9903424f3",
                "HG002_whatshap_stats.tsv:md5,43b1d8d76048113424c5754e043c4d8d",
                "HG003_whatshap_stats.gtf.gz:md5,6743c2315bf868ecffefa44f80418e40",
                "HG003_whatshap_stats.gtf.gz.tbi:md5,a45c2969378bfb4bbef7220da839025a",
                "HG003_whatshap_stats.tsv:md5,fdd8626b3853a791f3710928e586de9c",
                "HG004_whatshap_stats.gtf.gz:md5,8423d0eac1ac62981574eec60a9c96d9",
                "HG004_whatshap_stats.gtf.gz.tbi:md5,7d946efbc8e804ce3029a52cb90324fd",
                "HG004_whatshap_stats.tsv:md5,8103a14ba1a61fa9bc855d2156ef17c3",
                "HG002_sambamba_depth.bed:md5,50ba432d54b9f32531ad3e66eb9f10c0",
                "HG003_sambamba_depth.bed:md5,10946b6471f7aa91f59b7febe98fe485",
                "HG004_sambamba_depth.bed:md5,ab256d67031421e9e4222cc2ded76df6",
                "HG002_copynum_sawfish.bedgraph:md5,a291a5c70cfd5f068a400628fb9b826a",
                "HG002_depth_sawfish.bw:md5,9cf3b2b152943843093a9f3e3c8ca5af",
                "HG002_gc_bias_corrected_depth_sawfish.bw:md5,9cf3b2b152943843093a9f3e3c8ca5af",
                "HG002_hificnv.copynum.bedgraph:md5,e22d40a57358ad137abe5beaa0e2db10",
                "HG002_hificnv.depth.bw:md5,6b57689a2c0b0e91c768bfc8eac07268",
                "HG002_hificnv.maf.bw:md5,da5164779ecfbb10fa7c6f1ef43b1470",
                "HG002_pbcpgtools.combined.bw:md5,0c49349f6b4d804ef1f5703b03155bfb",
                "HG002_pbcpgtools.hap1.bw:md5,d97df66e90060fa332290bde23419ca0",
                "HG002_pbcpgtools.hap2.bw:md5,cf15a5d0ed80b3accc83545827528d29",
                "HG003_copynum_sawfish.bedgraph:md5,8bc7bacbde064c963d898b30d091ab0d",
                "HG003_depth_sawfish.bw:md5,db32e949e3ad7cb73b228f5e0dac0575",
                "HG003_gc_bias_corrected_depth_sawfish.bw:md5,db32e949e3ad7cb73b228f5e0dac0575",
                "HG003_hificnv.copynum.bedgraph:md5,ae903b00036ac3a24be0e3e4abff3594",
                "HG003_hificnv.depth.bw:md5,6c28b05317e277eba3b4ffefb443ae62",
                "HG003_hificnv.maf.bw:md5,f89f151bd6fcefde976c2c8574caff23",
                "HG003_pbcpgtools.combined.bw:md5,0e3aa681032b478e902490b5926266a3",
                "HG003_pbcpgtools.hap1.bw:md5,7ec0bd2e9e6f5bc834ddcc7ab27e84cc",
                "HG003_pbcpgtools.hap2.bw:md5,78195ee7893210cbb741efbc30590455",
                "HG004_copynum_sawfish.bedgraph:md5,0ef558098ecc255a447836610f15d144",
                "HG004_depth_sawfish.bw:md5,c8251e2c7fd69c9f0b6d200eee6af4c1",
                "HG004_gc_bias_corrected_depth_sawfish.bw:md5,c8251e2c7fd69c9f0b6d200eee6af4c1",
                "HG004_hificnv.copynum.bedgraph:md5,251f5c782ac1f282d988d8dd42da5ff8",
                "HG004_hificnv.depth.bw:md5,712c373e7f587ddce5c528b7c5e78dd2",
                "HG004_hificnv.maf.bw:md5,fce75b0ffa2ea9ef96ba777ca203ce4b",
                "HG004_pbcpgtools.combined.bw:md5,6c167d4db0b25b884eba67b690160861",
                "HG004_pbcpgtools.hap1.bw:md5,d187e9802249043967d51b8422f7c82e",
                "HG004_pbcpgtools.hap2.bw:md5,d7cebd17f9e4340504f60b174433b5f7"
            ],
            [
                [
                    "HG002_haplotagged.bam",
                    "2aeb27563909aebd9e92e3bcc07b07a4"
                ],
                [
                    "HG003_haplotagged.bam",
                    "1f269b91126a9fd6394487c5c05720e6"
                ],
                [
                    "HG004_haplotagged.bam",
                    "a4f5f6708b68640841b7f976fab3a960"
                ],
                [
                    "HG002_aligned_assembly.bam",
                    "791e93aad3e2af4a12f4fbec9d92c403"
                ],
                [
                    "HG003_aligned_assembly.bam",
                    "e5f5b7d3a689c00000d1ea1d4e9c3af1"
                ],
                [
                    "HG004_aligned_assembly.bam",
                    "209d2e152341caa5e67f78c870ff2e5e"
                ],
                [
                    "HG002_spanning_trgt.bam",
                    "eaaaa372cae26f1e039a46899ff4e142"
                ],
                [
                    "HG003_spanning_trgt.bam",
                    "bc2fd60ca1a340543dd66e5775644f97"
                ],
                [
                    "HG004_spanning_trgt.bam",
                    "c8334a968268bf92dff1e959db5d9ba"
                ]
            ],
            [
                
            ],
            [
                [
                    "FAM_paraphase_merged.vcf.gz",
                    "VcfFile [chromosomes=[chr16, chr17], sampleCount=21, variantCount=335, phased=true, phasedAutodetect=false]"
                ],
                [
                    "HG002_OR1D5.vcf.gz",
                    "VcfFile [chromosomes=[chr17], sampleCount=2, variantCount=12, phased=true, phasedAutodetect=false]"
                ],
                [
                    "HG002_hba.vcf.gz",
                    "VcfFile [chromosomes=[chr16], sampleCount=5, variantCount=277, phased=true, phasedAutodetect=false]"
                ],
                [
                    "HG003_OR1D5.vcf.gz",
                    "VcfFile [chromosomes=[chr17], sampleCount=2, variantCount=15, phased=true, phasedAutodetect=true]"
                ],
                [
                    "HG003_hba.vcf.gz",
                    "VcfFile [chromosomes=[chr16], sampleCount=5, variantCount=278, phased=true, phasedAutodetect=false]"
                ],
                [
                    "HG004_OR1D5.vcf.gz",
                    "VcfFile [chromosomes=[chr17], sampleCount=2, variantCount=49, phased=true, phasedAutodetect=true]"
                ],
                [
                    "HG004_hba.vcf.gz",
                    "VcfFile [chromosomes=[chr16], sampleCount=5, variantCount=275, phased=true, phasedAutodetect=false]"
                ],
                [
                    "HG002_trgt.vcf.gz",
                    "VcfFile [chromosomes=[chr20], sampleCount=1, variantCount=1, phased=true, phasedAutodetect=false]"
                ],
                [
                    "HG003_trgt.vcf.gz",
                    "VcfFile [chromosomes=[chr20], sampleCount=1, variantCount=1, phased=true, phasedAutodetect=false]"
                ],
                [
                    "HG004_trgt.vcf.gz",
                    "VcfFile [chromosomes=[chr20], sampleCount=1, variantCount=1, phased=false, phasedAutodetect=false]"
                ],
                [
                    "FAM_snvs_annotated_ranked_clinical.vcf.gz",
                    "VcfFile [chromosomes=[chr16], sampleCount=3, variantCount=91, phased=false, phasedAutodetect=false]"
                ],
                [
                    "FAM_snvs_annotated_ranked_research.vcf.gz",
                    "VcfFile [chromosomes=[chrX, chr16, chr17, chrM], sampleCount=3, variantCount=252, phased=false, phasedAutodetect=false]"
                ],
                [
                    "HG002_deepvariant_snvs.vcf.gz",
                    "VcfFile [chromosomes=[chrX, chr16, chr17, chr20], sampleCount=1, variantCount=175, phased=false, phasedAutodetect=false]"
                ],
                [
                    "HG003_deepvariant_snvs.vcf.gz",
                    "VcfFile [chromosomes=[chrX, chr16, chr17, chr20], sampleCount=1, variantCount=152, phased=false, phasedAutodetect=false]"
                ],
                [
                    "HG004_deepvariant_snvs.vcf.gz",
                    "VcfFile [chromosomes=[chrX, chr16, chr17, chr20], sampleCount=1, variantCount=267, phased=false, phasedAutodetect=false]"
                ],
                [
                    "FAM_svs_annotated_ranked_clinical.vcf.gz",
                    "VcfFile [chromosomes=[chr16], sampleCount=3, variantCount=1, phased=false, phasedAutodetect=false]"
                ],
                [
                    "FAM_svs_annotated_ranked_research.vcf.gz",
                    "VcfFile [chromosomes=[chrX, chr16, chr17, chrM], sampleCount=3, variantCount=33, phased=false, phasedAutodetect=false]"
                ]
            ],
            [
                
            ]
        ],
        "timestamp": "2026-05-21T15:07:12.8748084",
        "meta": {
            "nf-test": "0.9.5",
            "nextflow": "26.02.0"
        }
    }
}