{
    "Test family id same as sample id": {
        "content": [
            191,
            {
                "Workflow": {
                    "genomic-medicine-sweden/nallo": "v0.13.0dev"
                }
            },
            [
                "aligned_reads",
                "aligned_reads/HG002_Revio",
                "aligned_reads/HG002_Revio/HG002_Revio_haplotagged.bam",
                "aligned_reads/HG002_Revio/HG002_Revio_haplotagged.bam.bai",
                "assembly",
                "assembly/sample",
                "assembly/sample/HG002_Revio",
                "assembly/sample/HG002_Revio/HG002_Revio_aligned_assembly.bam",
                "assembly/sample/HG002_Revio/HG002_Revio_aligned_assembly.bam.bai",
                "assembly/stats",
                "assembly/stats/HG002_Revio",
                "assembly/stats/HG002_Revio/HG002_Revio_haplotype_1.assembly_summary",
                "assembly/stats/HG002_Revio/HG002_Revio_haplotype_2.assembly_summary",
                "gens",
                "gens/HG002_Revio",
                "gens/HG002_Revio/HG002_Revio.baf.bed.gz",
                "gens/HG002_Revio/HG002_Revio.baf.bed.gz.tbi",
                "gens/HG002_Revio/HG002_Revio.cov.bed.gz",
                "gens/HG002_Revio/HG002_Revio.cov.bed.gz.tbi",
                "images",
                "images/chromograph",
                "images/chromograph/sample",
                "images/chromograph/sample/HG002_Revio",
                "images/chromograph/sample/HG002_Revio/HG002_Revio_chromograph_autozyg.bed_chr1.png",
                "images/chromograph/sample/HG002_Revio/HG002_Revio_chromograph_autozyg.bed_chr10.png",
                "images/chromograph/sample/HG002_Revio/HG002_Revio_chromograph_autozyg.bed_chr11.png",
                "images/chromograph/sample/HG002_Revio/HG002_Revio_chromograph_autozyg.bed_chr12.png",
                "images/chromograph/sample/HG002_Revio/HG002_Revio_chromograph_autozyg.bed_chr13.png",
                "images/chromograph/sample/HG002_Revio/HG002_Revio_chromograph_autozyg.bed_chr14.png",
                "images/chromograph/sample/HG002_Revio/HG002_Revio_chromograph_autozyg.bed_chr15.png",
                "images/chromograph/sample/HG002_Revio/HG002_Revio_chromograph_autozyg.bed_chr16.png",
                "images/chromograph/sample/HG002_Revio/HG002_Revio_chromograph_autozyg.bed_chr17.png",
                "images/chromograph/sample/HG002_Revio/HG002_Revio_chromograph_autozyg.bed_chr18.png",
                "images/chromograph/sample/HG002_Revio/HG002_Revio_chromograph_autozyg.bed_chr19.png",
                "images/chromograph/sample/HG002_Revio/HG002_Revio_chromograph_autozyg.bed_chr2.png",
                "images/chromograph/sample/HG002_Revio/HG002_Revio_chromograph_autozyg.bed_chr20.png",
                "images/chromograph/sample/HG002_Revio/HG002_Revio_chromograph_autozyg.bed_chr21.png",
                "images/chromograph/sample/HG002_Revio/HG002_Revio_chromograph_autozyg.bed_chr22.png",
                "images/chromograph/sample/HG002_Revio/HG002_Revio_chromograph_autozyg.bed_chr3.png",
                "images/chromograph/sample/HG002_Revio/HG002_Revio_chromograph_autozyg.bed_chr4.png",
                "images/chromograph/sample/HG002_Revio/HG002_Revio_chromograph_autozyg.bed_chr5.png",
                "images/chromograph/sample/HG002_Revio/HG002_Revio_chromograph_autozyg.bed_chr6.png",
                "images/chromograph/sample/HG002_Revio/HG002_Revio_chromograph_autozyg.bed_chr7.png",
                "images/chromograph/sample/HG002_Revio/HG002_Revio_chromograph_autozyg.bed_chr8.png",
                "images/chromograph/sample/HG002_Revio/HG002_Revio_chromograph_autozyg.bed_chr9.png",
                "images/chromograph/sample/HG002_Revio/HG002_Revio_chromograph_autozyg.bed_chrM.png",
                "images/chromograph/sample/HG002_Revio/HG002_Revio_chromograph_autozyg.bed_chrX.png",
                "images/chromograph/sample/HG002_Revio/HG002_Revio_chromograph_autozyg.bed_chrY.png",
                "images/chromograph/sample/HG002_Revio/HG002_Revio_chromograph_coverage.wig_chr1.png",
                "images/chromograph/sample/HG002_Revio/HG002_Revio_chromograph_coverage.wig_chr10.png",
                "images/chromograph/sample/HG002_Revio/HG002_Revio_chromograph_coverage.wig_chr11.png",
                "images/chromograph/sample/HG002_Revio/HG002_Revio_chromograph_coverage.wig_chr12.png",
                "images/chromograph/sample/HG002_Revio/HG002_Revio_chromograph_coverage.wig_chr13.png",
                "images/chromograph/sample/HG002_Revio/HG002_Revio_chromograph_coverage.wig_chr14.png",
                "images/chromograph/sample/HG002_Revio/HG002_Revio_chromograph_coverage.wig_chr15.png",
                "images/chromograph/sample/HG002_Revio/HG002_Revio_chromograph_coverage.wig_chr16.png",
                "images/chromograph/sample/HG002_Revio/HG002_Revio_chromograph_coverage.wig_chr17.png",
                "images/chromograph/sample/HG002_Revio/HG002_Revio_chromograph_coverage.wig_chr18.png",
                "images/chromograph/sample/HG002_Revio/HG002_Revio_chromograph_coverage.wig_chr19.png",
                "images/chromograph/sample/HG002_Revio/HG002_Revio_chromograph_coverage.wig_chr2.png",
                "images/chromograph/sample/HG002_Revio/HG002_Revio_chromograph_coverage.wig_chr20.png",
                "images/chromograph/sample/HG002_Revio/HG002_Revio_chromograph_coverage.wig_chr21.png",
                "images/chromograph/sample/HG002_Revio/HG002_Revio_chromograph_coverage.wig_chr22.png",
                "images/chromograph/sample/HG002_Revio/HG002_Revio_chromograph_coverage.wig_chr3.png",
                "images/chromograph/sample/HG002_Revio/HG002_Revio_chromograph_coverage.wig_chr4.png",
                "images/chromograph/sample/HG002_Revio/HG002_Revio_chromograph_coverage.wig_chr5.png",
                "images/chromograph/sample/HG002_Revio/HG002_Revio_chromograph_coverage.wig_chr6.png",
                "images/chromograph/sample/HG002_Revio/HG002_Revio_chromograph_coverage.wig_chr7.png",
                "images/chromograph/sample/HG002_Revio/HG002_Revio_chromograph_coverage.wig_chr8.png",
                "images/chromograph/sample/HG002_Revio/HG002_Revio_chromograph_coverage.wig_chr9.png",
                "images/chromograph/sample/HG002_Revio/HG002_Revio_chromograph_coverage.wig_chrM.png",
                "images/chromograph/sample/HG002_Revio/HG002_Revio_chromograph_coverage.wig_chrX.png",
                "images/chromograph/sample/HG002_Revio/HG002_Revio_chromograph_coverage.wig_chrY.png",
                "methylation",
                "methylation/pileup",
                "methylation/pileup/HG002_Revio",
                "methylation/pileup/HG002_Revio/HG002_Revio_pbcpgtools.combined.bed.gz",
                "methylation/pileup/HG002_Revio/HG002_Revio_pbcpgtools.combined.bed.gz.tbi",
                "methylation/pileup/HG002_Revio/HG002_Revio_pbcpgtools.hap1.bed.gz",
                "methylation/pileup/HG002_Revio/HG002_Revio_pbcpgtools.hap1.bed.gz.tbi",
                "methylation/pileup/HG002_Revio/HG002_Revio_pbcpgtools.hap2.bed.gz",
                "methylation/pileup/HG002_Revio/HG002_Revio_pbcpgtools.hap2.bed.gz.tbi",
                "methylation/profile",
                "methylation/profile/family",
                "methylation/profile/family/HG002_Revio",
                "methylation/profile/family/HG002_Revio/HG002_Revio_methbat_profile_annotated.tsv",
                "methylation/profile/sample",
                "methylation/profile/sample/HG002_Revio",
                "methylation/profile/sample/HG002_Revio/HG002_Revio_methbat_profile.tsv",
                "multiqc",
                "multiqc/multiqc_data",
                "multiqc/multiqc_data/.stub",
                "multiqc/multiqc_plots",
                "multiqc/multiqc_plots/.stub",
                "multiqc/multiqc_report.html",
                "paraphase",
                "paraphase/family",
                "paraphase/family/HG002_Revio",
                "paraphase/family/HG002_Revio/HG002_Revio_paraphase_annotated.tsv",
                "paraphase/family/HG002_Revio/HG002_Revio_paraphase_merged.vcf.gz",
                "paraphase/family/HG002_Revio/HG002_Revio_paraphase_merged.vcf.gz.tbi",
                "paraphase/sample",
                "paraphase/sample/HG002_Revio",
                "paraphase/sample/HG002_Revio/HG002_Revio.paraphase.bam",
                "paraphase/sample/HG002_Revio/HG002_Revio.paraphase.bam.bai",
                "paraphase/sample/HG002_Revio/HG002_Revio.paraphase.json",
                "paraphase/sample/HG002_Revio/HG002_Revio_paraphase_vcfs",
                "paraphase/sample/HG002_Revio/HG002_Revio_paraphase_vcfs/HG002_Revio_stub.vcf.gz",
                "paraphase/sample/HG002_Revio/HG002_Revio_paraphase_vcfs/HG002_Revio_stub.vcf.gz.tbi",
                "pedigree",
                "pedigree/family",
                "pedigree/family/HG002_Revio.ped",
                "pipeline_info",
                "pipeline_info/nallo_software_mqc_versions.yml"
            ]
        ],
        "timestamp": "2026-07-10T15:45:39.544649458",
        "meta": {
            "nf-test": "0.9.5",
            "nextflow": "26.04.4"
        }
    }
}