{
    "[bam, bai], fasta, fai, bed": {
        "content": [
            "502b7befd528ce70b8269a8e4b9281df",
            "1de84bd070a82b37e6fac25d19ae604e",
            "65999ab8f2bc7841de8172468bf23ab6",
            [
                "versions.yml:md5,52272b464e62cb9e5d41622ea76cd070",
                "versions.yml:md5,78d86f9ddc871705ca029444a498322f",
                "versions.yml:md5,799b136592e7434ff7eb9ddcc70e7e41",
                "versions.yml:md5,b9424dde80b33e84164cc956a14aa459",
                "versions.yml:md5,d7098c270381ae9c3c54fd4224f50206"
            ]
        ],
        "meta": {
            "nf-test": "0.9.0",
            "nextflow": "24.04.4"
        },
        "timestamp": "2024-11-04T16:23:30.11542862"
    },
    "[bam, bai], fasta, fai, bed - stub": {
        "content": [
            {
                "0": [
                    [
                        {
                            "id": "test",
                            "single_end": false,
                            "project": "project",
                            "sex": 1
                        },
                        "test.vcf.gz:md5,68b329da9893e34099c7d8ad5cb9c940"
                    ]
                ],
                "1": [
                    [
                        {
                            "id": "project"
                        },
                        "project.vcf.gz:md5,68b329da9893e34099c7d8ad5cb9c940"
                    ]
                ],
                "2": [
                    [
                        {
                            "id": "test",
                            "single_end": false,
                            "project": "project",
                            "sex": 1
                        },
                        "test.bam:md5,d41d8cd98f00b204e9800998ecf8427e"
                    ]
                ],
                "3": [
                    [
                        {
                            "id": "test",
                            "single_end": false,
                            "project": "project",
                            "sex": 1
                        },
                        "test.bam.bai:md5,d41d8cd98f00b204e9800998ecf8427e"
                    ]
                ],
                "4": [
                    "versions.yml:md5,52272b464e62cb9e5d41622ea76cd070",
                    "versions.yml:md5,78d86f9ddc871705ca029444a498322f",
                    "versions.yml:md5,799b136592e7434ff7eb9ddcc70e7e41",
                    "versions.yml:md5,b9424dde80b33e84164cc956a14aa459",
                    "versions.yml:md5,d7098c270381ae9c3c54fd4224f50206"
                ],
                "project_vcf": [
                    [
                        {
                            "id": "project"
                        },
                        "project.vcf.gz:md5,68b329da9893e34099c7d8ad5cb9c940"
                    ]
                ],
                "sample_bai": [
                    [
                        {
                            "id": "test",
                            "single_end": false,
                            "project": "project",
                            "sex": 1
                        },
                        "test.bam.bai:md5,d41d8cd98f00b204e9800998ecf8427e"
                    ]
                ],
                "sample_bam": [
                    [
                        {
                            "id": "test",
                            "single_end": false,
                            "project": "project",
                            "sex": 1
                        },
                        "test.bam:md5,d41d8cd98f00b204e9800998ecf8427e"
                    ]
                ],
                "sample_vcf": [
                    [
                        {
                            "id": "test",
                            "single_end": false,
                            "project": "project",
                            "sex": 1
                        },
                        "test.vcf.gz:md5,68b329da9893e34099c7d8ad5cb9c940"
                    ]
                ],
                "versions": [
                    "versions.yml:md5,52272b464e62cb9e5d41622ea76cd070",
                    "versions.yml:md5,78d86f9ddc871705ca029444a498322f",
                    "versions.yml:md5,799b136592e7434ff7eb9ddcc70e7e41",
                    "versions.yml:md5,b9424dde80b33e84164cc956a14aa459",
                    "versions.yml:md5,d7098c270381ae9c3c54fd4224f50206"
                ]
            }
        ],
        "meta": {
            "nf-test": "0.9.0",
            "nextflow": "24.04.4"
        },
        "timestamp": "2024-11-04T16:23:42.483750233"
    }
}
