{
    "2 samples - SNVs + SVs - stub": {
        "content": [
            {
                "0": [
                    [
                        {
                            "id": "HG002",
                            "family_id": "FAM"
                        },
                        "HG002_stats.tsv:md5,d41d8cd98f00b204e9800998ecf8427e"
                    ],
                    [
                        {
                            "id": "HG003",
                            "family_id": "FAM"
                        },
                        "HG003_stats.tsv:md5,d41d8cd98f00b204e9800998ecf8427e"
                    ]
                ],
                "1": [
                    [
                        {
                            "id": "HG002",
                            "family_id": "FAM"
                        },
                        "HG002_stats.gtf.gz:md5,68b329da9893e34099c7d8ad5cb9c940"
                    ],
                    [
                        {
                            "id": "HG003",
                            "family_id": "FAM"
                        },
                        "HG003_stats.gtf.gz:md5,68b329da9893e34099c7d8ad5cb9c940"
                    ]
                ],
                "2": [
                    [
                        {
                            "id": "HG002",
                            "family_id": "FAM"
                        },
                        "HG002_stats.gtf.gz.tbi:md5,d41d8cd98f00b204e9800998ecf8427e"
                    ],
                    [
                        {
                            "id": "HG003",
                            "family_id": "FAM"
                        },
                        "HG003_stats.gtf.gz.tbi:md5,d41d8cd98f00b204e9800998ecf8427e"
                    ]
                ],
                "3": [
                    [
                        {
                            "id": "HG002",
                            "family_id": "FAM"
                        },
                        "HG002_cramino_aligned_phased.txt:md5,d41d8cd98f00b204e9800998ecf8427e"
                    ],
                    [
                        {
                            "id": "HG003",
                            "family_id": "FAM"
                        },
                        "HG003_cramino_aligned_phased.txt:md5,d41d8cd98f00b204e9800998ecf8427e"
                    ]
                ],
                "4": [
                    [
                        {
                            "id": "HG002",
                            "family_id": "FAM"
                        },
                        "HG002_cramino_aligned_phased.arrow:md5,d41d8cd98f00b204e9800998ecf8427e"
                    ],
                    [
                        {
                            "id": "HG003",
                            "family_id": "FAM"
                        },
                        "HG003_cramino_aligned_phased.arrow:md5,d41d8cd98f00b204e9800998ecf8427e"
                    ]
                ],
                "haplotagging_arrow": [
                    [
                        {
                            "id": "HG002",
                            "family_id": "FAM"
                        },
                        "HG002_cramino_aligned_phased.arrow:md5,d41d8cd98f00b204e9800998ecf8427e"
                    ],
                    [
                        {
                            "id": "HG003",
                            "family_id": "FAM"
                        },
                        "HG003_cramino_aligned_phased.arrow:md5,d41d8cd98f00b204e9800998ecf8427e"
                    ]
                ],
                "haplotagging_stats": [
                    [
                        {
                            "id": "HG002",
                            "family_id": "FAM"
                        },
                        "HG002_cramino_aligned_phased.txt:md5,d41d8cd98f00b204e9800998ecf8427e"
                    ],
                    [
                        {
                            "id": "HG003",
                            "family_id": "FAM"
                        },
                        "HG003_cramino_aligned_phased.txt:md5,d41d8cd98f00b204e9800998ecf8427e"
                    ]
                ],
                "phasing_blocks": [
                    [
                        {
                            "id": "HG002",
                            "family_id": "FAM"
                        },
                        "HG002_stats.gtf.gz:md5,68b329da9893e34099c7d8ad5cb9c940"
                    ],
                    [
                        {
                            "id": "HG003",
                            "family_id": "FAM"
                        },
                        "HG003_stats.gtf.gz:md5,68b329da9893e34099c7d8ad5cb9c940"
                    ]
                ],
                "phasing_blocks_index": [
                    [
                        {
                            "id": "HG002",
                            "family_id": "FAM"
                        },
                        "HG002_stats.gtf.gz.tbi:md5,d41d8cd98f00b204e9800998ecf8427e"
                    ],
                    [
                        {
                            "id": "HG003",
                            "family_id": "FAM"
                        },
                        "HG003_stats.gtf.gz.tbi:md5,d41d8cd98f00b204e9800998ecf8427e"
                    ]
                ],
                "phasing_stats": [
                    [
                        {
                            "id": "HG002",
                            "family_id": "FAM"
                        },
                        "HG002_stats.tsv:md5,d41d8cd98f00b204e9800998ecf8427e"
                    ],
                    [
                        {
                            "id": "HG003",
                            "family_id": "FAM"
                        },
                        "HG003_stats.tsv:md5,d41d8cd98f00b204e9800998ecf8427e"
                    ]
                ]
            }
        ],
        "timestamp": "2026-04-30T11:36:53.645861431",
        "meta": {
            "nf-test": "0.9.5",
            "nextflow": "26.04.0"
        }
    },
    "2 samples - SNVs + SVs": {
        "content": [
            [
                [
                    {
                        "id": "HG002",
                        "family_id": "FAM"
                    },
                    "HG002_stats.tsv:md5,c5fcae8ecb4e0872e8f91157d0b1a368"
                ],
                [
                    {
                        "id": "HG003",
                        "family_id": "FAM"
                    },
                    "HG003_stats.tsv:md5,3c0021436ec278a5872cae4566f5dda1"
                ]
            ],
            [
                [
                    {
                        "id": "HG002",
                        "family_id": "FAM"
                    },
                    "HG002_stats.gtf.gz:md5,595c4020cfb952b0c8e4b6c8685220ab"
                ],
                [
                    {
                        "id": "HG003",
                        "family_id": "FAM"
                    },
                    "HG003_stats.gtf.gz:md5,6a77ee63383acffe72b0bd2e3a2a81b9"
                ]
            ],
            [
                [
                    {
                        "id": "HG002",
                        "family_id": "FAM"
                    },
                    "HG002_stats.gtf.gz.tbi:md5,20daa809d5ddbcb59a03735feb6f0762"
                ],
                [
                    {
                        "id": "HG003",
                        "family_id": "FAM"
                    },
                    "HG003_stats.gtf.gz.tbi:md5,ffa10b38ec47d325925ca88de68549f1"
                ]
            ],
            [
                [
                    {
                        "id": "HG002",
                        "family_id": "FAM"
                    },
                    "HG002_cramino_aligned_phased.arrow"
                ],
                [
                    {
                        "id": "HG003",
                        "family_id": "FAM"
                    },
                    "HG003_cramino_aligned_phased.arrow"
                ]
            ],
            [
                [
                    "File name\tHG002_haplotagged.bam",
                    "Number of alignments\t1092",
                    "% from total alignments\t97.62",
                    "Number of reads\t1066",
                    "Yield [Gb]\t0.02",
                    "Mean coverage\t0.74",
                    "Yield [Gb] (>25kb)\t0.00",
                    "N50\t17958",
                    "N75\t14738",
                    "Median length\t16105.50",
                    "Mean length\t16099.79",
                    "",
                    "Median identity\t99.74",
                    "Mean identity\t99.48",
                    "Modal identity\t99.9",
                    "",
                    "Fraction reads phased\t0.25",
                    "Number of phaseblocks\t12",
                    "Total bases phased [Gb]\t0.00",
                    "Median phaseblock length\t153962.00",
                    "N50 phaseblock length\t258152",
                    "",
                    "",
                    "",
                    "# Normalized read count per chromosome",
                    "",
                    "chr16\t11.96",
                    "chr17\t0.73",
                    "chr20\t0.28",
                    "chrM\t48.45",
                    "chrX\t1.00",
                    "",
                    "Path\tHG002_haplotagged.bam"
                ],
                [
                    "File name\tHG003_haplotagged.bam",
                    "Number of alignments\t697",
                    "% from total alignments\t98.85",
                    "Number of reads\t690",
                    "Yield [Gb]\t0.01",
                    "Mean coverage\t0.43",
                    "Yield [Gb] (>25kb)\t0.00",
                    "N50\t16761",
                    "N75\t13505",
                    "Median length\t14910.00",
                    "Mean length\t14820.88",
                    "",
                    "Median identity\t99.74",
                    "Mean identity\t99.55",
                    "Modal identity\t99.9",
                    "",
                    "Fraction reads phased\t0.22",
                    "Number of phaseblocks\t6",
                    "Total bases phased [Gb]\t0.00",
                    "Median phaseblock length\t330390.50",
                    "N50 phaseblock length\t432148",
                    "",
                    "",
                    "",
                    "# Normalized read count per chromosome",
                    "",
                    "chr16\t12.31",
                    "chr17\t0.73",
                    "chr20\t0.38",
                    "chrM\t6.34",
                    "chrX\t1.00",
                    "",
                    "Path\tHG003_haplotagged.bam"
                ]
            ]
        ],
        "timestamp": "2026-05-20T15:51:28.334622187",
        "meta": {
            "nf-test": "0.9.5",
            "nextflow": "26.02.0"
        }
    },
    "2 samples - SNVs only": {
        "content": [
            [
                [
                    {
                        "id": "HG002",
                        "family_id": "FAM"
                    },
                    "HG002_stats.tsv:md5,6792060ed9a0620ade38498cd4e4ccec"
                ],
                [
                    {
                        "id": "HG003",
                        "family_id": "FAM"
                    },
                    "HG003_stats.tsv:md5,96e7f98846c5d87dcfe834f8477cfc20"
                ]
            ],
            [
                [
                    {
                        "id": "HG002",
                        "family_id": "FAM"
                    },
                    "HG002_stats.gtf.gz:md5,3f4cf6d4493117801a988fdc593065c5"
                ],
                [
                    {
                        "id": "HG003",
                        "family_id": "FAM"
                    },
                    "HG003_stats.gtf.gz:md5,9b8a10621547261c2df2829292810768"
                ]
            ],
            [
                [
                    {
                        "id": "HG002",
                        "family_id": "FAM"
                    },
                    "HG002_stats.gtf.gz.tbi:md5,933f9fc7187546737fa664b160594cab"
                ],
                [
                    {
                        "id": "HG003",
                        "family_id": "FAM"
                    },
                    "HG003_stats.gtf.gz.tbi:md5,53b95c424365d917749c385648b58279"
                ]
            ],
            [
                [
                    {
                        "id": "HG002",
                        "family_id": "FAM"
                    },
                    "HG002_cramino_aligned_phased.arrow"
                ],
                [
                    {
                        "id": "HG003",
                        "family_id": "FAM"
                    },
                    "HG003_cramino_aligned_phased.arrow"
                ]
            ],
            [
                [
                    "File name\tHG002_haplotagged.bam",
                    "Number of alignments\t1092",
                    "% from total alignments\t97.62",
                    "Number of reads\t1066",
                    "Yield [Gb]\t0.02",
                    "Mean coverage\t0.74",
                    "Yield [Gb] (>25kb)\t0.00",
                    "N50\t17958",
                    "N75\t14738",
                    "Median length\t16105.50",
                    "Mean length\t16099.79",
                    "",
                    "Median identity\t99.74",
                    "Mean identity\t99.48",
                    "Modal identity\t99.9",
                    "",
                    "Fraction reads phased\t0.05",
                    "Number of phaseblocks\t2",
                    "Total bases phased [Gb]\t0.00",
                    "Median phaseblock length\t31399.00",
                    "N50 phaseblock length\t39847",
                    "",
                    "",
                    "",
                    "# Normalized read count per chromosome",
                    "",
                    "chr16\t11.96",
                    "chr17\t0.73",
                    "chr20\t0.28",
                    "chrM\t48.45",
                    "chrX\t1.00",
                    "",
                    "Path\tHG002_haplotagged.bam"
                ],
                [
                    "File name\tHG003_haplotagged.bam",
                    "Number of alignments\t697",
                    "% from total alignments\t98.85",
                    "Number of reads\t690",
                    "Yield [Gb]\t0.01",
                    "Mean coverage\t0.43",
                    "Yield [Gb] (>25kb)\t0.00",
                    "N50\t16761",
                    "N75\t13505",
                    "Median length\t14910.00",
                    "Mean length\t14820.88",
                    "",
                    "Median identity\t99.74",
                    "Mean identity\t99.55",
                    "Modal identity\t99.9",
                    "",
                    "Fraction reads phased\t0.14",
                    "Number of phaseblocks\t4",
                    "Total bases phased [Gb]\t0.00",
                    "Median phaseblock length\t37178.50",
                    "N50 phaseblock length\t43394",
                    "",
                    "",
                    "",
                    "# Normalized read count per chromosome",
                    "",
                    "chr16\t12.31",
                    "chr17\t0.73",
                    "chr20\t0.38",
                    "chrM\t6.34",
                    "chrX\t1.00",
                    "",
                    "Path\tHG003_haplotagged.bam"
                ]
            ]
        ],
        "timestamp": "2026-05-20T15:51:01.811448143",
        "meta": {
            "nf-test": "0.9.5",
            "nextflow": "26.02.0"
        }
    },
    "2 samples - SNVs only - stub": {
        "content": [
            {
                "0": [
                    [
                        {
                            "id": "HG002",
                            "family_id": "FAM"
                        },
                        "HG002_stats.tsv:md5,d41d8cd98f00b204e9800998ecf8427e"
                    ],
                    [
                        {
                            "id": "HG003",
                            "family_id": "FAM"
                        },
                        "HG003_stats.tsv:md5,d41d8cd98f00b204e9800998ecf8427e"
                    ]
                ],
                "1": [
                    [
                        {
                            "id": "HG002",
                            "family_id": "FAM"
                        },
                        "HG002_stats.gtf.gz:md5,68b329da9893e34099c7d8ad5cb9c940"
                    ],
                    [
                        {
                            "id": "HG003",
                            "family_id": "FAM"
                        },
                        "HG003_stats.gtf.gz:md5,68b329da9893e34099c7d8ad5cb9c940"
                    ]
                ],
                "2": [
                    [
                        {
                            "id": "HG002",
                            "family_id": "FAM"
                        },
                        "HG002_stats.gtf.gz.tbi:md5,d41d8cd98f00b204e9800998ecf8427e"
                    ],
                    [
                        {
                            "id": "HG003",
                            "family_id": "FAM"
                        },
                        "HG003_stats.gtf.gz.tbi:md5,d41d8cd98f00b204e9800998ecf8427e"
                    ]
                ],
                "3": [
                    [
                        {
                            "id": "HG002",
                            "family_id": "FAM"
                        },
                        "HG002_cramino_aligned_phased.txt:md5,d41d8cd98f00b204e9800998ecf8427e"
                    ],
                    [
                        {
                            "id": "HG003",
                            "family_id": "FAM"
                        },
                        "HG003_cramino_aligned_phased.txt:md5,d41d8cd98f00b204e9800998ecf8427e"
                    ]
                ],
                "4": [
                    [
                        {
                            "id": "HG002",
                            "family_id": "FAM"
                        },
                        "HG002_cramino_aligned_phased.arrow:md5,d41d8cd98f00b204e9800998ecf8427e"
                    ],
                    [
                        {
                            "id": "HG003",
                            "family_id": "FAM"
                        },
                        "HG003_cramino_aligned_phased.arrow:md5,d41d8cd98f00b204e9800998ecf8427e"
                    ]
                ],
                "haplotagging_arrow": [
                    [
                        {
                            "id": "HG002",
                            "family_id": "FAM"
                        },
                        "HG002_cramino_aligned_phased.arrow:md5,d41d8cd98f00b204e9800998ecf8427e"
                    ],
                    [
                        {
                            "id": "HG003",
                            "family_id": "FAM"
                        },
                        "HG003_cramino_aligned_phased.arrow:md5,d41d8cd98f00b204e9800998ecf8427e"
                    ]
                ],
                "haplotagging_stats": [
                    [
                        {
                            "id": "HG002",
                            "family_id": "FAM"
                        },
                        "HG002_cramino_aligned_phased.txt:md5,d41d8cd98f00b204e9800998ecf8427e"
                    ],
                    [
                        {
                            "id": "HG003",
                            "family_id": "FAM"
                        },
                        "HG003_cramino_aligned_phased.txt:md5,d41d8cd98f00b204e9800998ecf8427e"
                    ]
                ],
                "phasing_blocks": [
                    [
                        {
                            "id": "HG002",
                            "family_id": "FAM"
                        },
                        "HG002_stats.gtf.gz:md5,68b329da9893e34099c7d8ad5cb9c940"
                    ],
                    [
                        {
                            "id": "HG003",
                            "family_id": "FAM"
                        },
                        "HG003_stats.gtf.gz:md5,68b329da9893e34099c7d8ad5cb9c940"
                    ]
                ],
                "phasing_blocks_index": [
                    [
                        {
                            "id": "HG002",
                            "family_id": "FAM"
                        },
                        "HG002_stats.gtf.gz.tbi:md5,d41d8cd98f00b204e9800998ecf8427e"
                    ],
                    [
                        {
                            "id": "HG003",
                            "family_id": "FAM"
                        },
                        "HG003_stats.gtf.gz.tbi:md5,d41d8cd98f00b204e9800998ecf8427e"
                    ]
                ],
                "phasing_stats": [
                    [
                        {
                            "id": "HG002",
                            "family_id": "FAM"
                        },
                        "HG002_stats.tsv:md5,d41d8cd98f00b204e9800998ecf8427e"
                    ],
                    [
                        {
                            "id": "HG003",
                            "family_id": "FAM"
                        },
                        "HG003_stats.tsv:md5,d41d8cd98f00b204e9800998ecf8427e"
                    ]
                ]
            }
        ],
        "timestamp": "2026-04-30T11:36:29.718139109",
        "meta": {
            "nf-test": "0.9.5",
            "nextflow": "26.04.0"
        }
    }
}