{
    "1 sample - mitorsaw (Deepvariant/mitorsaw)": {
        "content": [
            [
                [
                    "mitochondrial_snv_vcf",
                    {
                        "id": "test"
                    },
                    "test_mitochondrial_snv.vcf.gz",
                    "VcfFile [chromosomes=[chrM], sampleCount=1, variantCount=18, phased=true, phasedAutodetect=true]",
                    "a94e33d65e5f349ac825fbaeba434ee4"
                ]
            ],
            [
                [
                    "mitochondrial_sv_vcf",
                    {
                        "id": "test"
                    },
                    "test_mitochondrial_sv.vcf.gz",
                    "VcfFile [chromosomes=[chrM], sampleCount=1, variantCount=1, phased=true, phasedAutodetect=false]",
                    "3564d26b4d771126a7aa64eacb4ed8b8"
                ]
            ]
        ],
        "timestamp": "2026-05-22T16:55:52.344617149",
        "meta": {
            "nf-test": "0.9.5",
            "nextflow": "26.02.0"
        }
    },
    "1 sample - deepvariant (Deepvariant/Deepvariant)": {
        "content": [
            [
                [
                    "mitochondrial_snv_vcf",
                    {
                        "id": "test",
                        "genome": "mitochondrial",
                        "num_intervals": 1
                    },
                    "test_chr22_chrM_mitochondrial_deepvariant.vcf.gz",
                    "VcfFile [chromosomes=[chrM], sampleCount=1, variantCount=15, phased=false, phasedAutodetect=false]",
                    "f2f3dc995906636c0fba2f9a2d71cbb5"
                ]
            ]
        ],
        "timestamp": "2026-05-25T14:44:34.267071571",
        "meta": {
            "nf-test": "0.9.5",
            "nextflow": "26.02.0"
        }
    }
}