{
    "1 sample - 1 bed, fasta, fai, bed": {
        "content": [
            {
                "0": [
                    [
                        {
                            "groupSize": 1,
                            "groupTarget": {
                                "id": "test",
                                "single_end": false,
                                "num_intervals": 1
                            }
                        },
                        "test_concat_vcf.vcf.gz_sorted.vcf.gz_norm.vcf.gz:md5,d8a35574801cfec345629770bfae2de7"
                    ]
                ],
                "1": [
                    [
                        {
                            "id": "multisample"
                        },
                        "multisample.bcf_filltags.vcf_norm.vcf.gz:md5,e6dd7f56772c154750e937d9a56baa6d"
                    ]
                ],
                "2": [
                    "versions.yml:md5,0ca81f5e441a48c6c650a07c7045ed34",
                    "versions.yml:md5,24d51016afc8125a2ef4f5ba42a07bab",
                    "versions.yml:md5,24d51016afc8125a2ef4f5ba42a07bab",
                    "versions.yml:md5,38fcec4389d89d9ebbdaa63f369600f6",
                    "versions.yml:md5,69acb554aff0d931eda1843a5aaa0b89",
                    "versions.yml:md5,cb16914849e7996a54a7125e36c96576",
                    "versions.yml:md5,dce103ef6b2f37c6844db8191418b9e6",
                    "versions.yml:md5,f0fdcc8697bb029a433cc4ba12f3c105",
                    "versions.yml:md5,f41077fceba2b7405542dfe054f2225a"
                ],
                "combined_bcf": [
                    [
                        {
                            "id": "multisample"
                        },
                        "multisample.bcf_filltags.vcf_norm.vcf.gz:md5,e6dd7f56772c154750e937d9a56baa6d"
                    ]
                ],
                "snp_calls_vcf": [
                    [
                        {
                            "groupSize": 1,
                            "groupTarget": {
                                "id": "test",
                                "single_end": false,
                                "num_intervals": 1
                            }
                        },
                        "test_concat_vcf.vcf.gz_sorted.vcf.gz_norm.vcf.gz:md5,d8a35574801cfec345629770bfae2de7"
                    ]
                ],
                "versions": [
                    "versions.yml:md5,0ca81f5e441a48c6c650a07c7045ed34",
                    "versions.yml:md5,24d51016afc8125a2ef4f5ba42a07bab",
                    "versions.yml:md5,24d51016afc8125a2ef4f5ba42a07bab",
                    "versions.yml:md5,38fcec4389d89d9ebbdaa63f369600f6",
                    "versions.yml:md5,69acb554aff0d931eda1843a5aaa0b89",
                    "versions.yml:md5,cb16914849e7996a54a7125e36c96576",
                    "versions.yml:md5,dce103ef6b2f37c6844db8191418b9e6",
                    "versions.yml:md5,f0fdcc8697bb029a433cc4ba12f3c105",
                    "versions.yml:md5,f41077fceba2b7405542dfe054f2225a"
                ]
            }
        ],
        "meta": {
            "nf-test": "0.8.4",
            "nextflow": "24.04.2"
        },
        "timestamp": "2024-07-09T10:29:10.729557028"
    },
    "2 samples - 2 bed, fasta, fai, bed": {
        "content": [
            {
                "0": [
                    [
                        {
                            "groupSize": 2,
                            "groupTarget": {
                                "id": "test",
                                "single_end": false,
                                "num_intervals": 2
                            }
                        },
                        "test_concat_vcf.vcf.gz_sorted.vcf.gz_norm.vcf.gz:md5,d8a35574801cfec345629770bfae2de7"
                    ],
                    [
                        {
                            "groupSize": 2,
                            "groupTarget": {
                                "id": "test2",
                                "single_end": false,
                                "num_intervals": 2
                            }
                        },
                        "test2_concat_vcf.vcf.gz_sorted.vcf.gz_norm.vcf.gz:md5,0ce965213b3c4fa10f5e855e0254cc0e"
                    ]
                ],
                "1": [
                    [
                        {
                            "id": "multisample"
                        },
                        "multisample.bcf_filltags.vcf_norm.vcf.gz:md5,7533ee89ae115f8f78ac26d29efc78d3"
                    ]
                ],
                "2": [
                    "versions.yml:md5,0ca81f5e441a48c6c650a07c7045ed34",
                    "versions.yml:md5,24d51016afc8125a2ef4f5ba42a07bab",
                    "versions.yml:md5,24d51016afc8125a2ef4f5ba42a07bab",
                    "versions.yml:md5,24d51016afc8125a2ef4f5ba42a07bab",
                    "versions.yml:md5,38fcec4389d89d9ebbdaa63f369600f6",
                    "versions.yml:md5,38fcec4389d89d9ebbdaa63f369600f6",
                    "versions.yml:md5,38fcec4389d89d9ebbdaa63f369600f6",
                    "versions.yml:md5,38fcec4389d89d9ebbdaa63f369600f6",
                    "versions.yml:md5,69acb554aff0d931eda1843a5aaa0b89",
                    "versions.yml:md5,69acb554aff0d931eda1843a5aaa0b89",
                    "versions.yml:md5,cb16914849e7996a54a7125e36c96576",
                    "versions.yml:md5,cb16914849e7996a54a7125e36c96576",
                    "versions.yml:md5,dce103ef6b2f37c6844db8191418b9e6",
                    "versions.yml:md5,f0fdcc8697bb029a433cc4ba12f3c105",
                    "versions.yml:md5,f0fdcc8697bb029a433cc4ba12f3c105",
                    "versions.yml:md5,f41077fceba2b7405542dfe054f2225a",
                    "versions.yml:md5,f41077fceba2b7405542dfe054f2225a"
                ],
                "combined_bcf": [
                    [
                        {
                            "id": "multisample"
                        },
                        "multisample.bcf_filltags.vcf_norm.vcf.gz:md5,7533ee89ae115f8f78ac26d29efc78d3"
                    ]
                ],
                "snp_calls_vcf": [
                    [
                        {
                            "groupSize": 2,
                            "groupTarget": {
                                "id": "test",
                                "single_end": false,
                                "num_intervals": 2
                            }
                        },
                        "test_concat_vcf.vcf.gz_sorted.vcf.gz_norm.vcf.gz:md5,d8a35574801cfec345629770bfae2de7"
                    ],
                    [
                        {
                            "groupSize": 2,
                            "groupTarget": {
                                "id": "test2",
                                "single_end": false,
                                "num_intervals": 2
                            }
                        },
                        "test2_concat_vcf.vcf.gz_sorted.vcf.gz_norm.vcf.gz:md5,0ce965213b3c4fa10f5e855e0254cc0e"
                    ]
                ],
                "versions": [
                    "versions.yml:md5,0ca81f5e441a48c6c650a07c7045ed34",
                    "versions.yml:md5,24d51016afc8125a2ef4f5ba42a07bab",
                    "versions.yml:md5,24d51016afc8125a2ef4f5ba42a07bab",
                    "versions.yml:md5,24d51016afc8125a2ef4f5ba42a07bab",
                    "versions.yml:md5,38fcec4389d89d9ebbdaa63f369600f6",
                    "versions.yml:md5,38fcec4389d89d9ebbdaa63f369600f6",
                    "versions.yml:md5,38fcec4389d89d9ebbdaa63f369600f6",
                    "versions.yml:md5,38fcec4389d89d9ebbdaa63f369600f6",
                    "versions.yml:md5,69acb554aff0d931eda1843a5aaa0b89",
                    "versions.yml:md5,69acb554aff0d931eda1843a5aaa0b89",
                    "versions.yml:md5,cb16914849e7996a54a7125e36c96576",
                    "versions.yml:md5,cb16914849e7996a54a7125e36c96576",
                    "versions.yml:md5,dce103ef6b2f37c6844db8191418b9e6",
                    "versions.yml:md5,f0fdcc8697bb029a433cc4ba12f3c105",
                    "versions.yml:md5,f0fdcc8697bb029a433cc4ba12f3c105",
                    "versions.yml:md5,f41077fceba2b7405542dfe054f2225a",
                    "versions.yml:md5,f41077fceba2b7405542dfe054f2225a"
                ]
            }
        ],
        "meta": {
            "nf-test": "0.8.4",
            "nextflow": "24.04.2"
        },
        "timestamp": "2024-07-09T10:30:10.877500719"
    },
    "2 samples - 2 bed, fasta, fai, bed - stub": {
        "content": [
            {
                "0": [
                    [
                        {
                            "groupSize": 2,
                            "groupTarget": {
                                "id": "test",
                                "single_end": false,
                                "num_intervals": 2
                            }
                        },
                        "test_concat_vcf.vcf.gz_sorted.vcf.gz_norm.vcf.gz:md5,68b329da9893e34099c7d8ad5cb9c940"
                    ],
                    [
                        {
                            "groupSize": 2,
                            "groupTarget": {
                                "id": "test2",
                                "single_end": false,
                                "num_intervals": 2
                            }
                        },
                        "test2_concat_vcf.vcf.gz_sorted.vcf.gz_norm.vcf.gz:md5,68b329da9893e34099c7d8ad5cb9c940"
                    ]
                ],
                "1": [
                    [
                        {
                            "id": "multisample"
                        },
                        "multisample.bcf_filltags.vcf_norm.vcf.gz:md5,68b329da9893e34099c7d8ad5cb9c940"
                    ]
                ],
                "2": [
                    "versions.yml:md5,0ca81f5e441a48c6c650a07c7045ed34",
                    "versions.yml:md5,24d51016afc8125a2ef4f5ba42a07bab",
                    "versions.yml:md5,24d51016afc8125a2ef4f5ba42a07bab",
                    "versions.yml:md5,24d51016afc8125a2ef4f5ba42a07bab",
                    "versions.yml:md5,38fcec4389d89d9ebbdaa63f369600f6",
                    "versions.yml:md5,38fcec4389d89d9ebbdaa63f369600f6",
                    "versions.yml:md5,38fcec4389d89d9ebbdaa63f369600f6",
                    "versions.yml:md5,38fcec4389d89d9ebbdaa63f369600f6",
                    "versions.yml:md5,69acb554aff0d931eda1843a5aaa0b89",
                    "versions.yml:md5,69acb554aff0d931eda1843a5aaa0b89",
                    "versions.yml:md5,cb16914849e7996a54a7125e36c96576",
                    "versions.yml:md5,cb16914849e7996a54a7125e36c96576",
                    "versions.yml:md5,dce103ef6b2f37c6844db8191418b9e6",
                    "versions.yml:md5,f0fdcc8697bb029a433cc4ba12f3c105",
                    "versions.yml:md5,f0fdcc8697bb029a433cc4ba12f3c105",
                    "versions.yml:md5,f41077fceba2b7405542dfe054f2225a",
                    "versions.yml:md5,f41077fceba2b7405542dfe054f2225a"
                ],
                "combined_bcf": [
                    [
                        {
                            "id": "multisample"
                        },
                        "multisample.bcf_filltags.vcf_norm.vcf.gz:md5,68b329da9893e34099c7d8ad5cb9c940"
                    ]
                ],
                "snp_calls_vcf": [
                    [
                        {
                            "groupSize": 2,
                            "groupTarget": {
                                "id": "test",
                                "single_end": false,
                                "num_intervals": 2
                            }
                        },
                        "test_concat_vcf.vcf.gz_sorted.vcf.gz_norm.vcf.gz:md5,68b329da9893e34099c7d8ad5cb9c940"
                    ],
                    [
                        {
                            "groupSize": 2,
                            "groupTarget": {
                                "id": "test2",
                                "single_end": false,
                                "num_intervals": 2
                            }
                        },
                        "test2_concat_vcf.vcf.gz_sorted.vcf.gz_norm.vcf.gz:md5,68b329da9893e34099c7d8ad5cb9c940"
                    ]
                ],
                "versions": [
                    "versions.yml:md5,0ca81f5e441a48c6c650a07c7045ed34",
                    "versions.yml:md5,24d51016afc8125a2ef4f5ba42a07bab",
                    "versions.yml:md5,24d51016afc8125a2ef4f5ba42a07bab",
                    "versions.yml:md5,24d51016afc8125a2ef4f5ba42a07bab",
                    "versions.yml:md5,38fcec4389d89d9ebbdaa63f369600f6",
                    "versions.yml:md5,38fcec4389d89d9ebbdaa63f369600f6",
                    "versions.yml:md5,38fcec4389d89d9ebbdaa63f369600f6",
                    "versions.yml:md5,38fcec4389d89d9ebbdaa63f369600f6",
                    "versions.yml:md5,69acb554aff0d931eda1843a5aaa0b89",
                    "versions.yml:md5,69acb554aff0d931eda1843a5aaa0b89",
                    "versions.yml:md5,cb16914849e7996a54a7125e36c96576",
                    "versions.yml:md5,cb16914849e7996a54a7125e36c96576",
                    "versions.yml:md5,dce103ef6b2f37c6844db8191418b9e6",
                    "versions.yml:md5,f0fdcc8697bb029a433cc4ba12f3c105",
                    "versions.yml:md5,f0fdcc8697bb029a433cc4ba12f3c105",
                    "versions.yml:md5,f41077fceba2b7405542dfe054f2225a",
                    "versions.yml:md5,f41077fceba2b7405542dfe054f2225a"
                ]
            }
        ],
        "meta": {
            "nf-test": "0.8.4",
            "nextflow": "24.04.2"
        },
        "timestamp": "2024-07-09T10:31:21.98395322"
    },
    "1 sample - no bed, fasta, fai, []": {
        "content": [
            {
                "0": [
                    [
                        {
                            "groupSize": 1,
                            "groupTarget": {
                                "id": "test",
                                "single_end": false,
                                "num_intervals": 1
                            }
                        },
                        "test_concat_vcf.vcf.gz_sorted.vcf.gz_norm.vcf.gz:md5,d8a35574801cfec345629770bfae2de7"
                    ]
                ],
                "1": [
                    [
                        {
                            "id": "multisample"
                        },
                        "multisample.bcf_filltags.vcf_norm.vcf.gz:md5,e6dd7f56772c154750e937d9a56baa6d"
                    ]
                ],
                "2": [
                    "versions.yml:md5,0ca81f5e441a48c6c650a07c7045ed34",
                    "versions.yml:md5,24d51016afc8125a2ef4f5ba42a07bab",
                    "versions.yml:md5,24d51016afc8125a2ef4f5ba42a07bab",
                    "versions.yml:md5,38fcec4389d89d9ebbdaa63f369600f6",
                    "versions.yml:md5,69acb554aff0d931eda1843a5aaa0b89",
                    "versions.yml:md5,cb16914849e7996a54a7125e36c96576",
                    "versions.yml:md5,dce103ef6b2f37c6844db8191418b9e6",
                    "versions.yml:md5,f0fdcc8697bb029a433cc4ba12f3c105",
                    "versions.yml:md5,f41077fceba2b7405542dfe054f2225a"
                ],
                "combined_bcf": [
                    [
                        {
                            "id": "multisample"
                        },
                        "multisample.bcf_filltags.vcf_norm.vcf.gz:md5,e6dd7f56772c154750e937d9a56baa6d"
                    ]
                ],
                "snp_calls_vcf": [
                    [
                        {
                            "groupSize": 1,
                            "groupTarget": {
                                "id": "test",
                                "single_end": false,
                                "num_intervals": 1
                            }
                        },
                        "test_concat_vcf.vcf.gz_sorted.vcf.gz_norm.vcf.gz:md5,d8a35574801cfec345629770bfae2de7"
                    ]
                ],
                "versions": [
                    "versions.yml:md5,0ca81f5e441a48c6c650a07c7045ed34",
                    "versions.yml:md5,24d51016afc8125a2ef4f5ba42a07bab",
                    "versions.yml:md5,24d51016afc8125a2ef4f5ba42a07bab",
                    "versions.yml:md5,38fcec4389d89d9ebbdaa63f369600f6",
                    "versions.yml:md5,69acb554aff0d931eda1843a5aaa0b89",
                    "versions.yml:md5,cb16914849e7996a54a7125e36c96576",
                    "versions.yml:md5,dce103ef6b2f37c6844db8191418b9e6",
                    "versions.yml:md5,f0fdcc8697bb029a433cc4ba12f3c105",
                    "versions.yml:md5,f41077fceba2b7405542dfe054f2225a"
                ]
            }
        ],
        "meta": {
            "nf-test": "0.8.4",
            "nextflow": "24.04.2"
        },
        "timestamp": "2024-07-09T10:28:14.653170339"
    },
    "1 sample - 1 bed, fasta, fai, []": {
        "content": [
            {
                "0": [
                    [
                        {
                            "groupSize": 1,
                            "groupTarget": {
                                "id": "test",
                                "single_end": false,
                                "num_intervals": 1
                            }
                        },
                        "test_concat_vcf.vcf.gz_sorted.vcf.gz_norm.vcf.gz:md5,d8a35574801cfec345629770bfae2de7"
                    ]
                ],
                "1": [
                    [
                        {
                            "id": "multisample"
                        },
                        "multisample.bcf_filltags.vcf_norm.vcf.gz:md5,e6dd7f56772c154750e937d9a56baa6d"
                    ]
                ],
                "2": [
                    "versions.yml:md5,0ca81f5e441a48c6c650a07c7045ed34",
                    "versions.yml:md5,24d51016afc8125a2ef4f5ba42a07bab",
                    "versions.yml:md5,24d51016afc8125a2ef4f5ba42a07bab",
                    "versions.yml:md5,38fcec4389d89d9ebbdaa63f369600f6",
                    "versions.yml:md5,69acb554aff0d931eda1843a5aaa0b89",
                    "versions.yml:md5,cb16914849e7996a54a7125e36c96576",
                    "versions.yml:md5,dce103ef6b2f37c6844db8191418b9e6",
                    "versions.yml:md5,f0fdcc8697bb029a433cc4ba12f3c105",
                    "versions.yml:md5,f41077fceba2b7405542dfe054f2225a"
                ],
                "combined_bcf": [
                    [
                        {
                            "id": "multisample"
                        },
                        "multisample.bcf_filltags.vcf_norm.vcf.gz:md5,e6dd7f56772c154750e937d9a56baa6d"
                    ]
                ],
                "snp_calls_vcf": [
                    [
                        {
                            "groupSize": 1,
                            "groupTarget": {
                                "id": "test",
                                "single_end": false,
                                "num_intervals": 1
                            }
                        },
                        "test_concat_vcf.vcf.gz_sorted.vcf.gz_norm.vcf.gz:md5,d8a35574801cfec345629770bfae2de7"
                    ]
                ],
                "versions": [
                    "versions.yml:md5,0ca81f5e441a48c6c650a07c7045ed34",
                    "versions.yml:md5,24d51016afc8125a2ef4f5ba42a07bab",
                    "versions.yml:md5,24d51016afc8125a2ef4f5ba42a07bab",
                    "versions.yml:md5,38fcec4389d89d9ebbdaa63f369600f6",
                    "versions.yml:md5,69acb554aff0d931eda1843a5aaa0b89",
                    "versions.yml:md5,cb16914849e7996a54a7125e36c96576",
                    "versions.yml:md5,dce103ef6b2f37c6844db8191418b9e6",
                    "versions.yml:md5,f0fdcc8697bb029a433cc4ba12f3c105",
                    "versions.yml:md5,f41077fceba2b7405542dfe054f2225a"
                ]
            }
        ],
        "meta": {
            "nf-test": "0.8.4",
            "nextflow": "24.04.2"
        },
        "timestamp": "2024-07-09T10:28:42.40137919"
    },
    "1 sample - 1 bed, fasta, fai, [] - stub": {
        "content": [
            {
                "0": [
                    [
                        {
                            "groupSize": 1,
                            "groupTarget": {
                                "id": "test",
                                "single_end": false,
                                "num_intervals": 1
                            }
                        },
                        "test_concat_vcf.vcf.gz_sorted.vcf.gz_norm.vcf.gz:md5,68b329da9893e34099c7d8ad5cb9c940"
                    ]
                ],
                "1": [
                    [
                        {
                            "id": "multisample"
                        },
                        "multisample.bcf_filltags.vcf_norm.vcf.gz:md5,68b329da9893e34099c7d8ad5cb9c940"
                    ]
                ],
                "2": [
                    "versions.yml:md5,0ca81f5e441a48c6c650a07c7045ed34",
                    "versions.yml:md5,24d51016afc8125a2ef4f5ba42a07bab",
                    "versions.yml:md5,24d51016afc8125a2ef4f5ba42a07bab",
                    "versions.yml:md5,38fcec4389d89d9ebbdaa63f369600f6",
                    "versions.yml:md5,69acb554aff0d931eda1843a5aaa0b89",
                    "versions.yml:md5,cb16914849e7996a54a7125e36c96576",
                    "versions.yml:md5,dce103ef6b2f37c6844db8191418b9e6",
                    "versions.yml:md5,f0fdcc8697bb029a433cc4ba12f3c105",
                    "versions.yml:md5,f41077fceba2b7405542dfe054f2225a"
                ],
                "combined_bcf": [
                    [
                        {
                            "id": "multisample"
                        },
                        "multisample.bcf_filltags.vcf_norm.vcf.gz:md5,68b329da9893e34099c7d8ad5cb9c940"
                    ]
                ],
                "snp_calls_vcf": [
                    [
                        {
                            "groupSize": 1,
                            "groupTarget": {
                                "id": "test",
                                "single_end": false,
                                "num_intervals": 1
                            }
                        },
                        "test_concat_vcf.vcf.gz_sorted.vcf.gz_norm.vcf.gz:md5,68b329da9893e34099c7d8ad5cb9c940"
                    ]
                ],
                "versions": [
                    "versions.yml:md5,0ca81f5e441a48c6c650a07c7045ed34",
                    "versions.yml:md5,24d51016afc8125a2ef4f5ba42a07bab",
                    "versions.yml:md5,24d51016afc8125a2ef4f5ba42a07bab",
                    "versions.yml:md5,38fcec4389d89d9ebbdaa63f369600f6",
                    "versions.yml:md5,69acb554aff0d931eda1843a5aaa0b89",
                    "versions.yml:md5,cb16914849e7996a54a7125e36c96576",
                    "versions.yml:md5,dce103ef6b2f37c6844db8191418b9e6",
                    "versions.yml:md5,f0fdcc8697bb029a433cc4ba12f3c105",
                    "versions.yml:md5,f41077fceba2b7405542dfe054f2225a"
                ]
            }
        ],
        "meta": {
            "nf-test": "0.8.4",
            "nextflow": "24.04.2"
        },
        "timestamp": "2024-07-09T10:30:38.524691442"
    },
    "1 sample - 1 bed, fasta, fai, bed - stub": {
        "content": [
            {
                "0": [
                    [
                        {
                            "groupSize": 1,
                            "groupTarget": {
                                "id": "test",
                                "single_end": false,
                                "num_intervals": 1
                            }
                        },
                        "test_concat_vcf.vcf.gz_sorted.vcf.gz_norm.vcf.gz:md5,68b329da9893e34099c7d8ad5cb9c940"
                    ]
                ],
                "1": [
                    [
                        {
                            "id": "multisample"
                        },
                        "multisample.bcf_filltags.vcf_norm.vcf.gz:md5,68b329da9893e34099c7d8ad5cb9c940"
                    ]
                ],
                "2": [
                    "versions.yml:md5,0ca81f5e441a48c6c650a07c7045ed34",
                    "versions.yml:md5,24d51016afc8125a2ef4f5ba42a07bab",
                    "versions.yml:md5,24d51016afc8125a2ef4f5ba42a07bab",
                    "versions.yml:md5,38fcec4389d89d9ebbdaa63f369600f6",
                    "versions.yml:md5,69acb554aff0d931eda1843a5aaa0b89",
                    "versions.yml:md5,cb16914849e7996a54a7125e36c96576",
                    "versions.yml:md5,dce103ef6b2f37c6844db8191418b9e6",
                    "versions.yml:md5,f0fdcc8697bb029a433cc4ba12f3c105",
                    "versions.yml:md5,f41077fceba2b7405542dfe054f2225a"
                ],
                "combined_bcf": [
                    [
                        {
                            "id": "multisample"
                        },
                        "multisample.bcf_filltags.vcf_norm.vcf.gz:md5,68b329da9893e34099c7d8ad5cb9c940"
                    ]
                ],
                "snp_calls_vcf": [
                    [
                        {
                            "groupSize": 1,
                            "groupTarget": {
                                "id": "test",
                                "single_end": false,
                                "num_intervals": 1
                            }
                        },
                        "test_concat_vcf.vcf.gz_sorted.vcf.gz_norm.vcf.gz:md5,68b329da9893e34099c7d8ad5cb9c940"
                    ]
                ],
                "versions": [
                    "versions.yml:md5,0ca81f5e441a48c6c650a07c7045ed34",
                    "versions.yml:md5,24d51016afc8125a2ef4f5ba42a07bab",
                    "versions.yml:md5,24d51016afc8125a2ef4f5ba42a07bab",
                    "versions.yml:md5,38fcec4389d89d9ebbdaa63f369600f6",
                    "versions.yml:md5,69acb554aff0d931eda1843a5aaa0b89",
                    "versions.yml:md5,cb16914849e7996a54a7125e36c96576",
                    "versions.yml:md5,dce103ef6b2f37c6844db8191418b9e6",
                    "versions.yml:md5,f0fdcc8697bb029a433cc4ba12f3c105",
                    "versions.yml:md5,f41077fceba2b7405542dfe054f2225a"
                ]
            }
        ],
        "meta": {
            "nf-test": "0.8.4",
            "nextflow": "24.04.2"
        },
        "timestamp": "2024-07-09T10:30:52.165160713"
    },
    "1 sample - no bed, fasta, fai, [] - stub": {
        "content": [
            {
                "0": [
                    [
                        {
                            "groupSize": 1,
                            "groupTarget": {
                                "id": "test",
                                "single_end": false,
                                "num_intervals": 1
                            }
                        },
                        "test_concat_vcf.vcf.gz_sorted.vcf.gz_norm.vcf.gz:md5,68b329da9893e34099c7d8ad5cb9c940"
                    ]
                ],
                "1": [
                    [
                        {
                            "id": "multisample"
                        },
                        "multisample.bcf_filltags.vcf_norm.vcf.gz:md5,68b329da9893e34099c7d8ad5cb9c940"
                    ]
                ],
                "2": [
                    "versions.yml:md5,0ca81f5e441a48c6c650a07c7045ed34",
                    "versions.yml:md5,24d51016afc8125a2ef4f5ba42a07bab",
                    "versions.yml:md5,24d51016afc8125a2ef4f5ba42a07bab",
                    "versions.yml:md5,38fcec4389d89d9ebbdaa63f369600f6",
                    "versions.yml:md5,69acb554aff0d931eda1843a5aaa0b89",
                    "versions.yml:md5,cb16914849e7996a54a7125e36c96576",
                    "versions.yml:md5,dce103ef6b2f37c6844db8191418b9e6",
                    "versions.yml:md5,f0fdcc8697bb029a433cc4ba12f3c105",
                    "versions.yml:md5,f41077fceba2b7405542dfe054f2225a"
                ],
                "combined_bcf": [
                    [
                        {
                            "id": "multisample"
                        },
                        "multisample.bcf_filltags.vcf_norm.vcf.gz:md5,68b329da9893e34099c7d8ad5cb9c940"
                    ]
                ],
                "snp_calls_vcf": [
                    [
                        {
                            "groupSize": 1,
                            "groupTarget": {
                                "id": "test",
                                "single_end": false,
                                "num_intervals": 1
                            }
                        },
                        "test_concat_vcf.vcf.gz_sorted.vcf.gz_norm.vcf.gz:md5,68b329da9893e34099c7d8ad5cb9c940"
                    ]
                ],
                "versions": [
                    "versions.yml:md5,0ca81f5e441a48c6c650a07c7045ed34",
                    "versions.yml:md5,24d51016afc8125a2ef4f5ba42a07bab",
                    "versions.yml:md5,24d51016afc8125a2ef4f5ba42a07bab",
                    "versions.yml:md5,38fcec4389d89d9ebbdaa63f369600f6",
                    "versions.yml:md5,69acb554aff0d931eda1843a5aaa0b89",
                    "versions.yml:md5,cb16914849e7996a54a7125e36c96576",
                    "versions.yml:md5,dce103ef6b2f37c6844db8191418b9e6",
                    "versions.yml:md5,f0fdcc8697bb029a433cc4ba12f3c105",
                    "versions.yml:md5,f41077fceba2b7405542dfe054f2225a"
                ]
            }
        ],
        "meta": {
            "nf-test": "0.8.4",
            "nextflow": "24.04.2"
        },
        "timestamp": "2024-07-09T10:30:24.798419501"
    },
    "1 sample - 2 bed, fasta, fai, bed": {
        "content": [
            {
                "0": [
                    [
                        {
                            "groupSize": 2,
                            "groupTarget": {
                                "id": "test",
                                "single_end": false,
                                "num_intervals": 2
                            }
                        },
                        "test_concat_vcf.vcf.gz_sorted.vcf.gz_norm.vcf.gz:md5,d8a35574801cfec345629770bfae2de7"
                    ]
                ],
                "1": [
                    [
                        {
                            "id": "multisample"
                        },
                        "multisample.bcf_filltags.vcf_norm.vcf.gz:md5,e6dd7f56772c154750e937d9a56baa6d"
                    ]
                ],
                "2": [
                    "versions.yml:md5,0ca81f5e441a48c6c650a07c7045ed34",
                    "versions.yml:md5,24d51016afc8125a2ef4f5ba42a07bab",
                    "versions.yml:md5,24d51016afc8125a2ef4f5ba42a07bab",
                    "versions.yml:md5,38fcec4389d89d9ebbdaa63f369600f6",
                    "versions.yml:md5,38fcec4389d89d9ebbdaa63f369600f6",
                    "versions.yml:md5,69acb554aff0d931eda1843a5aaa0b89",
                    "versions.yml:md5,cb16914849e7996a54a7125e36c96576",
                    "versions.yml:md5,dce103ef6b2f37c6844db8191418b9e6",
                    "versions.yml:md5,f0fdcc8697bb029a433cc4ba12f3c105",
                    "versions.yml:md5,f41077fceba2b7405542dfe054f2225a"
                ],
                "combined_bcf": [
                    [
                        {
                            "id": "multisample"
                        },
                        "multisample.bcf_filltags.vcf_norm.vcf.gz:md5,e6dd7f56772c154750e937d9a56baa6d"
                    ]
                ],
                "snp_calls_vcf": [
                    [
                        {
                            "groupSize": 2,
                            "groupTarget": {
                                "id": "test",
                                "single_end": false,
                                "num_intervals": 2
                            }
                        },
                        "test_concat_vcf.vcf.gz_sorted.vcf.gz_norm.vcf.gz:md5,d8a35574801cfec345629770bfae2de7"
                    ]
                ],
                "versions": [
                    "versions.yml:md5,0ca81f5e441a48c6c650a07c7045ed34",
                    "versions.yml:md5,24d51016afc8125a2ef4f5ba42a07bab",
                    "versions.yml:md5,24d51016afc8125a2ef4f5ba42a07bab",
                    "versions.yml:md5,38fcec4389d89d9ebbdaa63f369600f6",
                    "versions.yml:md5,38fcec4389d89d9ebbdaa63f369600f6",
                    "versions.yml:md5,69acb554aff0d931eda1843a5aaa0b89",
                    "versions.yml:md5,cb16914849e7996a54a7125e36c96576",
                    "versions.yml:md5,dce103ef6b2f37c6844db8191418b9e6",
                    "versions.yml:md5,f0fdcc8697bb029a433cc4ba12f3c105",
                    "versions.yml:md5,f41077fceba2b7405542dfe054f2225a"
                ]
            }
        ],
        "meta": {
            "nf-test": "0.8.4",
            "nextflow": "24.04.2"
        },
        "timestamp": "2024-07-09T10:29:39.514444102"
    },
    "1 sample - 2 bed, fasta, fai, bed - stub": {
        "content": [
            {
                "0": [
                    [
                        {
                            "groupSize": 2,
                            "groupTarget": {
                                "id": "test",
                                "single_end": false,
                                "num_intervals": 2
                            }
                        },
                        "test_concat_vcf.vcf.gz_sorted.vcf.gz_norm.vcf.gz:md5,68b329da9893e34099c7d8ad5cb9c940"
                    ]
                ],
                "1": [
                    [
                        {
                            "id": "multisample"
                        },
                        "multisample.bcf_filltags.vcf_norm.vcf.gz:md5,68b329da9893e34099c7d8ad5cb9c940"
                    ]
                ],
                "2": [
                    "versions.yml:md5,0ca81f5e441a48c6c650a07c7045ed34",
                    "versions.yml:md5,24d51016afc8125a2ef4f5ba42a07bab",
                    "versions.yml:md5,24d51016afc8125a2ef4f5ba42a07bab",
                    "versions.yml:md5,38fcec4389d89d9ebbdaa63f369600f6",
                    "versions.yml:md5,38fcec4389d89d9ebbdaa63f369600f6",
                    "versions.yml:md5,69acb554aff0d931eda1843a5aaa0b89",
                    "versions.yml:md5,cb16914849e7996a54a7125e36c96576",
                    "versions.yml:md5,dce103ef6b2f37c6844db8191418b9e6",
                    "versions.yml:md5,f0fdcc8697bb029a433cc4ba12f3c105",
                    "versions.yml:md5,f41077fceba2b7405542dfe054f2225a"
                ],
                "combined_bcf": [
                    [
                        {
                            "id": "multisample"
                        },
                        "multisample.bcf_filltags.vcf_norm.vcf.gz:md5,68b329da9893e34099c7d8ad5cb9c940"
                    ]
                ],
                "snp_calls_vcf": [
                    [
                        {
                            "groupSize": 2,
                            "groupTarget": {
                                "id": "test",
                                "single_end": false,
                                "num_intervals": 2
                            }
                        },
                        "test_concat_vcf.vcf.gz_sorted.vcf.gz_norm.vcf.gz:md5,68b329da9893e34099c7d8ad5cb9c940"
                    ]
                ],
                "versions": [
                    "versions.yml:md5,0ca81f5e441a48c6c650a07c7045ed34",
                    "versions.yml:md5,24d51016afc8125a2ef4f5ba42a07bab",
                    "versions.yml:md5,24d51016afc8125a2ef4f5ba42a07bab",
                    "versions.yml:md5,38fcec4389d89d9ebbdaa63f369600f6",
                    "versions.yml:md5,38fcec4389d89d9ebbdaa63f369600f6",
                    "versions.yml:md5,69acb554aff0d931eda1843a5aaa0b89",
                    "versions.yml:md5,cb16914849e7996a54a7125e36c96576",
                    "versions.yml:md5,dce103ef6b2f37c6844db8191418b9e6",
                    "versions.yml:md5,f0fdcc8697bb029a433cc4ba12f3c105",
                    "versions.yml:md5,f41077fceba2b7405542dfe054f2225a"
                ]
            }
        ],
        "meta": {
            "nf-test": "0.8.4",
            "nextflow": "24.04.2"
        },
        "timestamp": "2024-07-09T10:31:06.329803329"
    }
}