{
    "bam - stub": {
        "content": [
            {
                "0": [
                    [
                        {
                            "id": "hg38"
                        },
                        "hg38.bam:md5,d41d8cd98f00b204e9800998ecf8427e"
                    ]
                ],
                "1": [
                    [
                        {
                            "id": "hg38"
                        },
                        "hg38.bai:md5,d41d8cd98f00b204e9800998ecf8427e"
                    ]
                ],
                "2": [
                    
                ],
                "3": [
                    
                ],
                "bai": [
                    [
                        {
                            "id": "hg38"
                        },
                        "hg38_filtered.bam.bai:md5,d41d8cd98f00b204e9800998ecf8427e"
                    ]
                ],
                "bam": [
                    [
                        {
                            "id": "hg38"
                        },
                        "hg38_filtered.bam:md5,d41d8cd98f00b204e9800998ecf8427e"
                    ]
                ],
                "crai": [
                    
                ],
                "cram": [
                    
                ]
            }
        ],
        "timestamp": "2026-07-10T14:58:07.965712798",
        "meta": {
            "nf-test": "0.9.5",
            "nextflow": "26.06.0"
        }
    },
    "bam": {
        "content": [
            {
                "maxReadLength": 95503,
                "minReadLength": 0,
                "meanReadLength": 2065,
                "maxQuality": 60,
                "minQuality": 0,
                "meanQuality": 23,
                "readCount": 466,
                "duplicateReadCount": 0,
                "sorted": true
            },
            "hg38.bam.bai"
        ],
        "timestamp": "2026-06-24T13:22:03.363056258",
        "meta": {
            "nf-test": "0.9.4",
            "nextflow": "25.10.4"
        }
    }
}